Archive member included to satisfy reference by file (symbol)

D:/gcc-arm/14.3 rel1/bin/../lib/gcc/arm-none-eabi/14.3.1/../../../../arm-none-eabi/lib/thumb/v7-m/nofp\libc_nano.a(libc_a-exit.o)
                              D:/gcc-arm/14.3 rel1/bin/../lib/gcc/arm-none-eabi/14.3.1/../../../../arm-none-eabi/lib/thumb/v7-m/nofp/crt0.o (exit)
D:/gcc-arm/14.3 rel1/bin/../lib/gcc/arm-none-eabi/14.3.1/../../../../arm-none-eabi/lib/thumb/v7-m/nofp\libc_nano.a(libc_a-nano-vfprintf_float.o)
                              (_printf_float)
D:/gcc-arm/14.3 rel1/bin/../lib/gcc/arm-none-eabi/14.3.1/../../../../arm-none-eabi/lib/thumb/v7-m/nofp\libc_nano.a(libc_a-nano-vfprintf_i.o)
                              D:/gcc-arm/14.3 rel1/bin/../lib/gcc/arm-none-eabi/14.3.1/../../../../arm-none-eabi/lib/thumb/v7-m/nofp\libc_nano.a(libc_a-nano-vfprintf_float.o) (_printf_common)
D:/gcc-arm/14.3 rel1/bin/../lib/gcc/arm-none-eabi/14.3.1/../../../../arm-none-eabi/lib/thumb/v7-m/nofp\libc_nano.a(libc_a-nano-vfscanf_float.o)
                              (_scanf_float)
D:/gcc-arm/14.3 rel1/bin/../lib/gcc/arm-none-eabi/14.3.1/../../../../arm-none-eabi/lib/thumb/v7-m/nofp\libc_nano.a(libc_a-findfp.o)
                              D:/gcc-arm/14.3 rel1/bin/../lib/gcc/arm-none-eabi/14.3.1/../../../../arm-none-eabi/lib/thumb/v7-m/nofp\libc_nano.a(libc_a-exit.o) (__stdio_exit_handler)
D:/gcc-arm/14.3 rel1/bin/../lib/gcc/arm-none-eabi/14.3.1/../../../../arm-none-eabi/lib/thumb/v7-m/nofp\libc_nano.a(libc_a-fwalk.o)
                              D:/gcc-arm/14.3 rel1/bin/../lib/gcc/arm-none-eabi/14.3.1/../../../../arm-none-eabi/lib/thumb/v7-m/nofp\libc_nano.a(libc_a-findfp.o) (_fwalk_sglue)
D:/gcc-arm/14.3 rel1/bin/../lib/gcc/arm-none-eabi/14.3.1/../../../../arm-none-eabi/lib/thumb/v7-m/nofp\libc_nano.a(libc_a-printf.o)
                              build/DPPTM.o (printf)
D:/gcc-arm/14.3 rel1/bin/../lib/gcc/arm-none-eabi/14.3.1/../../../../arm-none-eabi/lib/thumb/v7-m/nofp\libc_nano.a(libc_a-puts.o)
                              build/Tasklist.o (puts)
D:/gcc-arm/14.3 rel1/bin/../lib/gcc/arm-none-eabi/14.3.1/../../../../arm-none-eabi/lib/thumb/v7-m/nofp\libc_nano.a(libc_a-sprintf.o)
                              D:/gcc-arm/14.3 rel1/bin/../lib/gcc/arm-none-eabi/14.3.1/../../../../arm-none-eabi/lib/thumb/v7-m/nofp\libc_nano.a(libc_a-nano-vfscanf_float.o) (sprintf)
D:/gcc-arm/14.3 rel1/bin/../lib/gcc/arm-none-eabi/14.3.1/../../../../arm-none-eabi/lib/thumb/v7-m/nofp\libc_nano.a(libc_a-stdio.o)
                              D:/gcc-arm/14.3 rel1/bin/../lib/gcc/arm-none-eabi/14.3.1/../../../../arm-none-eabi/lib/thumb/v7-m/nofp\libc_nano.a(libc_a-findfp.o) (__sread)
D:/gcc-arm/14.3 rel1/bin/../lib/gcc/arm-none-eabi/14.3.1/../../../../arm-none-eabi/lib/thumb/v7-m/nofp\libc_nano.a(libc_a-wbuf.o)
                              D:/gcc-arm/14.3 rel1/bin/../lib/gcc/arm-none-eabi/14.3.1/../../../../arm-none-eabi/lib/thumb/v7-m/nofp\libc_nano.a(libc_a-puts.o) (__swbuf_r)
D:/gcc-arm/14.3 rel1/bin/../lib/gcc/arm-none-eabi/14.3.1/../../../../arm-none-eabi/lib/thumb/v7-m/nofp\libc_nano.a(libc_a-wsetup.o)
                              D:/gcc-arm/14.3 rel1/bin/../lib/gcc/arm-none-eabi/14.3.1/../../../../arm-none-eabi/lib/thumb/v7-m/nofp\libc_nano.a(libc_a-puts.o) (__swsetup_r)
D:/gcc-arm/14.3 rel1/bin/../lib/gcc/arm-none-eabi/14.3.1/../../../../arm-none-eabi/lib/thumb/v7-m/nofp\libc_nano.a(libc_a-memset.o)
                              D:/gcc-arm/14.3 rel1/bin/../lib/gcc/arm-none-eabi/14.3.1/../../../../arm-none-eabi/lib/thumb/v7-m/nofp/crt0.o (memset)
D:/gcc-arm/14.3 rel1/bin/../lib/gcc/arm-none-eabi/14.3.1/../../../../arm-none-eabi/lib/thumb/v7-m/nofp\libc_nano.a(libc_a-localeconv.o)
                              D:/gcc-arm/14.3 rel1/bin/../lib/gcc/arm-none-eabi/14.3.1/../../../../arm-none-eabi/lib/thumb/v7-m/nofp\libc_nano.a(libc_a-nano-vfprintf_float.o) (_localeconv_r)
D:/gcc-arm/14.3 rel1/bin/../lib/gcc/arm-none-eabi/14.3.1/../../../../arm-none-eabi/lib/thumb/v7-m/nofp\libc_nano.a(libc_a-closer.o)
                              D:/gcc-arm/14.3 rel1/bin/../lib/gcc/arm-none-eabi/14.3.1/../../../../arm-none-eabi/lib/thumb/v7-m/nofp\libc_nano.a(libc_a-stdio.o) (_close_r)
D:/gcc-arm/14.3 rel1/bin/../lib/gcc/arm-none-eabi/14.3.1/../../../../arm-none-eabi/lib/thumb/v7-m/nofp\libc_nano.a(libc_a-reent.o)
                              D:/gcc-arm/14.3 rel1/bin/../lib/gcc/arm-none-eabi/14.3.1/../../../../arm-none-eabi/lib/thumb/v7-m/nofp\libc_nano.a(libc_a-closer.o) (errno)
D:/gcc-arm/14.3 rel1/bin/../lib/gcc/arm-none-eabi/14.3.1/../../../../arm-none-eabi/lib/thumb/v7-m/nofp\libc_nano.a(libc_a-impure.o)
                              D:/gcc-arm/14.3 rel1/bin/../lib/gcc/arm-none-eabi/14.3.1/../../../../arm-none-eabi/lib/thumb/v7-m/nofp\libc_nano.a(libc_a-printf.o) (_impure_ptr)
D:/gcc-arm/14.3 rel1/bin/../lib/gcc/arm-none-eabi/14.3.1/../../../../arm-none-eabi/lib/thumb/v7-m/nofp\libc_nano.a(libc_a-lseekr.o)
[...]
Memory Configuration

Name             Origin             Length             Attributes
RAM              0x20000000         0x00018000         xrw
FLASH            0x08000000         0x00100000         xr
*default*        0x00000000         0xffffffff

Linker script and memory map

LOAD D:/gcc-arm/14.3 rel1/bin/../lib/gcc/arm-none-eabi/14.3.1/thumb/v7-m/nofp/crti.o
LOAD D:/gcc-arm/14.3 rel1/bin/../lib/gcc/arm-none-eabi/14.3.1/thumb/v7-m/nofp/crtbegin.o
LOAD D:/gcc-arm/14.3 rel1/bin/../lib/gcc/arm-none-eabi/14.3.1/../../../../arm-none-eabi/lib/thumb/v7-m/nofp/crt0.o
LOAD build/main.o
LOAD build/gpio.o
LOAD build/stm32f1xx_it.o
LOAD build/stm32f1xx_hal_msp.o
LOAD build/usb_device.o
LOAD build/usbd_desc.o
LOAD build/usbd_cdc_if.o
LOAD build/usbd_conf.o
LOAD build/stm32f1xx_hal_gpio_ex.o
LOAD build/stm32f1xx_hal_pcd.o
LOAD build/stm32f1xx_hal_pcd_ex.o
LOAD build/stm32f1xx_ll_usb.o
LOAD build/stm32f1xx_hal.o
LOAD build/stm32f1xx_hal_rcc.o
LOAD build/stm32f1xx_hal_rcc_ex.o
LOAD build/stm32f1xx_hal_gpio.o
LOAD build/stm32f1xx_hal_dma.o
LOAD build/stm32f1xx_hal_cortex.o
LOAD build/stm32f1xx_hal_pwr.o
LOAD build/stm32f1xx_hal_flash.o
LOAD build/stm32f1xx_hal_flash_ex.o
LOAD build/stm32f1xx_hal_exti.o
LOAD build/system_stm32f1xx.o
LOAD build/usbd_core.o
LOAD build/usbd_ctlreq.o
LOAD build/usbd_ioreq.o
LOAD build/usbd_cdc.o
LOAD build/sysmem.o
LOAD build/syscalls.o
LOAD build/Tasklist.o
LOAD build/DPPTMIIC.o
LOAD build/DPPTM.o
LOAD build/ESL4SPI.o
LOAD build/ESL.o
LOAD build/LCD4SPI.o
LOAD build/LCD.o
LOAD build/HWCI.o
LOAD build/adc.o
LOAD build/dma.o
LOAD build/stm32f1xx_hal_adc.o
LOAD build/stm32f1xx_hal_adc_ex.o
LOAD build/ADCAPP.o
LOAD build/startup_stm32f103xg.o
LOAD D:/gcc-arm/14.3 rel1/bin/../lib/gcc/arm-none-eabi/14.3.1/../../../../arm-none-eabi/lib/thumb/v7-m/nofp\libc_nano.a
LOAD D:/gcc-arm/14.3 rel1/bin/../lib/gcc/arm-none-eabi/14.3.1/../../../../arm-none-eabi/lib/thumb/v7-m/nofp\libm.a
LOAD D:/gcc-arm/14.3 rel1/bin/../lib/gcc/arm-none-eabi/14.3.1/../../../../arm-none-eabi/lib/thumb/v7-m/nofp\libnosys.a
START GROUP
LOAD D:/gcc-arm/14.3 rel1/bin/../lib/gcc/arm-none-eabi/14.3.1/thumb/v7-m/nofp\libgcc.a
LOAD D:/gcc-arm/14.3 rel1/bin/../lib/gcc/arm-none-eabi/14.3.1/../../../../arm-none-eabi/lib/thumb/v7-m/nofp\libc_nano.a
END GROUP
START GROUP
LOAD D:/gcc-arm/14.3 rel1/bin/../lib/gcc/arm-none-eabi/14.3.1/thumb/v7-m/nofp\libgcc.a
LOAD D:/gcc-arm/14.3 rel1/bin/../lib/gcc/arm-none-eabi/14.3.1/../../../../arm-none-eabi/lib/thumb/v7-m/nofp\libc_nano.a
END GROUP
LOAD D:/gcc-arm/14.3 rel1/bin/../lib/gcc/arm-none-eabi/14.3.1/thumb/v7-m/nofp/crtend.o
LOAD D:/gcc-arm/14.3 rel1/bin/../lib/gcc/arm-none-eabi/14.3.1/thumb/v7-m/nofp/crtn.o
                0x20018000                        _estack = (ORIGIN (RAM) + LENGTH (RAM))
                0x00001000                        _Min_Heap_Size = 0x1000
                0x00001000                        _Min_Stack_Size = 0x1000

.isr_vector     0x08000000      0x1e4
                0x08000000                        . = ALIGN (0x4)
 *(.isr_vector)
 .isr_vector    0x08000000      0x1e4 build/startup_stm32f103xg.o
                0x08000000                g_pfnVectors
                0x080001e4                        . = ALIGN (0x4)

.text           0x080001e8     0xaca0
                0x080001e8                        . = ALIGN (0x4)
 *(.text)
 .text          0x080001e8       0x10 D:/gcc-arm/14.3 rel1/bin/../lib/gcc/arm-none-eabi/14.3.1/../../../../arm-none-eabi/lib/thumb/v7-m/nofp\libc_nano.a(libc_a-strlen.o)
                0x080001e8                strlen
 .text          0x080001f8      0x378 D:/gcc-arm/14.3 rel1/bin/../lib/gcc/arm-none-eabi/14.3.1/thumb/v7-m/nofp\libgcc.a(_arm_addsubdf3.o)
                0x080001f8                __aeabi_drsub
                0x08000200                __aeabi_dsub
                0x08000200                __subdf3
                0x08000204                __aeabi_dadd
                0x08000204                __adddf3
                0x0800047c                __floatunsidf
                0x0800047c                __aeabi_ui2d
                0x0800049c                __floatsidf
                0x0800049c                __aeabi_i2d
                0x080004c0                __aeabi_f2d
                0x080004c0                __extendsfdf2
                0x08000504                __floatundidf
                0x08000504                __aeabi_ul2d
                0x08000514                __floatdidf
                0x08000514                __aeabi_l2d
 .text          0x08000570      0x424 D:/gcc-arm/14.3 rel1/bin/../lib/gcc/arm-none-eabi/14.3.1/thumb/v7-m/nofp\libgcc.a(_arm_muldivdf3.o)
                0x08000570                __aeabi_dmul
                0x08000570                __muldf3
                0x080007c4                __divdf3
                0x080007c4                __aeabi_ddiv
 .text          0x08000994      0x110 D:/gcc-arm/14.3 rel1/bin/../lib/gcc/arm-none-eabi/14.3.1/thumb/v7-m/nofp\libgcc.a(_arm_cmpdf2.o)
                0x08000994                __gtdf2
                0x08000994                __gedf2
                0x0800099c                __ltdf2
                0x0800099c                __ledf2
                0x080009a4                __nedf2
                0x080009a4                __eqdf2
                0x080009a4                __cmpdf2
                0x08000a20                __aeabi_cdrcmple
                0x08000a30                __aeabi_cdcmpeq
                0x08000a30                __aeabi_cdcmple
                0x08000a40                __aeabi_dcmpeq
                0x08000a54                __aeabi_dcmplt
                0x08000a68                __aeabi_dcmple
                0x08000a7c                __aeabi_dcmpge
                0x08000a90                __aeabi_dcmpgt
 .text          0x08000aa4       0x2c D:/gcc-arm/14.3 rel1/bin/../lib/gcc/arm-none-eabi/14.3.1/thumb/v7-m/nofp\libgcc.a(_arm_unorddf2.o)
                0x08000aa4                __unorddf2
                0x08000aa4                __aeabi_dcmpun
 .text          0x08000ad0       0x50 D:/gcc-arm/14.3 rel1/bin/../lib/gcc/arm-none-eabi/14.3.1/thumb/v7-m/nofp\libgcc.a(_arm_fixdfsi.o)
                0x08000ad0                __aeabi_d2iz
                0x08000ad0                __fixdfsi
 .text          0x08000b20       0x40 D:/gcc-arm/14.3 rel1/bin/../lib/gcc/arm-none-eabi/14.3.1/thumb/v7-m/nofp\libgcc.a(_arm_fixunsdfsi.o)
                0x08000b20                __aeabi_d2uiz
                0x08000b20                __fixunsdfsi
 .text          0x08000b60       0xa0 D:/gcc-arm/14.3 rel1/bin/../lib/gcc/arm-none-eabi/14.3.1/thumb/v7-m/nofp\libgcc.a(_arm_truncdfsf2.o)
                0x08000b60                __truncdfsf2
                0x08000b60                __aeabi_d2f
 .text          0x08000c00      0x21c D:/gcc-arm/14.3 rel1/bin/../lib/gcc/arm-none-eabi/14.3.1/thumb/v7-m/nofp\libgcc.a(_arm_addsubsf3.o)
                0x08000c00                __aeabi_frsub
                0x08000c08                __subsf3
                0x08000c08                __aeabi_fsub
                0x08000c0c                __aeabi_fadd
                0x08000c0c                __addsf3
                0x08000d6c                __aeabi_ui2f
                0x08000d6c                __floatunsisf
                0x08000d74                __aeabi_i2f
                0x08000d74                __floatsisf
                0x08000d90                __aeabi_ul2f
                0x08000d90                __floatundisf
                0x08000da0                __aeabi_l2f
                0x08000da0                __floatdisf
 .text          0x08000e1c      0x2a0 D:/gcc-arm/14.3 rel1/bin/../lib/gcc/arm-none-eabi/14.3.1/thumb/v7-m/nofp\libgcc.a(_arm_muldivsf3.o)
                0x08000e1c                __mulsf3
                0x08000e1c                __aeabi_fmul
                0x08000f84                __aeabi_fdiv
                0x08000f84                __divsf3
 *(.text*)
 .text.deregister_tm_clones
                0x080010bc       0x1c D:/gcc-arm/14.3 rel1/bin/../lib/gcc/arm-none-eabi/14.3.1/thumb/v7-m/nofp/crtbegin.o
 .text.register_tm_clones
                0x080010d8       0x24 D:/gcc-arm/14.3 rel1/bin/../lib/gcc/arm-none-eabi/14.3.1/thumb/v7-m/nofp/crtbegin.o
 .text.__do_global_dtors_aux
                0x080010fc       0x28 D:/gcc-arm/14.3 rel1/bin/../lib/gcc/arm-none-eabi/14.3.1/thumb/v7-m/nofp/crtbegin.o
 .text.frame_dummy
                0x08001124       0x24 D:/gcc-arm/14.3 rel1/bin/../lib/gcc/arm-none-eabi/14.3.1/thumb/v7-m/nofp/crtbegin.o
 .text.Error_Handler
                0x08001148        0x4 build/main.o
                0x08001148                Error_Handler
 .text.SystemClock_Config
                0x0800114c       0x8a build/main.o
                0x0800114c                SystemClock_Config
 .text.main     0x080011d6       0x7c build/main.o
                0x080011d6                main
 *fill*         0x08001252        0x2 
 .text.MX_GPIO_Init
                0x08001254      0x1a0 build/gpio.o
                0x08001254                MX_GPIO_Init
 .text.NMI_Handler
                0x080013f4        0x2 build/stm32f1xx_it.o
                0x080013f4                NMI_Handler
 .text.HardFault_Handler
                0x080013f6        0x2 build/stm32f1xx_it.o
                0x080013f6                HardFault_Handler
 .text.MemManage_Handler
                0x080013f8        0x2 build/stm32f1xx_it.o
                0x080013f8                MemManage_Handler
 .text.BusFault_Handler
                0x080013fa        0x2 build/stm32f1xx_it.o
                0x080013fa                BusFault_Handler
 .text.UsageFault_Handler
                0x080013fc        0x2 build/stm32f1xx_it.o
                0x080013fc                UsageFault_Handler
 .text.SVC_Handler
                0x080013fe        0x2 build/stm32f1xx_it.o
                0x080013fe                SVC_Handler
 .text.DebugMon_Handler
                0x08001400        0x2 build/stm32f1xx_it.o
                0x08001400                DebugMon_Handler
 .text.PendSV_Handler
                0x08001402        0x2 build/stm32f1xx_it.o
                0x08001402                PendSV_Handler
 .text.SysTick_Handler
                0x08001404        0x8 build/stm32f1xx_it.o
                0x08001404                SysTick_Handler
 .text.DMA1_Channel1_IRQHandler
                0x0800140c       0x10 build/stm32f1xx_it.o
                0x0800140c                DMA1_Channel1_IRQHandler
 .text.USB_LP_CAN1_RX0_IRQHandler
                0x0800141c       0x10 build/stm32f1xx_it.o
                0x0800141c                USB_LP_CAN1_RX0_IRQHandler
 .text.HAL_MspInit
                0x0800142c       0x44 build/stm32f1xx_hal_msp.o
                0x0800142c                HAL_MspInit
 .text.MX_USB_DEVICE_Init
                0x08001470       0x54 build/usb_device.o
                0x08001470                MX_USB_DEVICE_Init
 .text.USBD_FS_DeviceDescriptor
                0x080014c4        0xc build/usbd_desc.o
                0x080014c4                USBD_FS_DeviceDescriptor
 .text.USBD_FS_LangIDStrDescriptor
                0x080014d0        0xc build/usbd_desc.o
                0x080014d0                USBD_FS_LangIDStrDescriptor
 .text.IntToUnicode
                0x080014dc       0x46 build/usbd_desc.o
 *fill*         0x08001522        0x2 
 .text.Get_SerialNum
                0x08001524       0x38 build/usbd_desc.o
 .text.USBD_FS_SerialStrDescriptor
                0x0800155c       0x14 build/usbd_desc.o
                0x0800155c                USBD_FS_SerialStrDescriptor
 .text.USBD_FS_ProductStrDescriptor
                0x08001570       0x24 build/usbd_desc.o
                0x08001570                USBD_FS_ProductStrDescriptor
 .text.USBD_FS_ManufacturerStrDescriptor
                0x08001594       0x1c build/usbd_desc.o
                0x08001594                USBD_FS_ManufacturerStrDescriptor
 .text.USBD_FS_ConfigStrDescriptor
                0x080015b0       0x24 build/usbd_desc.o
                0x080015b0                USBD_FS_ConfigStrDescriptor
 .text.USBD_FS_InterfaceStrDescriptor
                0x080015d4       0x24 build/usbd_desc.o
                0x080015d4                USBD_FS_InterfaceStrDescriptor
 .text.CDC_DeInit_FS
                0x080015f8        0x4 build/usbd_cdc_if.o
 .text.CDC_Control_FS
                0x080015fc        0x4 build/usbd_cdc_if.o
 .text.CDC_Receive_FS
                0x08001600       0x1c build/usbd_cdc_if.o
 .text.CDC_Init_FS
                0x0800161c       0x28 build/usbd_cdc_if.o
 .text.CDC_Transmit_FS
                0x08001644       0x2c build/usbd_cdc_if.o
                0x08001644                CDC_Transmit_FS
 .text._write   0x08001670       0x10 build/usbd_cdc_if.o
                0x08001670                _write
 .text.USBD_Get_USB_Status
                0x08001680       0x14 build/usbd_conf.o
 .text.HAL_PCD_MspInit
                0x08001694       0x40 build/usbd_conf.o
                0x08001694                HAL_PCD_MspInit
 .text.HAL_PCD_SetupStageCallback
                0x080016d4       0x10 build/usbd_conf.o
                0x080016d4                HAL_PCD_SetupStageCallback
 .text.HAL_PCD_DataOutStageCallback
                0x080016e4       0x18 build/usbd_conf.o
                0x080016e4                HAL_PCD_DataOutStageCallback
 .text.HAL_PCD_DataInStageCallback
                0x080016fc       0x16 build/usbd_conf.o
                0x080016fc                HAL_PCD_DataInStageCallback
 .text.HAL_PCD_SOFCallback
                0x08001712        0xc build/usbd_conf.o
                0x08001712                HAL_PCD_SOFCallback
 .text.HAL_PCD_ResetCallback
                0x0800171e       0x24 build/usbd_conf.o
                0x0800171e                HAL_PCD_ResetCallback
 *fill*         0x08001742        0x2 
 .text.HAL_PCD_SuspendCallback
                0x08001744       0x20 build/usbd_conf.o
                0x08001744                HAL_PCD_SuspendCallback
 .text.HAL_PCD_ResumeCallback
                0x08001764        0xc build/usbd_conf.o
                0x08001764                HAL_PCD_ResumeCallback
 .text.USBD_LL_Init
                0x08001770       0x84 build/usbd_conf.o
                0x08001770                USBD_LL_Init
 .text.USBD_LL_Start
                0x080017f4       0x10 build/usbd_conf.o
                0x080017f4                USBD_LL_Start
 .text.USBD_LL_OpenEP
                0x08001804       0x16 build/usbd_conf.o
                0x08001804                USBD_LL_OpenEP
 .text.USBD_LL_CloseEP
                0x0800181a       0x10 build/usbd_conf.o
                0x0800181a                USBD_LL_CloseEP
 .text.USBD_LL_StallEP
                0x0800182a       0x10 build/usbd_conf.o
                0x0800182a                USBD_LL_StallEP
 .text.USBD_LL_ClearStallEP
                0x0800183a       0x10 build/usbd_conf.o
                0x0800183a                USBD_LL_ClearStallEP
 .text.USBD_LL_IsStallEP
                0x0800184a       0x2c build/usbd_conf.o
                0x0800184a                USBD_LL_IsStallEP
 .text.USBD_LL_SetUSBAddress
                0x08001876       0x10 build/usbd_conf.o
                0x08001876                USBD_LL_SetUSBAddress
 .text.USBD_LL_Transmit
                0x08001886       0x10 build/usbd_conf.o
                0x08001886                USBD_LL_Transmit
 .text.USBD_LL_PrepareReceive
                0x08001896       0x10 build/usbd_conf.o
                0x08001896                USBD_LL_PrepareReceive
 .text.USBD_LL_GetRxDataSize
                0x080018a6        0xc build/usbd_conf.o
                0x080018a6                USBD_LL_GetRxDataSize
 *fill*         0x080018b2        0x2 
 .text.USBD_static_malloc
                0x080018b4        0x8 build/usbd_conf.o
                0x080018b4                USBD_static_malloc
 .text.USBD_static_free
                0x080018bc        0x2 build/usbd_conf.o
                0x080018bc                USBD_static_free
 .text.HAL_PCDEx_SetConnectionState
                0x080018be        0x2 build/usbd_conf.o
                0x080018be                HAL_PCDEx_SetConnectionState
 .text.HAL_PCD_EP_DB_Receive
                0x080018c0      0x11c build/stm32f1xx_hal_pcd.o
 .text.HAL_PCD_Init
                0x080019dc       0xe8 build/stm32f1xx_hal_pcd.o
                0x080019dc                HAL_PCD_Init
 .text.HAL_PCD_Start
                0x08001ac4       0x32 build/stm32f1xx_hal_pcd.o
                0x08001ac4                HAL_PCD_Start
 .text.HAL_PCD_EP_DB_Transmit
                0x08001af6      0x424 build/stm32f1xx_hal_pcd.o
 .text.PCD_EP_ISR_Handler
                0x08001f1a      0x554 build/stm32f1xx_hal_pcd.o
 .text.HAL_PCD_SetAddress
                0x0800246e       0x26 build/stm32f1xx_hal_pcd.o
                0x0800246e                HAL_PCD_SetAddress
 .text.HAL_PCD_IRQHandler
                0x08002494      0x1b0 build/stm32f1xx_hal_pcd.o
                0x08002494                HAL_PCD_IRQHandler
 .text.HAL_PCD_EP_Open
                0x08002644       0x84 build/stm32f1xx_hal_pcd.o
                0x08002644                HAL_PCD_EP_Open
 .text.HAL_PCD_EP_Close
                0x080026c8       0x6c build/stm32f1xx_hal_pcd.o
                0x080026c8                HAL_PCD_EP_Close
 .text.HAL_PCD_EP_Receive
                0x08002734       0x3a build/stm32f1xx_hal_pcd.o
                0x08002734                HAL_PCD_EP_Receive
 .text.HAL_PCD_EP_GetRxCount
                0x0800276e       0x12 build/stm32f1xx_hal_pcd.o
                0x0800276e                HAL_PCD_EP_GetRxCount
 .text.HAL_PCD_EP_Transmit
                0x08002780       0x4c build/stm32f1xx_hal_pcd.o
                0x08002780                HAL_PCD_EP_Transmit
 .text.HAL_PCD_EP_SetStall
                0x080027cc       0x80 build/stm32f1xx_hal_pcd.o
                0x080027cc                HAL_PCD_EP_SetStall
 .text.HAL_PCD_EP_ClrStall
                0x0800284c       0x7e build/stm32f1xx_hal_pcd.o
                0x0800284c                HAL_PCD_EP_ClrStall
 .text.HAL_PCDEx_PMAConfig
                0x080028ca       0x38 build/stm32f1xx_hal_pcd_ex.o
                0x080028ca                HAL_PCDEx_PMAConfig
 .text.USB_CoreInit
                0x08002902        0xe build/stm32f1xx_ll_usb.o
                0x08002902                USB_CoreInit
 .text.USB_EnableGlobalInt
                0x08002910       0x12 build/stm32f1xx_ll_usb.o
                0x08002910                USB_EnableGlobalInt
 .text.USB_DisableGlobalInt
                0x08002922       0x14 build/stm32f1xx_ll_usb.o
                0x08002922                USB_DisableGlobalInt
 .text.USB_SetCurrentMode
                0x08002936        0x4 build/stm32f1xx_ll_usb.o
                0x08002936                USB_SetCurrentMode
 .text.USB_DevInit
                0x0800293a       0x22 build/stm32f1xx_ll_usb.o
                0x0800293a                USB_DevInit
 .text.USB_ActivateEndpoint
                0x0800295c      0x3ca build/stm32f1xx_ll_usb.o
                0x0800295c                USB_ActivateEndpoint
 .text.USB_DeactivateEndpoint
                0x08002d26      0x1d6 build/stm32f1xx_ll_usb.o
                0x08002d26                USB_DeactivateEndpoint
 .text.USB_EPSetStall
                0x08002efc       0x4a build/stm32f1xx_ll_usb.o
                0x08002efc                USB_EPSetStall
 .text.USB_EPClearStall
                0x08002f46       0xa2 build/stm32f1xx_ll_usb.o
                0x08002f46                USB_EPClearStall
 .text.USB_SetDevAddress
                0x08002fe8        0xc build/stm32f1xx_ll_usb.o
                0x08002fe8                USB_SetDevAddress
 .text.USB_DevConnect
                0x08002ff4        0x4 build/stm32f1xx_ll_usb.o
                0x08002ff4                USB_DevConnect
 .text.USB_DevDisconnect
                0x08002ff8        0x4 build/stm32f1xx_ll_usb.o
                0x08002ff8                USB_DevDisconnect
 .text.USB_ReadInterrupts
                0x08002ffc        0x8 build/stm32f1xx_ll_usb.o
                0x08002ffc                USB_ReadInterrupts
 .text.USB_EP0_OutStart
                0x08003004        0x4 build/stm32f1xx_ll_usb.o
                0x08003004                USB_EP0_OutStart
 .text.USB_WritePMA
                0x08003008       0x26 build/stm32f1xx_ll_usb.o
                0x08003008                USB_WritePMA
 .text.USB_EPStartXfer
                0x0800302e      0x7d6 build/stm32f1xx_ll_usb.o
                0x0800302e                USB_EPStartXfer
 .text.USB_ReadPMA
                0x08003804       0x30 build/stm32f1xx_ll_usb.o
                0x08003804                USB_ReadPMA
 .text.HAL_InitTick
                0x08003834       0x4c build/stm32f1xx_hal.o
                0x08003834                HAL_InitTick
 .text.HAL_Init
                0x08003880       0x24 build/stm32f1xx_hal.o
                0x08003880                HAL_Init
 .text.HAL_IncTick
                0x080038a4       0x18 build/stm32f1xx_hal.o
                0x080038a4                HAL_IncTick
 .text.HAL_GetTick
                0x080038bc        0xc build/stm32f1xx_hal.o
                0x080038bc                HAL_GetTick
 .text.HAL_Delay
                0x080038c8       0x28 build/stm32f1xx_hal.o
                0x080038c8                HAL_Delay
 .text.RCC_Delay
                0x080038f0       0x2c build/stm32f1xx_hal_rcc.o
 .text.HAL_RCC_OscConfig
                0x0800391c      0x410 build/stm32f1xx_hal_rcc.o
                0x0800391c                HAL_RCC_OscConfig
 .text.HAL_RCC_GetSysClockFreq
                0x08003d2c       0x54 build/stm32f1xx_hal_rcc.o
                0x08003d2c                HAL_RCC_GetSysClockFreq
 .text.HAL_RCC_ClockConfig
                0x08003d80      0x16c build/stm32f1xx_hal_rcc.o
                0x08003d80                HAL_RCC_ClockConfig
 .text.HAL_RCCEx_PeriphCLKConfig
                0x08003eec      0x118 build/stm32f1xx_hal_rcc_ex.o
                0x08003eec                HAL_RCCEx_PeriphCLKConfig
 .text.HAL_GPIO_Init
                0x08004004      0x230 build/stm32f1xx_hal_gpio.o
                0x08004004                HAL_GPIO_Init
 .text.HAL_GPIO_ReadPin
                0x08004234        0xe build/stm32f1xx_hal_gpio.o
                0x08004234                HAL_GPIO_ReadPin
 .text.HAL_GPIO_WritePin
                0x08004242        0xc build/stm32f1xx_hal_gpio.o
                0x08004242                HAL_GPIO_WritePin
 .text.DMA_SetConfig
                0x0800424e       0x2c build/stm32f1xx_hal_dma.o
 *fill*         0x0800427a        0x2 
 .text.HAL_DMA_Init
                0x0800427c       0x94 build/stm32f1xx_hal_dma.o
                0x0800427c                HAL_DMA_Init
 .text.HAL_DMA_Start_IT
                0x08004310       0x74 build/stm32f1xx_hal_dma.o
                0x08004310                HAL_DMA_Start_IT
 .text.HAL_DMA_Abort
                0x08004384       0x44 build/stm32f1xx_hal_dma.o
                0x08004384                HAL_DMA_Abort
 .text.HAL_DMA_IRQHandler
                0x080043c8      0x2ec build/stm32f1xx_hal_dma.o
                0x080043c8                HAL_DMA_IRQHandler
 .text.__NVIC_SetPriority
                0x080046b4       0x28 build/stm32f1xx_hal_cortex.o
 .text.NVIC_EncodePriority
                0x080046dc       0x3e build/stm32f1xx_hal_cortex.o
 *fill*         0x0800471a        0x2 
 .text.HAL_NVIC_SetPriorityGrouping
                0x0800471c       0x24 build/stm32f1xx_hal_cortex.o
                0x0800471c                HAL_NVIC_SetPriorityGrouping
 .text.HAL_NVIC_SetPriority
                0x08004740       0x20 build/stm32f1xx_hal_cortex.o
                0x08004740                HAL_NVIC_SetPriority
 .text.HAL_NVIC_EnableIRQ
                0x08004760       0x1c build/stm32f1xx_hal_cortex.o
                0x08004760                HAL_NVIC_EnableIRQ
 .text.HAL_SYSTICK_Config
                0x0800477c       0x28 build/stm32f1xx_hal_cortex.o
                0x0800477c                HAL_SYSTICK_Config
 .text.SystemInit
                0x080047a4        0x2 build/system_stm32f1xx.o
                0x080047a4                SystemInit
 .text.USBD_Init
                0x080047a6       0x2e build/usbd_core.o
                0x080047a6                USBD_Init
 .text.USBD_RegisterClass
                0x080047d4        0xe build/usbd_core.o
                0x080047d4                USBD_RegisterClass
 .text.USBD_Start
                0x080047e2        0xa build/usbd_core.o
                0x080047e2                USBD_Start
 .text.USBD_SetClassConfig
                0x080047ec       0x18 build/usbd_core.o
                0x080047ec                USBD_SetClassConfig
 .text.USBD_ClrClassConfig
                0x08004804        0xe build/usbd_core.o
                0x08004804                USBD_ClrClassConfig
 .text.USBD_LL_SetupStage
                0x08004812       0x5a build/usbd_core.o
                0x08004812                USBD_LL_SetupStage
 .text.USBD_LL_DataOutStage
                0x0800486c       0x8c build/usbd_core.o
                0x0800486c                USBD_LL_DataOutStage
 .text.USBD_LL_DataInStage
                0x080048f8       0xd0 build/usbd_core.o
                0x080048f8                USBD_LL_DataInStage
 .text.USBD_LL_Reset
                0x080049c8       0x50 build/usbd_core.o
                0x080049c8                USBD_LL_Reset
 .text.USBD_LL_SetSpeed
                0x08004a18        0x6 build/usbd_core.o
                0x08004a18                USBD_LL_SetSpeed
 .text.USBD_LL_Suspend
                0x08004a1e       0x12 build/usbd_core.o
                0x08004a1e                USBD_LL_Suspend
 .text.USBD_LL_Resume
                0x08004a30       0x16 build/usbd_core.o
                0x08004a30                USBD_LL_Resume
 .text.USBD_LL_SOF
                0x08004a46       0x1c build/usbd_core.o
                0x08004a46                USBD_LL_SOF
 .text.USBD_GetLen
                0x08004a62       0x14 build/usbd_ctlreq.o
 .text.USBD_SetFeature
                0x08004a76       0x14 build/usbd_ctlreq.o
 .text.USBD_ParseSetupRequest
                0x08004a8a       0x28 build/usbd_ctlreq.o
                0x08004a8a                USBD_ParseSetupRequest
 .text.USBD_CtlError
                0x08004ab2       0x14 build/usbd_ctlreq.o
                0x08004ab2                USBD_CtlError
 .text.USBD_GetDescriptor
                0x08004ac6      0x186 build/usbd_ctlreq.o
 .text.USBD_SetAddress
                0x08004c4c       0x4e build/usbd_ctlreq.o
 *fill*         0x08004c9a        0x2 
 .text.USBD_SetConfig
                0x08004c9c       0xb0 build/usbd_ctlreq.o
 .text.USBD_GetConfig
                0x08004d4c       0x3e build/usbd_ctlreq.o
 .text.USBD_GetStatus
                0x08004d8a       0x38 build/usbd_ctlreq.o
 .text.USBD_ClrFeature
                0x08004dc2       0x26 build/usbd_ctlreq.o
 .text.USBD_StdDevReq
                0x08004de8       0x68 build/usbd_ctlreq.o
                0x08004de8                USBD_StdDevReq
 .text.USBD_StdItfReq
                0x08004e50       0x60 build/usbd_ctlreq.o
                0x08004e50                USBD_StdItfReq
 .text.USBD_StdEPReq
                0x08004eb0      0x1e2 build/usbd_ctlreq.o
                0x08004eb0                USBD_StdEPReq
 .text.USBD_GetString
                0x08005092       0x3a build/usbd_ctlreq.o
                0x08005092                USBD_GetString
 .text.USBD_CtlSendData
                0x080050cc       0x1a build/usbd_ioreq.o
                0x080050cc                USBD_CtlSendData
 .text.USBD_CtlContinueSendData
                0x080050e6       0x10 build/usbd_ioreq.o
                0x080050e6                USBD_CtlContinueSendData
 .text.USBD_CtlPrepareRx
                0x080050f6       0x1e build/usbd_ioreq.o
                0x080050f6                USBD_CtlPrepareRx
 .text.USBD_CtlContinueRx
                0x08005114       0x10 build/usbd_ioreq.o
                0x08005114                USBD_CtlContinueRx
 .text.USBD_CtlSendStatus
                0x08005124       0x16 build/usbd_ioreq.o
                0x08005124                USBD_CtlSendStatus
 .text.USBD_CtlReceiveStatus
                0x0800513a       0x16 build/usbd_ioreq.o
                0x0800513a                USBD_CtlReceiveStatus
 .text.USBD_CDC_EP0_RxReady
                0x08005150       0x28 build/usbd_cdc.o
 .text.USBD_CDC_GetFSCfgDesc
                0x08005178        0xc build/usbd_cdc.o
 .text.USBD_CDC_GetHSCfgDesc
                0x08005184        0xc build/usbd_cdc.o
 .text.USBD_CDC_GetOtherSpeedCfgDesc
                0x08005190        0xc build/usbd_cdc.o
 .text.USBD_CDC_GetDeviceQualifierDescriptor
                0x0800519c        0xc build/usbd_cdc.o
                0x0800519c                USBD_CDC_GetDeviceQualifierDescriptor
 .text.USBD_CDC_DataOut
                0x080051a8       0x2e build/usbd_cdc.o
 .text.USBD_CDC_DataIn
                0x080051d6       0x4e build/usbd_cdc.o
 .text.USBD_CDC_Setup
                0x08005224       0xd6 build/usbd_cdc.o
 .text.USBD_CDC_DeInit
                0x080052fa       0x42 build/usbd_cdc.o
 .text.USBD_CDC_Init
                0x0800533c       0xaa build/usbd_cdc.o
 .text.USBD_CDC_RegisterInterface
                0x080053e6        0xe build/usbd_cdc.o
                0x080053e6                USBD_CDC_RegisterInterface
 .text.USBD_CDC_SetTxBuffer
                0x080053f4       0x10 build/usbd_cdc.o
                0x080053f4                USBD_CDC_SetTxBuffer
 .text.USBD_CDC_SetRxBuffer
                0x08005404        0xc build/usbd_cdc.o
                0x08005404                USBD_CDC_SetRxBuffer
 .text.USBD_CDC_TransmitPacket
                0x08005410       0x32 build/usbd_cdc.o
                0x08005410                USBD_CDC_TransmitPacket
 .text.USBD_CDC_ReceivePacket
                0x08005442       0x30 build/usbd_cdc.o
                0x08005442                USBD_CDC_ReceivePacket
 *fill*         0x08005472        0x2 
 .text._sbrk    0x08005474       0x48 build/sysmem.o
                0x08005474                _sbrk
 .text._getpid  0x080054bc        0x4 build/syscalls.o
                0x080054bc                _getpid
 .text._kill    0x080054c0       0x10 build/syscalls.o
                0x080054c0                _kill
 .text._exit    0x080054d0        0xc build/syscalls.o
                0x080054d0                _exit
 .text._read    0x080054dc       0x20 build/syscalls.o
                0x080054dc                _read
 .text._close   0x080054fc        0x6 build/syscalls.o
                0x080054fc                _close
 .text._fstat   0x08005502        0xa build/syscalls.o
                0x08005502                _fstat
 .text._isatty  0x0800550c        0x4 build/syscalls.o
                0x0800550c                _isatty
 .text._lseek   0x08005510        0x4 build/syscalls.o
                0x08005510                _lseek
 .text.IIC_Delay_us
                0x08005514       0x12 build/DPPTMIIC.o
 *fill*         0x08005526        0x2 
 .text.Soft_IIC_Output
                0x08005528       0x24 build/DPPTMIIC.o
 .text.Soft_IIC_Input
                0x0800554c       0x24 build/DPPTMIIC.o
 .text.Soft_IIC_Init
                0x08005570       0x20 build/DPPTMIIC.o
                0x08005570                Soft_IIC_Init
 .text.Soft_IIC_Start
                0x08005590       0x28 build/DPPTMIIC.o
                0x08005590                Soft_IIC_Start
 .text.Soft_IIC_Stop
                0x080055b8       0x30 build/DPPTMIIC.o
                0x080055b8                Soft_IIC_Stop
 .text.Soft_IIC_Wait_ACK
                0x080055e8       0x64 build/DPPTMIIC.o
                0x080055e8                Soft_IIC_Wait_ACK
 .text.Soft_IIC_Write_High
                0x0800564c       0x40 build/DPPTMIIC.o
                0x0800564c                Soft_IIC_Write_High
 .text.Soft_IIC_Write_Low
                0x0800568c       0x40 build/DPPTMIIC.o
                0x0800568c                Soft_IIC_Write_Low
 .text.Soft_IIC_Write_Byte
                0x080056cc       0x24 build/DPPTMIIC.o
                0x080056cc                Soft_IIC_Write_Byte
 .text.DPPTMInitial
                0x080056f0       0x4c build/DPPTM.o
                0x080056f0                DPPTMInitial
 .text.SPI4_Delay_us
                0x0800573c       0x12 build/ESL4SPI.o
 *fill*         0x0800574e        0x2 
 .text.SDA_GPIO_Configuration
                0x08005750       0x60 build/ESL4SPI.o
                0x08005750                SDA_GPIO_Configuration
 .text.SCL_GPIO_SetLevel
                0x080057b0       0x24 build/ESL4SPI.o
                0x080057b0                SCL_GPIO_SetLevel
 .text.CS_GPIO_SetLevel
                0x080057d4       0x24 build/ESL4SPI.o
                0x080057d4                CS_GPIO_SetLevel
 .text.DC_GPIO_SetLevel
                0x080057f8       0x20 build/ESL4SPI.o
                0x080057f8                DC_GPIO_SetLevel
 .text.SDA_GPIO_SetLevel
                0x08005818       0x24 build/ESL4SPI.o
                0x08005818                SDA_GPIO_SetLevel
 .text.SPI4_Write_Byte
                0x0800583c       0x54 build/ESL4SPI.o
                0x0800583c                SPI4_Write_Byte
 .text.ESL4SPI_WriteCMD
                0x08005890       0x36 build/ESL4SPI.o
                0x08005890                ESL4SPI_WriteCMD
 .text.ESL4SPI_WriteDATA
                0x080058c6       0x36 build/ESL4SPI.o
                0x080058c6                ESL4SPI_WriteDATA
 .text.ESL_RESET
                0x080058fc       0x3c build/ESL.o
                0x080058fc                ESL_RESET
 .text.Check_Busy
                0x08005938       0x14 build/ESL.o
                0x08005938                Check_Busy
 .text.ESLtest  0x0800594c      0x144 build/ESL.o
                0x0800594c                ESLtest
 .text.VDDSwitch
                0x08005a90       0x28 build/HWCI.o
                0x08005a90                VDDSwitch
 .text.LVSwitch
                0x08005ab8       0x2c build/HWCI.o
                0x08005ab8                LVSwitch
 .text.SelectInductor
                0x08005ae4       0x48 build/HWCI.o
                0x08005ae4                SelectInductor
 .text.SelectResistance
                0x08005b2c       0x68 build/HWCI.o
                0x08005b2c                SelectResistance
 .text.SelectESLSPI
                0x08005b94       0x44 build/HWCI.o
                0x08005b94                SelectESLSPI
 .text.VDDOrAAVSPL2
                0x08005bd8       0x50 build/HWCI.o
                0x08005bd8                VDDOrAAVSPL2
 .text.VDDLOrHiz
                0x08005c28       0x48 build/HWCI.o
                0x08005c28                VDDLOrHiz
 .text.TSCLOrVSPL2
                0x08005c70       0x48 build/HWCI.o
                0x08005c70                TSCLOrVSPL2
 .text.VSNL2rVMTP
                0x08005cb8       0x48 build/HWCI.o
                0x08005cb8                VSNL2rVMTP
 .text.MX_ADC1_Init
                0x08005d00      0x150 build/adc.o
                0x08005d00                MX_ADC1_Init
 .text.HAL_ADC_MspInit
                0x08005e50       0xe4 build/adc.o
                0x08005e50                HAL_ADC_MspInit
 .text.MX_DMA_Init
                0x08005f34       0x34 build/dma.o
                0x08005f34                MX_DMA_Init
 .text.ADC_DMAConvCplt
                0x08005f68       0x52 build/stm32f1xx_hal_adc.o
                0x08005f68                ADC_DMAConvCplt
 .text.HAL_ADC_ConvHalfCpltCallback
                0x08005fba        0x2 build/stm32f1xx_hal_adc.o
                0x08005fba                HAL_ADC_ConvHalfCpltCallback
 .text.ADC_DMAHalfConvCplt
                0x08005fbc        0xa build/stm32f1xx_hal_adc.o
                0x08005fbc                ADC_DMAHalfConvCplt
 .text.HAL_ADC_ErrorCallback
                0x08005fc6        0x2 build/stm32f1xx_hal_adc.o
                0x08005fc6                HAL_ADC_ErrorCallback
 .text.ADC_DMAError
                0x08005fc8       0x1a build/stm32f1xx_hal_adc.o
                0x08005fc8                ADC_DMAError
 *fill*         0x08005fe2        0x2 
 .text.HAL_ADC_ConfigChannel
                0x08005fe4      0x140 build/stm32f1xx_hal_adc.o
                0x08005fe4                HAL_ADC_ConfigChannel
 .text.ADC_Enable
                0x08006124       0x88 build/stm32f1xx_hal_adc.o
                0x08006124                ADC_Enable
 .text.HAL_ADC_Start_DMA
                0x080061ac      0x130 build/stm32f1xx_hal_adc.o
                0x080061ac                HAL_ADC_Start_DMA
 .text.ADC_ConversionStop_Disable
                0x080062dc       0x56 build/stm32f1xx_hal_adc.o
                0x080062dc                ADC_ConversionStop_Disable
 *fill*         0x08006332        0x2 
 .text.HAL_ADC_Init
                0x08006334      0x128 build/stm32f1xx_hal_adc.o
                0x08006334                HAL_ADC_Init
 .text.HAL_ADC_Stop_DMA
                0x0800645c       0x5c build/stm32f1xx_hal_adc.o
                0x0800645c                HAL_ADC_Stop_DMA
 .text.HAL_ADC_ConvCpltCallback
                0x080064b8       0x1c build/ADCAPP.o
                0x080064b8                HAL_ADC_ConvCpltCallback
 .text.adc_to_voltage
                0x080064d4       0x34 build/ADCAPP.o
                0x080064d4                adc_to_voltage
 .text.print_voltage
                0x08006508       0xf0 build/ADCAPP.o
                0x08006508                print_voltage
 .text.Reset_Handler
                0x080065f8       0x48 build/startup_stm32f103xg.o
                0x080065f8                Reset_Handler
 .text.Default_Handler
                0x08006640        0x2 build/startup_stm32f103xg.o
                0x08006640                RTC_Alarm_IRQHandler
                0x08006640                EXTI2_IRQHandler
                0x08006640                TIM8_CC_IRQHandler
                0x08006640                TIM1_CC_IRQHandler
                0x08006640                TIM6_IRQHandler
                0x08006640                PVD_IRQHandler
                0x08006640                SDIO_IRQHandler
                0x08006640                EXTI3_IRQHandler
                0x08006640                TIM8_TRG_COM_TIM14_IRQHandler
                0x08006640                TIM1_UP_TIM10_IRQHandler
                0x08006640                TIM8_UP_TIM13_IRQHandler
                0x08006640                EXTI0_IRQHandler
                0x08006640                I2C2_EV_IRQHandler
                0x08006640                ADC1_2_IRQHandler
                0x08006640                SPI1_IRQHandler
                0x08006640                TAMPER_IRQHandler
                0x08006640                TIM1_BRK_TIM9_IRQHandler
                0x08006640                DMA2_Channel2_IRQHandler
                0x08006640                DMA1_Channel4_IRQHandler
                0x08006640                USART3_IRQHandler
                0x08006640                RTC_IRQHandler
                0x08006640                DMA1_Channel7_IRQHandler
                0x08006640                CAN1_RX1_IRQHandler
                0x08006640                UART5_IRQHandler
                0x08006640                ADC3_IRQHandler
                0x08006640                TIM4_IRQHandler
                0x08006640                DMA2_Channel1_IRQHandler
                0x08006640                I2C1_EV_IRQHandler
                0x08006640                DMA1_Channel6_IRQHandler
                0x08006640                UART4_IRQHandler
                0x08006640                TIM3_IRQHandler
                0x08006640                RCC_IRQHandler
                0x08006640                TIM8_BRK_TIM12_IRQHandler
                0x08006640                Default_Handler
                0x08006640                EXTI15_10_IRQHandler
                0x08006640                TIM7_IRQHandler
                0x08006640                TIM5_IRQHandler
                0x08006640                EXTI9_5_IRQHandler
                0x08006640                SPI2_IRQHandler
                0x08006640                DMA1_Channel5_IRQHandler
                0x08006640                EXTI4_IRQHandler
                0x08006640                USB_HP_CAN1_TX_IRQHandler
                0x08006640                DMA1_Channel3_IRQHandler
                0x08006640                FSMC_IRQHandler
                0x08006640                WWDG_IRQHandler
                0x08006640                TIM2_IRQHandler
                0x08006640                TIM1_TRG_COM_TIM11_IRQHandler
                0x08006640                EXTI1_IRQHandler
                0x08006640                DMA2_Channel4_5_IRQHandler
                0x08006640                USART2_IRQHandler
                0x08006640                I2C2_ER_IRQHandler
                0x08006640                DMA1_Channel2_IRQHandler
                0x08006640                CAN1_SCE_IRQHandler
                0x08006640                FLASH_IRQHandler
                0x08006640                USART1_IRQHandler
                0x08006640                SPI3_IRQHandler
                0x08006640                I2C1_ER_IRQHandler
                0x08006640                USBWakeUp_IRQHandler
                0x08006640                DMA2_Channel3_IRQHandler
 .text.__cvt    0x08006642       0xc8 D:/gcc-arm/14.3 rel1/bin/../lib/gcc/arm-none-eabi/14.3.1/../../../../arm-none-eabi/lib/thumb/v7-m/nofp\libc_nano.a(libc_a-nano-vfprintf_float.o)
                0x08006642                __cvt
 .text.__exponent
                0x0800670a       0x74 D:/gcc-arm/14.3 rel1/bin/../lib/gcc/arm-none-eabi/14.3.1/../../../../arm-none-eabi/lib/thumb/v7-m/nofp\libc_nano.a(libc_a-nano-vfprintf_float.o)
                0x0800670a                __exponent
 *fill*         0x0800677e        0x2 
 .text._printf_float
                0x08006780      0x458 D:/gcc-arm/14.3 rel1/bin/../lib/gcc/arm-none-eabi/14.3.1/../../../../arm-none-eabi/lib/thumb/v7-m/nofp\libc_nano.a(libc_a-nano-vfprintf_float.o)
                0x08006780                _printf_float
 .text._printf_common
                0x08006bd8       0xe4 D:/gcc-arm/14.3 rel1/bin/../lib/gcc/arm-none-eabi/14.3.1/../../../../arm-none-eabi/lib/thumb/v7-m/nofp\libc_nano.a(libc_a-nano-vfprintf_i.o)
                0x08006bd8                _printf_common
 .text._printf_i
                0x08006cbc      0x24c D:/gcc-arm/14.3 rel1/bin/../lib/gcc/arm-none-eabi/14.3.1/../../../../arm-none-eabi/lib/thumb/v7-m/nofp\libc_nano.a(libc_a-nano-vfprintf_i.o)
                0x08006cbc                _printf_i
 .text._scanf_float
                0x08006f08      0x414 D:/gcc-arm/14.3 rel1/bin/../lib/gcc/arm-none-eabi/14.3.1/../../../../arm-none-eabi/lib/thumb/v7-m/nofp\libc_nano.a(libc_a-nano-vfscanf_float.o)
                0x08006f08                _scanf_float
 .text.std      0x0800731c       0x6c D:/gcc-arm/14.3 rel1/bin/../lib/gcc/arm-none-eabi/14.3.1/../../../../arm-none-eabi/lib/thumb/v7-m/nofp\libc_nano.a(libc_a-findfp.o)
 .text.stdio_exit_handler
                0x08007388       0x18 D:/gcc-arm/14.3 rel1/bin/../lib/gcc/arm-none-eabi/14.3.1/../../../../arm-none-eabi/lib/thumb/v7-m/nofp\libc_nano.a(libc_a-findfp.o)
 .text.cleanup_stdio
                0x080073a0       0x40 D:/gcc-arm/14.3 rel1/bin/../lib/gcc/arm-none-eabi/14.3.1/../../../../arm-none-eabi/lib/thumb/v7-m/nofp\libc_nano.a(libc_a-findfp.o)
 .text.global_stdio_init.part.0
                0x080073e0       0x40 D:/gcc-arm/14.3 rel1/bin/../lib/gcc/arm-none-eabi/14.3.1/../../../../arm-none-eabi/lib/thumb/v7-m/nofp\libc_nano.a(libc_a-findfp.o)
 .text.__sfp_lock_acquire
                0x08007420        0xc D:/gcc-arm/14.3 rel1/bin/../lib/gcc/arm-none-eabi/14.3.1/../../../../arm-none-eabi/lib/thumb/v7-m/nofp\libc_nano.a(libc_a-findfp.o)
                0x08007420                __sfp_lock_acquire
 .text.__sfp_lock_release
                0x0800742c        0xc D:/gcc-arm/14.3 rel1/bin/../lib/gcc/arm-none-eabi/14.3.1/../../../../arm-none-eabi/lib/thumb/v7-m/nofp\libc_nano.a(libc_a-findfp.o)
                0x0800742c                __sfp_lock_release
 .text.__sinit  0x08007438       0x30 D:/gcc-arm/14.3 rel1/bin/../lib/gcc/arm-none-eabi/14.3.1/../../../../arm-none-eabi/lib/thumb/v7-m/nofp\libc_nano.a(libc_a-findfp.o)
                0x08007438                __sinit
 .text._fwalk_sglue
                0x08007468       0x3c D:/gcc-arm/14.3 rel1/bin/../lib/gcc/arm-none-eabi/14.3.1/../../../../arm-none-eabi/lib/thumb/v7-m/nofp\libc_nano.a(libc_a-fwalk.o)
                0x08007468                _fwalk_sglue
 .text.printf   0x080074a4       0x24 D:/gcc-arm/14.3 rel1/bin/../lib/gcc/arm-none-eabi/14.3.1/../../../../arm-none-eabi/lib/thumb/v7-m/nofp\libc_nano.a(libc_a-printf.o)
                0x080074a4                iprintf
                0x080074a4                printf
 .text._puts_r  0x080074c8       0xaa D:/gcc-arm/14.3 rel1/bin/../lib/gcc/arm-none-eabi/14.3.1/../../../../arm-none-eabi/lib/thumb/v7-m/nofp\libc_nano.a(libc_a-puts.o)
                0x080074c8                _puts_r
 *fill*         0x08007572        0x2 
 .text.puts     0x08007574       0x10 D:/gcc-arm/14.3 rel1/bin/../lib/gcc/arm-none-eabi/14.3.1/../../../../arm-none-eabi/lib/thumb/v7-m/nofp\libc_nano.a(libc_a-puts.o)
                0x08007574                puts
 .text.sprintf  0x08007584       0x44 D:/gcc-arm/14.3 rel1/bin/../lib/gcc/arm-none-eabi/14.3.1/../../../../arm-none-eabi/lib/thumb/v7-m/nofp\libc_nano.a(libc_a-sprintf.o)
                0x08007584                siprintf
                0x08007584                sprintf
 .text.__sread  0x080075c8       0x22 D:/gcc-arm/14.3 rel1/bin/../lib/gcc/arm-none-eabi/14.3.1/../../../../arm-none-eabi/lib/thumb/v7-m/nofp\libc_nano.a(libc_a-stdio.o)
                0x080075c8                __sread
 .text.__swrite
                0x080075ea       0x38 D:/gcc-arm/14.3 rel1/bin/../lib/gcc/arm-none-eabi/14.3.1/../../../../arm-none-eabi/lib/thumb/v7-m/nofp\libc_nano.a(libc_a-stdio.o)
                0x080075ea                __swrite
 .text.__sseek  0x08007622       0x26 D:/gcc-arm/14.3 rel1/bin/../lib/gcc/arm-none-eabi/14.3.1/../../../../arm-none-eabi/lib/thumb/v7-m/nofp\libc_nano.a(libc_a-stdio.o)
                0x08007622                __sseek
 .text.__sclose
                0x08007648        0x8 D:/gcc-arm/14.3 rel1/bin/../lib/gcc/arm-none-eabi/14.3.1/../../../../arm-none-eabi/lib/thumb/v7-m/nofp\libc_nano.a(libc_a-stdio.o)
                0x08007648                __sclose
 .text.__swbuf_r
                0x08007650       0x7c D:/gcc-arm/14.3 rel1/bin/../lib/gcc/arm-none-eabi/14.3.1/../../../../arm-none-eabi/lib/thumb/v7-m/nofp\libc_nano.a(libc_a-wbuf.o)
                0x08007650                __swbuf_r
 .text.__swsetup_r
                0x080076cc       0xa8 D:/gcc-arm/14.3 rel1/bin/../lib/gcc/arm-none-eabi/14.3.1/../../../../arm-none-eabi/lib/thumb/v7-m/nofp\libc_nano.a(libc_a-wsetup.o)
                0x080076cc                __swsetup_r
 .text.memset   0x08007774       0x10 D:/gcc-arm/14.3 rel1/bin/../lib/gcc/arm-none-eabi/14.3.1/../../../../arm-none-eabi/lib/thumb/v7-m/nofp\libc_nano.a(libc_a-memset.o)
                0x08007774                memset
 .text._localeconv_r
                0x08007784        0x8 D:/gcc-arm/14.3 rel1/bin/../lib/gcc/arm-none-eabi/14.3.1/../../../../arm-none-eabi/lib/thumb/v7-m/nofp\libc_nano.a(libc_a-localeconv.o)
                0x08007784                _localeconv_r
 .text._close_r
                0x0800778c       0x20 D:/gcc-arm/14.3 rel1/bin/../lib/gcc/arm-none-eabi/14.3.1/../../../../arm-none-eabi/lib/thumb/v7-m/nofp\libc_nano.a(libc_a-closer.o)
                0x0800778c                _close_r
 .text._lseek_r
                0x080077ac       0x24 D:/gcc-arm/14.3 rel1/bin/../lib/gcc/arm-none-eabi/14.3.1/../../../../arm-none-eabi/lib/thumb/v7-m/nofp\libc_nano.a(libc_a-lseekr.o)
                0x080077ac                _lseek_r
 .text._read_r  0x080077d0       0x24 D:/gcc-arm/14.3 rel1/bin/../lib/gcc/arm-none-eabi/14.3.1/../../../../arm-none-eabi/lib/thumb/v7-m/nofp\libc_nano.a(libc_a-readr.o)
                0x080077d0                _read_r
 .text._write_r
                0x080077f4       0x24 D:/gcc-arm/14.3 rel1/bin/../lib/gcc/arm-none-eabi/14.3.1/../../../../arm-none-eabi/lib/thumb/v7-m/nofp\libc_nano.a(libc_a-writer.o)
                0x080077f4                _write_r
 .text.__errno  0x08007818        0xc D:/gcc-arm/14.3 rel1/bin/../lib/gcc/arm-none-eabi/14.3.1/../../../../arm-none-eabi/lib/thumb/v7-m/nofp\libc_nano.a(libc_a-errno.o)
                0x08007818                __errno
 .text.__libc_init_array
                0x08007824       0x48 D:/gcc-arm/14.3 rel1/bin/../lib/gcc/arm-none-eabi/14.3.1/../../../../arm-none-eabi/lib/thumb/v7-m/nofp\libc_nano.a(libc_a-init.o)
                0x08007824                __libc_init_array
 .text.__retarget_lock_init_recursive
                0x0800786c        0x2 D:/gcc-arm/14.3 rel1/bin/../lib/gcc/arm-none-eabi/14.3.1/../../../../arm-none-eabi/lib/thumb/v7-m/nofp\libc_nano.a(libc_a-lock.o)
                0x0800786c                __retarget_lock_init_recursive
 .text.__retarget_lock_acquire_recursive
                0x0800786e        0x2 D:/gcc-arm/14.3 rel1/bin/../lib/gcc/arm-none-eabi/14.3.1/../../../../arm-none-eabi/lib/thumb/v7-m/nofp\libc_nano.a(libc_a-lock.o)
                0x0800786e                __retarget_lock_acquire_recursive
 .text.__retarget_lock_release_recursive
                0x08007870        0x2 D:/gcc-arm/14.3 rel1/bin/../lib/gcc/arm-none-eabi/14.3.1/../../../../arm-none-eabi/lib/thumb/v7-m/nofp\libc_nano.a(libc_a-lock.o)
                0x08007870                __retarget_lock_release_recursive
 .text.memchr   0x08007872       0x1c D:/gcc-arm/14.3 rel1/bin/../lib/gcc/arm-none-eabi/14.3.1/../../../../arm-none-eabi/lib/thumb/v7-m/nofp\libc_nano.a(libc_a-memchr-stub.o)
                0x08007872                memchr
 *fill*         0x0800788e        0x2 
 .text.nanf     0x08007890        0x8 D:/gcc-arm/14.3 rel1/bin/../lib/gcc/arm-none-eabi/14.3.1/../../../../arm-none-eabi/lib/thumb/v7-m/nofp\libc_nano.a(libm_a-sf_nan.o)
                0x08007890                nanf
 .text.quorem   0x08007898      0x110 D:/gcc-arm/14.3 rel1/bin/../lib/gcc/arm-none-eabi/14.3.1/../../../../arm-none-eabi/lib/thumb/v7-m/nofp\libc_nano.a(libc_a-dtoa.o)
 .text._dtoa_r  0x080079a8      0xbcc D:/gcc-arm/14.3 rel1/bin/../lib/gcc/arm-none-eabi/14.3.1/../../../../arm-none-eabi/lib/thumb/v7-m/nofp\libc_nano.a(libc_a-dtoa.o)
                0x080079a8                _dtoa_r
 .text._free_r  0x08008574       0x90 D:/gcc-arm/14.3 rel1/bin/../lib/gcc/arm-none-eabi/14.3.1/../../../../arm-none-eabi/lib/thumb/v7-m/nofp\libc_nano.a(libc_a-freer.o)
                0x08008574                _free_r
 .text.malloc   0x08008604       0x10 D:/gcc-arm/14.3 rel1/bin/../lib/gcc/arm-none-eabi/14.3.1/../../../../arm-none-eabi/lib/thumb/v7-m/nofp\libc_nano.a(libc_a-malloc.o)
                0x08008604                malloc
 .text.sbrk_aligned
                0x08008614       0x44 D:/gcc-arm/14.3 rel1/bin/../lib/gcc/arm-none-eabi/14.3.1/../../../../arm-none-eabi/lib/thumb/v7-m/nofp\libc_nano.a(libc_a-mallocr.o)
 .text._malloc_r
                0x08008658      0x100 D:/gcc-arm/14.3 rel1/bin/../lib/gcc/arm-none-eabi/14.3.1/../../../../arm-none-eabi/lib/thumb/v7-m/nofp\libc_nano.a(libc_a-mallocr.o)
                0x08008658                _malloc_r
 .text.__malloc_lock
                0x08008758        0xc D:/gcc-arm/14.3 rel1/bin/../lib/gcc/arm-none-eabi/14.3.1/../../../../arm-none-eabi/lib/thumb/v7-m/nofp\libc_nano.a(libc_a-mlock.o)
                0x08008758                __malloc_lock
 .text.__malloc_unlock
                0x08008764        0xc D:/gcc-arm/14.3 rel1/bin/../lib/gcc/arm-none-eabi/14.3.1/../../../../arm-none-eabi/lib/thumb/v7-m/nofp\libc_nano.a(libc_a-mlock.o)
                0x08008764                __malloc_unlock
 .text._Balloc  0x08008770       0x7c D:/gcc-arm/14.3 rel1/bin/../lib/gcc/arm-none-eabi/14.3.1/../../../../arm-none-eabi/lib/thumb/v7-m/nofp\libc_nano.a(libc_a-mprec.o)
                0x08008770                _Balloc
 .text._Bfree   0x080087ec       0x44 D:/gcc-arm/14.3 rel1/bin/../lib/gcc/arm-none-eabi/14.3.1/../../../../arm-none-eabi/lib/thumb/v7-m/nofp\libc_nano.a(libc_a-mprec.o)
                0x080087ec                _Bfree
 .text.__multadd
                0x08008830       0x8c D:/gcc-arm/14.3 rel1/bin/../lib/gcc/arm-none-eabi/14.3.1/../../../../arm-none-eabi/lib/thumb/v7-m/nofp\libc_nano.a(libc_a-mprec.o)
                0x08008830                __multadd
 .text.__s2b    0x080088bc       0x94 D:/gcc-arm/14.3 rel1/bin/../lib/gcc/arm-none-eabi/14.3.1/../../../../arm-none-eabi/lib/thumb/v7-m/nofp\libc_nano.a(libc_a-mprec.o)
                0x080088bc                __s2b
 .text.__hi0bits
                0x08008950       0x3e D:/gcc-arm/14.3 rel1/bin/../lib/gcc/arm-none-eabi/14.3.1/../../../../arm-none-eabi/lib/thumb/v7-m/nofp\libc_nano.a(libc_a-mprec.o)
                0x08008950                __hi0bits
 .text.__lo0bits
                0x0800898e       0x5a D:/gcc-arm/14.3 rel1/bin/../lib/gcc/arm-none-eabi/14.3.1/../../../../arm-none-eabi/lib/thumb/v7-m/nofp\libc_nano.a(libc_a-mprec.o)
                0x0800898e                __lo0bits
 .text.__i2b    0x080089e8       0x2c D:/gcc-arm/14.3 rel1/bin/../lib/gcc/arm-none-eabi/14.3.1/../../../../arm-none-eabi/lib/thumb/v7-m/nofp\libc_nano.a(libc_a-mprec.o)
                0x080089e8                __i2b
 .text.__multiply
                0x08008a14      0x150 D:/gcc-arm/14.3 rel1/bin/../lib/gcc/arm-none-eabi/14.3.1/../../../../arm-none-eabi/lib/thumb/v7-m/nofp\libc_nano.a(libc_a-mprec.o)
                0x08008a14                __multiply
 .text.__pow5mult
                0x08008b64       0xb8 D:/gcc-arm/14.3 rel1/bin/../lib/gcc/arm-none-eabi/14.3.1/../../../../arm-none-eabi/lib/thumb/v7-m/nofp\libc_nano.a(libc_a-mprec.o)
                0x08008b64                __pow5mult
 .text.__lshift
                0x08008c1c       0xd8 D:/gcc-arm/14.3 rel1/bin/../lib/gcc/arm-none-eabi/14.3.1/../../../../arm-none-eabi/lib/thumb/v7-m/nofp\libc_nano.a(libc_a-mprec.o)
                0x08008c1c                __lshift
 .text.__mcmp   0x08008cf4       0x36 D:/gcc-arm/14.3 rel1/bin/../lib/gcc/arm-none-eabi/14.3.1/../../../../arm-none-eabi/lib/thumb/v7-m/nofp\libc_nano.a(libc_a-mprec.o)
                0x08008cf4                __mcmp
 *fill*         0x08008d2a        0x2 
 .text.__mdiff  0x08008d2c      0x130 D:/gcc-arm/14.3 rel1/bin/../lib/gcc/arm-none-eabi/14.3.1/../../../../arm-none-eabi/lib/thumb/v7-m/nofp\libc_nano.a(libc_a-mprec.o)
                0x08008d2c                __mdiff
 .text.__ulp    0x08008e5c       0x40 D:/gcc-arm/14.3 rel1/bin/../lib/gcc/arm-none-eabi/14.3.1/../../../../arm-none-eabi/lib/thumb/v7-m/nofp\libc_nano.a(libc_a-mprec.o)
                0x08008e5c                __ulp
 .text.__b2d    0x08008e9c       0x90 D:/gcc-arm/14.3 rel1/bin/../lib/gcc/arm-none-eabi/14.3.1/../../../../arm-none-eabi/lib/thumb/v7-m/nofp\libc_nano.a(libc_a-mprec.o)
                0x08008e9c                __b2d
 .text.__d2b    0x08008f2c       0xb0 D:/gcc-arm/14.3 rel1/bin/../lib/gcc/arm-none-eabi/14.3.1/../../../../arm-none-eabi/lib/thumb/v7-m/nofp\libc_nano.a(libc_a-mprec.o)
                0x08008f2c                __d2b
 .text.__ratio  0x08008fdc       0x60 D:/gcc-arm/14.3 rel1/bin/../lib/gcc/arm-none-eabi/14.3.1/../../../../arm-none-eabi/lib/thumb/v7-m/nofp\libc_nano.a(libc_a-mprec.o)
                0x08008fdc                __ratio
 .text.__copybits
                0x0800903c       0x46 D:/gcc-arm/14.3 rel1/bin/../lib/gcc/arm-none-eabi/14.3.1/../../../../arm-none-eabi/lib/thumb/v7-m/nofp\libc_nano.a(libc_a-mprec.o)
                0x0800903c                __copybits
 .text.__any_on
                0x08009082       0x42 D:/gcc-arm/14.3 rel1/bin/../lib/gcc/arm-none-eabi/14.3.1/../../../../arm-none-eabi/lib/thumb/v7-m/nofp\libc_nano.a(libc_a-mprec.o)
                0x08009082                __any_on
 .text.sulp     0x080090c4       0x42 D:/gcc-arm/14.3 rel1/bin/../lib/gcc/arm-none-eabi/14.3.1/../../../../arm-none-eabi/lib/thumb/v7-m/nofp\libc_nano.a(libc_a-strtod.o)
 *fill*         0x08009106        0x2 
 .text._strtod_l
                0x08009108      0xba8 D:/gcc-arm/14.3 rel1/bin/../lib/gcc/arm-none-eabi/14.3.1/../../../../arm-none-eabi/lib/thumb/v7-m/nofp\libc_nano.a(libc_a-strtod.o)
                0x08009108                _strtod_l
 .text._strtod_r
                0x08009cb0        0xc D:/gcc-arm/14.3 rel1/bin/../lib/gcc/arm-none-eabi/14.3.1/../../../../arm-none-eabi/lib/thumb/v7-m/nofp\libc_nano.a(libc_a-strtod.o)
                0x08009cb0                _strtod_r
 .text._strtol_l.isra.0
                0x08009cbc       0xf4 D:/gcc-arm/14.3 rel1/bin/../lib/gcc/arm-none-eabi/14.3.1/../../../../arm-none-eabi/lib/thumb/v7-m/nofp\libc_nano.a(libc_a-strtol.o)
 .text._strtol_r
                0x08009db0        0x4 D:/gcc-arm/14.3 rel1/bin/../lib/gcc/arm-none-eabi/14.3.1/../../../../arm-none-eabi/lib/thumb/v7-m/nofp\libc_nano.a(libc_a-strtol.o)
                0x08009db0                _strtol_r
 .text.__ssputs_r
                0x08009db4       0xc0 D:/gcc-arm/14.3 rel1/bin/../lib/gcc/arm-none-eabi/14.3.1/../../../../arm-none-eabi/lib/thumb/v7-m/nofp\libc_nano.a(libc_a-nano-svfprintf.o)
                0x08009db4                __ssputs_r
 .text._svfprintf_r
                0x08009e74      0x1f0 D:/gcc-arm/14.3 rel1/bin/../lib/gcc/arm-none-eabi/14.3.1/../../../../arm-none-eabi/lib/thumb/v7-m/nofp\libc_nano.a(libc_a-nano-svfprintf.o)
                0x08009e74                _svfiprintf_r
                0x08009e74                _svfprintf_r
 .text.__sfputc_r
                0x0800a064       0x2a D:/gcc-arm/14.3 rel1/bin/../lib/gcc/arm-none-eabi/14.3.1/../../../../arm-none-eabi/lib/thumb/v7-m/nofp\libc_nano.a(libc_a-nano-vfprintf.o)
 .text.__sfputs_r
                0x0800a08e       0x24 D:/gcc-arm/14.3 rel1/bin/../lib/gcc/arm-none-eabi/14.3.1/../../../../arm-none-eabi/lib/thumb/v7-m/nofp\libc_nano.a(libc_a-nano-vfprintf.o)
                0x0800a08e                __sfputs_r
 *fill*         0x0800a0b2        0x2 
 .text._vfprintf_r
                0x0800a0b4      0x228 D:/gcc-arm/14.3 rel1/bin/../lib/gcc/arm-none-eabi/14.3.1/../../../../arm-none-eabi/lib/thumb/v7-m/nofp\libc_nano.a(libc_a-nano-vfprintf.o)
                0x0800a0b4                _vfprintf_r
                0x0800a0b4                _vfiprintf_r
 .text.__sflush_r
                0x0800a2dc       0xfc D:/gcc-arm/14.3 rel1/bin/../lib/gcc/arm-none-eabi/14.3.1/../../../../arm-none-eabi/lib/thumb/v7-m/nofp\libc_nano.a(libc_a-fflush.o)
                0x0800a2dc                __sflush_r
 .text._fflush_r
                0x0800a3d8       0x50 D:/gcc-arm/14.3 rel1/bin/../lib/gcc/arm-none-eabi/14.3.1/../../../../arm-none-eabi/lib/thumb/v7-m/nofp\libc_nano.a(libc_a-fflush.o)
                0x0800a3d8                _fflush_r
 .text.__swhatbuf_r
                0x0800a428       0x48 D:/gcc-arm/14.3 rel1/bin/../lib/gcc/arm-none-eabi/14.3.1/../../../../arm-none-eabi/lib/thumb/v7-m/nofp\libc_nano.a(libc_a-makebuf.o)
                0x0800a428                __swhatbuf_r
 .text.__smakebuf_r
                0x0800a470       0x72 D:/gcc-arm/14.3 rel1/bin/../lib/gcc/arm-none-eabi/14.3.1/../../../../arm-none-eabi/lib/thumb/v7-m/nofp\libc_nano.a(libc_a-makebuf.o)
                0x0800a470                __smakebuf_r
 .text.memmove  0x0800a4e2       0x32 D:/gcc-arm/14.3 rel1/bin/../lib/gcc/arm-none-eabi/14.3.1/../../../../arm-none-eabi/lib/thumb/v7-m/nofp\libc_nano.a(libc_a-memmove.o)
                0x0800a4e2                memmove
 .text.strncmp  0x0800a514       0x24 D:/gcc-arm/14.3 rel1/bin/../lib/gcc/arm-none-eabi/14.3.1/../../../../arm-none-eabi/lib/thumb/v7-m/nofp\libc_nano.a(libc_a-strncmp.o)
                0x0800a514                strncmp
 .text._fstat_r
                0x0800a538       0x24 D:/gcc-arm/14.3 rel1/bin/../lib/gcc/arm-none-eabi/14.3.1/../../../../arm-none-eabi/lib/thumb/v7-m/nofp\libc_nano.a(libc_a-fstatr.o)
                0x0800a538                _fstat_r
 .text._isatty_r
                0x0800a55c       0x20 D:/gcc-arm/14.3 rel1/bin/../lib/gcc/arm-none-eabi/14.3.1/../../../../arm-none-eabi/lib/thumb/v7-m/nofp\libc_nano.a(libc_a-isattyr.o)
                0x0800a55c                _isatty_r
 .text._sbrk_r  0x0800a57c       0x20 D:/gcc-arm/14.3 rel1/bin/../lib/gcc/arm-none-eabi/14.3.1/../../../../arm-none-eabi/lib/thumb/v7-m/nofp\libc_nano.a(libc_a-sbrkr.o)
                0x0800a57c                _sbrk_r
 .text.memcpy   0x0800a59c       0x1c D:/gcc-arm/14.3 rel1/bin/../lib/gcc/arm-none-eabi/14.3.1/../../../../arm-none-eabi/lib/thumb/v7-m/nofp\libc_nano.a(libc_a-memcpy-stub.o)
                0x0800a59c                memcpy
 .text.nan      0x0800a5b8        0xc D:/gcc-arm/14.3 rel1/bin/../lib/gcc/arm-none-eabi/14.3.1/../../../../arm-none-eabi/lib/thumb/v7-m/nofp\libc_nano.a(libm_a-s_nan.o)
                0x0800a5b8                nan
 .text.__assert_func
                0x0800a5c4       0x3c D:/gcc-arm/14.3 rel1/bin/../lib/gcc/arm-none-eabi/14.3.1/../../../../arm-none-eabi/lib/thumb/v7-m/nofp\libc_nano.a(libc_a-assert.o)
                0x0800a5c4                __assert_func
 .text._calloc_r
                0x0800a600       0x28 D:/gcc-arm/14.3 rel1/bin/../lib/gcc/arm-none-eabi/14.3.1/../../../../arm-none-eabi/lib/thumb/v7-m/nofp\libc_nano.a(libc_a-callocr.o)
                0x0800a600                _calloc_r
 .text.rshift   0x0800a628       0xa6 D:/gcc-arm/14.3 rel1/bin/../lib/gcc/arm-none-eabi/14.3.1/../../../../arm-none-eabi/lib/thumb/v7-m/nofp\libc_nano.a(libc_a-gdtoa-gethex.o)
 .text.__hexdig_fun
                0x0800a6ce       0x2a D:/gcc-arm/14.3 rel1/bin/../lib/gcc/arm-none-eabi/14.3.1/../../../../arm-none-eabi/lib/thumb/v7-m/nofp\libc_nano.a(libc_a-gdtoa-gethex.o)
                0x0800a6ce                __hexdig_fun
 .text.__gethex
                0x0800a6f8      0x420 D:/gcc-arm/14.3 rel1/bin/../lib/gcc/arm-none-eabi/14.3.1/../../../../arm-none-eabi/lib/thumb/v7-m/nofp\libc_nano.a(libc_a-gdtoa-gethex.o)
                0x0800a6f8                __gethex
 .text.L_shift  0x0800ab18       0x24 D:/gcc-arm/14.3 rel1/bin/../lib/gcc/arm-none-eabi/14.3.1/../../../../arm-none-eabi/lib/thumb/v7-m/nofp\libc_nano.a(libc_a-gdtoa-hexnan.o)
 .text.__match  0x0800ab3c       0x28 D:/gcc-arm/14.3 rel1/bin/../lib/gcc/arm-none-eabi/14.3.1/../../../../arm-none-eabi/lib/thumb/v7-m/nofp\libc_nano.a(libc_a-gdtoa-hexnan.o)
                0x0800ab3c                __match
 .text.__hexnan
                0x0800ab64      0x13a D:/gcc-arm/14.3 rel1/bin/../lib/gcc/arm-none-eabi/14.3.1/../../../../arm-none-eabi/lib/thumb/v7-m/nofp\libc_nano.a(libc_a-gdtoa-hexnan.o)
                0x0800ab64                __hexnan
 .text.__ascii_mbtowc
                0x0800ac9e       0x24 D:/gcc-arm/14.3 rel1/bin/../lib/gcc/arm-none-eabi/14.3.1/../../../../arm-none-eabi/lib/thumb/v7-m/nofp\libc_nano.a(libc_a-mbtowc_r.o)
                0x0800ac9e                __ascii_mbtowc
 .text._realloc_r
                0x0800acc2       0x5c D:/gcc-arm/14.3 rel1/bin/../lib/gcc/arm-none-eabi/14.3.1/../../../../arm-none-eabi/lib/thumb/v7-m/nofp\libc_nano.a(libc_a-reallocr.o)
                0x0800acc2                _realloc_r
 .text.__ascii_wctomb
                0x0800ad1e       0x1a D:/gcc-arm/14.3 rel1/bin/../lib/gcc/arm-none-eabi/14.3.1/../../../../arm-none-eabi/lib/thumb/v7-m/nofp\libc_nano.a(libc_a-wctomb_r.o)
                0x0800ad1e                __ascii_wctomb
 .text.fprintf  0x0800ad38       0x24 D:/gcc-arm/14.3 rel1/bin/../lib/gcc/arm-none-eabi/14.3.1/../../../../arm-none-eabi/lib/thumb/v7-m/nofp\libc_nano.a(libc_a-fprintf.o)
                0x0800ad38                fiprintf
                0x0800ad38                fprintf
 .text.abort    0x0800ad5c        0xe D:/gcc-arm/14.3 rel1/bin/../lib/gcc/arm-none-eabi/14.3.1/../../../../arm-none-eabi/lib/thumb/v7-m/nofp\libc_nano.a(libc_a-abort.o)
                0x0800ad5c                abort
 .text._malloc_usable_size_r
                0x0800ad6a       0x10 D:/gcc-arm/14.3 rel1/bin/../lib/gcc/arm-none-eabi/14.3.1/../../../../arm-none-eabi/lib/thumb/v7-m/nofp\libc_nano.a(libc_a-msizer.o)
                0x0800ad6a                _malloc_usable_size_r
 .text._raise_r
                0x0800ad7a       0x50 D:/gcc-arm/14.3 rel1/bin/../lib/gcc/arm-none-eabi/14.3.1/../../../../arm-none-eabi/lib/thumb/v7-m/nofp\libc_nano.a(libc_a-signal.o)
                0x0800ad7a                _raise_r
 *fill*         0x0800adca        0x2 
 .text.raise    0x0800adcc       0x10 D:/gcc-arm/14.3 rel1/bin/../lib/gcc/arm-none-eabi/14.3.1/../../../../arm-none-eabi/lib/thumb/v7-m/nofp\libc_nano.a(libc_a-signal.o)
                0x0800adcc                raise
 .text._kill_r  0x0800addc       0x24 D:/gcc-arm/14.3 rel1/bin/../lib/gcc/arm-none-eabi/14.3.1/../../../../arm-none-eabi/lib/thumb/v7-m/nofp\libc_nano.a(libc_a-signalr.o)
                0x0800addc                _kill_r
 .text._getpid_r
                0x0800ae00        0x4 D:/gcc-arm/14.3 rel1/bin/../lib/gcc/arm-none-eabi/14.3.1/../../../../arm-none-eabi/lib/thumb/v7-m/nofp\libc_nano.a(libc_a-signalr.o)
                0x0800ae00                _getpid_r
 .text.__fixdfdi
                0x0800ae04       0x30 D:/gcc-arm/14.3 rel1/bin/../lib/gcc/arm-none-eabi/14.3.1/thumb/v7-m/nofp\libgcc.a(_fixdfdi.o)
                0x0800ae04                __fixdfdi
                0x0800ae04                __aeabi_d2lz
 .text.__fixunsdfdi
                0x0800ae34       0x3c D:/gcc-arm/14.3 rel1/bin/../lib/gcc/arm-none-eabi/14.3.1/thumb/v7-m/nofp\libgcc.a(_fixunsdfdi.o)
                0x0800ae34                __fixunsdfdi
                0x0800ae34                __aeabi_d2ulz
 *(.glue_7)
 .glue_7        0x0800ae70        0x0 linker stubs
 *(.glue_7t)
 .glue_7t       0x0800ae70        0x0 linker stubs
 *(.eh_frame)
 .eh_frame      0x0800ae70        0x0 D:/gcc-arm/14.3 rel1/bin/../lib/gcc/arm-none-eabi/14.3.1/thumb/v7-m/nofp/crtbegin.o
 *(.init)
 .init          0x0800ae70        0x4 D:/gcc-arm/14.3 rel1/bin/../lib/gcc/arm-none-eabi/14.3.1/thumb/v7-m/nofp/crti.o
                0x0800ae70                _init
 .init          0x0800ae74        0x8 D:/gcc-arm/14.3 rel1/bin/../lib/gcc/arm-none-eabi/14.3.1/thumb/v7-m/nofp/crtn.o
 *(.fini)
 .fini          0x0800ae7c        0x4 D:/gcc-arm/14.3 rel1/bin/../lib/gcc/arm-none-eabi/14.3.1/thumb/v7-m/nofp/crti.o
                0x0800ae7c                _fini
 .fini          0x0800ae80        0x8 D:/gcc-arm/14.3 rel1/bin/../lib/gcc/arm-none-eabi/14.3.1/thumb/v7-m/nofp/crtn.o
                0x0800ae88                        . = ALIGN (0x4)
                0x0800ae88                        _etext = .

.vfp11_veneer   0x0800ae88        0x0
 .vfp11_veneer  0x0800ae88        0x0 linker stubs

.v4_bx          0x0800ae88        0x0
 .v4_bx         0x0800ae88        0x0 linker stubs

.iplt           0x0800ae88        0x0
 .iplt          0x0800ae88        0x0 D:/gcc-arm/14.3 rel1/bin/../lib/gcc/arm-none-eabi/14.3.1/thumb/v7-m/nofp/crtbegin.o

.rodata         0x0800ae88      0x5ec
                0x0800ae88                        . = ALIGN (0x4)
 *(.rodata)
 *(.rodata*)
 .rodata.USBD_FS_ProductStrDescriptor.str1.4
                0x0800ae88      0x19c build/usbd_desc.o
                                 0x16 (size before relaxing)
 .rodata.USBD_FS_ManufacturerStrDescriptor.str1.4
                0x0800b024       0x13 build/usbd_desc.o
 .rodata.USBD_FS_ConfigStrDescriptor.str1.4
                0x0800b024        0xb build/usbd_desc.o
 .rodata.USBD_FS_InterfaceStrDescriptor.str1.4
                0x0800b024        0xe build/usbd_desc.o
 .rodata.aPredivFactorTable.0
                0x0800b024        0x2 build/stm32f1xx_hal_rcc.o
 *fill*         0x0800b026        0x2 
 .rodata.aPLLMULFactorTable.1
                0x0800b028       0x10 build/stm32f1xx_hal_rcc.o
 .rodata.AHBPrescTable
                0x0800b038       0x10 build/system_stm32f1xx.o
                0x0800b038                AHBPrescTable
 .rodata.DPPTMInitial.str1.4
                0x0800b048       0x83 build/DPPTM.o
 .rodata.print_voltage.str1.4
                0x0800b048       0xcc build/ADCAPP.o
 .rodata._printf_float.str1.1
                0x0800b048      0x1d9 D:/gcc-arm/14.3 rel1/bin/../lib/gcc/arm-none-eabi/14.3.1/../../../../arm-none-eabi/lib/thumb/v7-m/nofp\libc_nano.a(libc_a-nano-vfprintf_float.o)
                                 0x12 (size before relaxing)
 .rodata._printf_i.str1.1
                0x0800b221       0x22 D:/gcc-arm/14.3 rel1/bin/../lib/gcc/arm-none-eabi/14.3.1/../../../../arm-none-eabi/lib/thumb/v7-m/nofp\libc_nano.a(libc_a-nano-vfprintf_i.o)
 .rodata._scanf_float.str1.1
                0x0800b221        0x6 D:/gcc-arm/14.3 rel1/bin/../lib/gcc/arm-none-eabi/14.3.1/../../../../arm-none-eabi/lib/thumb/v7-m/nofp\libc_nano.a(libc_a-nano-vfscanf_float.o)
 .rodata._dtoa_r.str1.1
                0x0800b221       0x90 D:/gcc-arm/14.3 rel1/bin/../lib/gcc/arm-none-eabi/14.3.1/../../../../arm-none-eabi/lib/thumb/v7-m/nofp\libc_nano.a(libc_a-dtoa.o)
 .rodata._Balloc.str1.1
                0x0800b221       0x71 D:/gcc-arm/14.3 rel1/bin/../lib/gcc/arm-none-eabi/14.3.1/../../../../arm-none-eabi/lib/thumb/v7-m/nofp\libc_nano.a(libc_a-mprec.o)
 .rodata.__multadd.str1.1
                0x0800b221       0x11 D:/gcc-arm/14.3 rel1/bin/../lib/gcc/arm-none-eabi/14.3.1/../../../../arm-none-eabi/lib/thumb/v7-m/nofp\libc_nano.a(libc_a-mprec.o)
 *fill*         0x0800b221        0x3 
 .rodata.p05.0  0x0800b224        0xc D:/gcc-arm/14.3 rel1/bin/../lib/gcc/arm-none-eabi/14.3.1/../../../../arm-none-eabi/lib/thumb/v7-m/nofp\libc_nano.a(libc_a-mprec.o)
 .rodata.__mprec_bigtens
                0x0800b230       0x28 D:/gcc-arm/14.3 rel1/bin/../lib/gcc/arm-none-eabi/14.3.1/../../../../arm-none-eabi/lib/thumb/v7-m/nofp\libc_nano.a(libc_a-mprec.o)
                0x0800b230                __mprec_bigtens
 .rodata.__mprec_tens
                0x0800b258       0xc8 D:/gcc-arm/14.3 rel1/bin/../lib/gcc/arm-none-eabi/14.3.1/../../../../arm-none-eabi/lib/thumb/v7-m/nofp\libc_nano.a(libc_a-mprec.o)
                0x0800b258                __mprec_tens
 .rodata._strtod_l.str1.1
                0x0800b320        0xf D:/gcc-arm/14.3 rel1/bin/../lib/gcc/arm-none-eabi/14.3.1/../../../../arm-none-eabi/lib/thumb/v7-m/nofp\libc_nano.a(libc_a-strtod.o)
 .rodata.fpinan.0
                0x0800b320       0x14 D:/gcc-arm/14.3 rel1/bin/../lib/gcc/arm-none-eabi/14.3.1/../../../../arm-none-eabi/lib/thumb/v7-m/nofp\libc_nano.a(libc_a-strtod.o)
 .rodata.fpi.1  0x0800b334       0x14 D:/gcc-arm/14.3 rel1/bin/../lib/gcc/arm-none-eabi/14.3.1/../../../../arm-none-eabi/lib/thumb/v7-m/nofp\libc_nano.a(libc_a-strtod.o)
 .rodata.tinytens
                0x0800b348       0x28 D:/gcc-arm/14.3 rel1/bin/../lib/gcc/arm-none-eabi/14.3.1/../../../../arm-none-eabi/lib/thumb/v7-m/nofp\libc_nano.a(libc_a-strtod.o)
 .rodata._ctype_
                0x0800b370      0x101 D:/gcc-arm/14.3 rel1/bin/../lib/gcc/arm-none-eabi/14.3.1/../../../../arm-none-eabi/lib/thumb/v7-m/nofp\libc_nano.a(libc_a-ctype_.o)
                0x0800b370                _ctype_
 .rodata._svfprintf_r.str1.1
                0x0800b471       0x11 D:/gcc-arm/14.3 rel1/bin/../lib/gcc/arm-none-eabi/14.3.1/../../../../arm-none-eabi/lib/thumb/v7-m/nofp\libc_nano.a(libc_a-nano-svfprintf.o)
 .rodata._vfprintf_r.str1.1
                0x0800b471       0x11 D:/gcc-arm/14.3 rel1/bin/../lib/gcc/arm-none-eabi/14.3.1/../../../../arm-none-eabi/lib/thumb/v7-m/nofp\libc_nano.a(libc_a-nano-vfprintf.o)
 .rodata._setlocale_r.str1.1
                0x0800b471        0x9 D:/gcc-arm/14.3 rel1/bin/../lib/gcc/arm-none-eabi/14.3.1/../../../../arm-none-eabi/lib/thumb/v7-m/nofp\libc_nano.a(libc_a-locale.o)
 .rodata.str1.1
                0x0800b471        0x2 D:/gcc-arm/14.3 rel1/bin/../lib/gcc/arm-none-eabi/14.3.1/../../../../arm-none-eabi/lib/thumb/v7-m/nofp\libc_nano.a(libc_a-locale.o)
 .rodata.__assert_func.str1.1
                0x0800b471       0x3d D:/gcc-arm/14.3 rel1/bin/../lib/gcc/arm-none-eabi/14.3.1/../../../../arm-none-eabi/lib/thumb/v7-m/nofp\libc_nano.a(libc_a-assert.o)
 .rodata.__gethex.str1.1
                0x0800b471       0x74 D:/gcc-arm/14.3 rel1/bin/../lib/gcc/arm-none-eabi/14.3.1/../../../../arm-none-eabi/lib/thumb/v7-m/nofp\libc_nano.a(libc_a-gdtoa-gethex.o)
                0x0800b4e8                        . = ALIGN (0x4)
 *fill*         0x0800b471        0x3 

.ARM.extab      0x0800b474        0x0
                0x0800b474                        . = ALIGN (0x4)
 *(.ARM.extab* .gnu.linkonce.armextab.*)
                0x0800b474                        . = ALIGN (0x4)

.ARM            0x0800b474        0x8
                0x0800b474                        . = ALIGN (0x4)
                0x0800b474                        __exidx_start = .
 *(.ARM.exidx*)
 .ARM.exidx     0x0800b474        0x8 D:/gcc-arm/14.3 rel1/bin/../lib/gcc/arm-none-eabi/14.3.1/../../../../arm-none-eabi/lib/thumb/v7-m/nofp\libc_nano.a(libc_a-strlen.o)
                0x0800b47c                        __exidx_end = .
                0x0800b47c                        . = ALIGN (0x4)

.preinit_array  0x0800b47c        0x0
                0x0800b47c                        . = ALIGN (0x4)
                0x0800b47c                        PROVIDE (__preinit_array_start = .)
 *(.preinit_array*)
                0x0800b47c                        PROVIDE (__preinit_array_end = .)
                0x0800b47c                        . = ALIGN (0x4)

.init_array     0x0800b47c        0x4
                0x0800b47c                        . = ALIGN (0x4)
                0x0800b47c                        PROVIDE (__init_array_start = .)
 *(SORT_BY_NAME(.init_array.*))
 *(.init_array*)
 .init_array    0x0800b47c        0x4 D:/gcc-arm/14.3 rel1/bin/../lib/gcc/arm-none-eabi/14.3.1/thumb/v7-m/nofp/crtbegin.o
                0x0800b480                        PROVIDE (__init_array_end = .)
                0x0800b480                        . = ALIGN (0x4)

.fini_array     0x0800b480        0x4
                0x0800b480                        . = ALIGN (0x4)
                [!provide]                        PROVIDE (__fini_array_start = .)
 *(SORT_BY_NAME(.fini_array.*))
 *(.fini_array*)
 .fini_array    0x0800b480        0x4 D:/gcc-arm/14.3 rel1/bin/../lib/gcc/arm-none-eabi/14.3.1/thumb/v7-m/nofp/crtbegin.o
                [!provide]                        PROVIDE (__fini_array_end = .)
                0x0800b484                        . = ALIGN (0x4)
                0x0800b484                        _sidata = LOADADDR (.data)

.rel.dyn        0x0800b484        0x0
 .rel.iplt      0x0800b484        0x0 D:/gcc-arm/14.3 rel1/bin/../lib/gcc/arm-none-eabi/14.3.1/thumb/v7-m/nofp/crtbegin.o

.data           0x20000000      0x344 load address 0x0800b484
                0x20000000                        . = ALIGN (0x4)
                0x20000000                        _sdata = .
 *(.data)
 *(.data*)
 .data.USBD_StringSerial
                0x20000000       0x1a build/usbd_desc.o
                0x20000000                USBD_StringSerial
 *fill*         0x2000001a        0x2 
 .data.USBD_LangIDDesc
                0x2000001c        0x4 build/usbd_desc.o
                0x2000001c                USBD_LangIDDesc
 .data.USBD_FS_DeviceDesc
                0x20000020       0x12 build/usbd_desc.o
                0x20000020                USBD_FS_DeviceDesc
 *fill*         0x20000032        0x2 
 .data.FS_Desc  0x20000034       0x1c build/usbd_desc.o
                0x20000034                FS_Desc
 .data.USBD_Interface_fops_FS
                0x20000050       0x10 build/usbd_cdc_if.o
                0x20000050                USBD_Interface_fops_FS
 .data.uwTickFreq
                0x20000060        0x1 build/stm32f1xx_hal.o
                0x20000060                uwTickFreq
 *fill*         0x20000061        0x3 
 .data.uwTickPrio
                0x20000064        0x4 build/stm32f1xx_hal.o
                0x20000064                uwTickPrio
 .data.SystemCoreClock
                0x20000068        0x4 build/system_stm32f1xx.o
                0x20000068                SystemCoreClock
 .data.USBD_CDC_OtherSpeedCfgDesc
                0x2000006c       0x43 build/usbd_cdc.o
                0x2000006c                USBD_CDC_OtherSpeedCfgDesc
 *fill*         0x200000af        0x1 
 .data.USBD_CDC_CfgFSDesc
                0x200000b0       0x43 build/usbd_cdc.o
                0x200000b0                USBD_CDC_CfgFSDesc
 *fill*         0x200000f3        0x1 
 .data.USBD_CDC_CfgHSDesc
                0x200000f4       0x43 build/usbd_cdc.o
                0x200000f4                USBD_CDC_CfgHSDesc
 *fill*         0x20000137        0x1 
 .data.USBD_CDC
                0x20000138       0x38 build/usbd_cdc.o
                0x20000138                USBD_CDC
 .data.USBD_CDC_DeviceQualifierDesc
                0x20000170        0xa build/usbd_cdc.o
 *fill*         0x2000017a        0x2 
 .data.__sglue  0x2000017c        0xc D:/gcc-arm/14.3 rel1/bin/../lib/gcc/arm-none-eabi/14.3.1/../../../../arm-none-eabi/lib/thumb/v7-m/nofp\libc_nano.a(libc_a-findfp.o)
                0x2000017c                __sglue
 .data._impure_ptr
                0x20000188        0x4 D:/gcc-arm/14.3 rel1/bin/../lib/gcc/arm-none-eabi/14.3.1/../../../../arm-none-eabi/lib/thumb/v7-m/nofp\libc_nano.a(libc_a-impure.o)
                0x20000188                _impure_ptr
 .data._impure_data
                0x2000018c       0x4c D:/gcc-arm/14.3 rel1/bin/../lib/gcc/arm-none-eabi/14.3.1/../../../../arm-none-eabi/lib/thumb/v7-m/nofp\libc_nano.a(libc_a-impure.o)
                0x2000018c                _impure_data
 .data.__global_locale
                0x200001d8      0x16c D:/gcc-arm/14.3 rel1/bin/../lib/gcc/arm-none-eabi/14.3.1/../../../../arm-none-eabi/lib/thumb/v7-m/nofp\libc_nano.a(libc_a-locale.o)
                0x200001d8                __global_locale
 *(.RamFunc)
 *(.RamFunc*)
                0x20000344                        . = ALIGN (0x4)
                0x20000344                        _edata = .

.tm_clone_table
                0x20000344        0x0 load address 0x0800b7c8
 .tm_clone_table
                0x20000344        0x0 D:/gcc-arm/14.3 rel1/bin/../lib/gcc/arm-none-eabi/14.3.1/thumb/v7-m/nofp/crtbegin.o
 .tm_clone_table
                0x20000344        0x0 D:/gcc-arm/14.3 rel1/bin/../lib/gcc/arm-none-eabi/14.3.1/thumb/v7-m/nofp/crtend.o

.igot.plt       0x20000344        0x0 load address 0x0800b7c8
 .igot.plt      0x20000344        0x0 D:/gcc-arm/14.3 rel1/bin/../lib/gcc/arm-none-eabi/14.3.1/thumb/v7-m/nofp/crtbegin.o
                0x20000344                        . = ALIGN (0x4)

.bss            0x20000344     0x1bd8 load address 0x0800b7c8
                0x20000344                        _sbss = .
                0x20000344                        __bss_start__ = _sbss
 *(.bss)
 *(.bss*)
 .bss.completed.1
                0x20000344        0x1 D:/gcc-arm/14.3 rel1/bin/../lib/gcc/arm-none-eabi/14.3.1/thumb/v7-m/nofp/crtbegin.o
 *fill*         0x20000345        0x3 
 .bss.object.0  0x20000348       0x18 D:/gcc-arm/14.3 rel1/bin/../lib/gcc/arm-none-eabi/14.3.1/thumb/v7-m/nofp/crtbegin.o
 .bss.hUsbDeviceFS
                0x20000360      0x2c4 build/usb_device.o
                0x20000360                hUsbDeviceFS
 .bss.USBD_StrDesc
                0x20000624      0x200 build/usbd_desc.o
                0x20000624                USBD_StrDesc
 .bss.UserTxBufferFS
                0x20000824      0x800 build/usbd_cdc_if.o
                0x20000824                UserTxBufferFS
 .bss.UserRxBufferFS
                0x20001024      0x800 build/usbd_cdc_if.o
                0x20001024                UserRxBufferFS
 .bss.mem.0     0x20001824      0x220 build/usbd_conf.o
 .bss.hpcd_USB_FS
                0x20001a44      0x2d8 build/usbd_conf.o
                0x20001a44                hpcd_USB_FS
 .bss.uwTick    0x20001d1c        0x4 build/stm32f1xx_hal.o
                0x20001d1c                uwTick
 .bss.cfgidx.0  0x20001d20        0x1 build/usbd_ctlreq.o
 *fill*         0x20001d21        0x3 
 .bss.__sbrk_heap_end
                0x20001d24        0x4 build/sysmem.o
 .bss.wait.0    0x20001d28        0x1 build/DPPTMIIC.o
 *fill*         0x20001d29        0x3 
 .bss.hdma_adc1
                0x20001d2c       0x44 build/adc.o
                0x20001d2c                hdma_adc1
 .bss.hadc1     0x20001d70       0x30 build/adc.o
                0x20001d70                hadc1
 .bss.adc_dma_complete
                0x20001da0        0x1 build/ADCAPP.o
                0x20001da0                adc_dma_complete
 *fill*         0x20001da1        0x3 
 .bss.adcbuf    0x20001da4       0x2c build/ADCAPP.o
                0x20001da4                adcbuf
 .bss.__sf      0x20001dd0      0x138 D:/gcc-arm/14.3 rel1/bin/../lib/gcc/arm-none-eabi/14.3.1/../../../../arm-none-eabi/lib/thumb/v7-m/nofp\libc_nano.a(libc_a-findfp.o)
                0x20001dd0                __sf
 .bss.__stdio_exit_handler
                0x20001f08        0x4 D:/gcc-arm/14.3 rel1/bin/../lib/gcc/arm-none-eabi/14.3.1/../../../../arm-none-eabi/lib/thumb/v7-m/nofp\libc_nano.a(libc_a-findfp.o)
                0x20001f08                __stdio_exit_handler
 .bss.errno     0x20001f0c        0x4 D:/gcc-arm/14.3 rel1/bin/../lib/gcc/arm-none-eabi/14.3.1/../../../../arm-none-eabi/lib/thumb/v7-m/nofp\libc_nano.a(libc_a-reent.o)
                0x20001f0c                errno
 .bss.__lock___malloc_recursive_mutex
                0x20001f10        0x1 D:/gcc-arm/14.3 rel1/bin/../lib/gcc/arm-none-eabi/14.3.1/../../../../arm-none-eabi/lib/thumb/v7-m/nofp\libc_nano.a(libc_a-lock.o)
                0x20001f10                __lock___malloc_recursive_mutex
 .bss.__lock___sfp_recursive_mutex
                0x20001f11        0x1 D:/gcc-arm/14.3 rel1/bin/../lib/gcc/arm-none-eabi/14.3.1/../../../../arm-none-eabi/lib/thumb/v7-m/nofp\libc_nano.a(libc_a-lock.o)
                0x20001f11                __lock___sfp_recursive_mutex
 *fill*         0x20001f12        0x2 
 .bss.__malloc_sbrk_start
                0x20001f14        0x4 D:/gcc-arm/14.3 rel1/bin/../lib/gcc/arm-none-eabi/14.3.1/../../../../arm-none-eabi/lib/thumb/v7-m/nofp\libc_nano.a(libc_a-mallocr.o)
                0x20001f14                __malloc_sbrk_start
 .bss.__malloc_free_list
                0x20001f18        0x4 D:/gcc-arm/14.3 rel1/bin/../lib/gcc/arm-none-eabi/14.3.1/../../../../arm-none-eabi/lib/thumb/v7-m/nofp\libc_nano.a(libc_a-mallocr.o)
                0x20001f18                __malloc_free_list
 *(COMMON)
                0x20001f1c                        . = ALIGN (0x4)
                0x20001f1c                        _ebss = .
                0x20001f1c                        __bss_end__ = _ebss

._user_heap_stack
                0x20001f1c     0x2004 load address 0x0800b7c8
                0x20001f20                        . = ALIGN (0x8)
 *fill*         0x20001f1c        0x4 
                [!provide]                        PROVIDE (end = .)
                0x20001f20                        PROVIDE (_end = .)
                0x20002f20                        . = (. + _Min_Heap_Size)
 *fill*         0x20001f20     0x1000 
                0x20003f20                        . = (. + _Min_Stack_Size)
 *fill*         0x20002f20     0x1000 
                0x20003f20                        . = ALIGN (0x8)

/DISCARD/
 libc.a(*)
 libm.a(*)
 libgcc.a(*)
OUTPUT(build/Bare.elf elf32-littlearm)
LOAD linker stubs
LOAD D:/gcc-arm/14.3 rel1/bin/../lib/gcc/arm-none-eabi/14.3.1/../../../../arm-none-eabi/lib/thumb/v7-m/nofp\libc.a
LOAD D:/gcc-arm/14.3 rel1/bin/../lib/gcc/arm-none-eabi/14.3.1/../../../../arm-none-eabi/lib/thumb/v7-m/nofp\libm.a
LOAD D:/gcc-arm/14.3 rel1/bin/../lib/gcc/arm-none-eabi/14.3.1/thumb/v7-m/nofp\libgcc.a

.ARM.attributes
                0x00000000       0x29
 .ARM.attributes
                0x00000000       0x1d D:/gcc-arm/14.3 rel1/bin/../lib/gcc/arm-none-eabi/14.3.1/thumb/v7-m/nofp/crti.o
 .ARM.attributes
                0x0000001d       0x2d D:/gcc-arm/14.3 rel1/bin/../lib/gcc/arm-none-eabi/14.3.1/thumb/v7-m/nofp/crtbegin.o
 .ARM.attributes
                0x0000004a       0x2d build/main.o
 .ARM.attributes
                0x00000077       0x2d build/gpio.o
 .ARM.attributes
                0x000000a4       0x2d build/stm32f1xx_it.o
 .ARM.attributes
                0x000000d1       0x2d build/stm32f1xx_hal_msp.o
 .ARM.attributes
                0x000000fe       0x2d build/usb_device.o
 .ARM.attributes
                0x0000012b       0x2d build/usbd_desc.o
 .ARM.attributes
                0x00000158       0x2d build/usbd_cdc_if.o
 .ARM.attributes
                0x00000185       0x2d build/usbd_conf.o
 .ARM.attributes
                0x000001b2       0x2d build/stm32f1xx_hal_pcd.o
 .ARM.attributes
                0x000001df       0x2d build/stm32f1xx_hal_pcd_ex.o
 .ARM.attributes
                0x0000020c       0x2d build/stm32f1xx_ll_usb.o
 .ARM.attributes
                0x00000239       0x2d build/stm32f1xx_hal.o
 .ARM.attributes
                0x00000266       0x2d build/stm32f1xx_hal_rcc.o
 .ARM.attributes
                0x00000293       0x2d build/stm32f1xx_hal_rcc_ex.o
 .ARM.attributes
                0x000002c0       0x2d build/stm32f1xx_hal_gpio.o
 .ARM.attributes
                0x000002ed       0x2d build/stm32f1xx_hal_dma.o
 .ARM.attributes
                0x0000031a       0x2d build/stm32f1xx_hal_cortex.o
 .ARM.attributes
                0x00000347       0x2d build/system_stm32f1xx.o
 .ARM.attributes
                0x00000374       0x2d build/usbd_core.o
 .ARM.attributes
                0x000003a1       0x2d build/usbd_ctlreq.o
 .ARM.attributes
                0x000003ce       0x2d build/usbd_ioreq.o
 .ARM.attributes
                0x000003fb       0x2d build/usbd_cdc.o
 .ARM.attributes
                0x00000428       0x2d build/sysmem.o
 .ARM.attributes
                0x00000455       0x2d build/syscalls.o
 .ARM.attributes
                0x00000482       0x2d build/DPPTMIIC.o
 .ARM.attributes
                0x000004af       0x2d build/DPPTM.o
 .ARM.attributes
                0x000004dc       0x2d build/ESL4SPI.o
 .ARM.attributes
                0x00000509       0x2d build/ESL.o
 .ARM.attributes
                0x00000536       0x2d build/HWCI.o
 .ARM.attributes
                0x00000563       0x2d build/adc.o
 .ARM.attributes
                0x00000590       0x2d build/dma.o
 .ARM.attributes
                0x000005bd       0x2d build/stm32f1xx_hal_adc.o
 .ARM.attributes
                0x000005ea       0x2d build/ADCAPP.o
 .ARM.attributes
                0x00000617       0x21 build/startup_stm32f103xg.o
 .ARM.attributes
                0x00000638       0x2d D:/gcc-arm/14.3 rel1/bin/../lib/gcc/arm-none-eabi/14.3.1/../../../../arm-none-eabi/lib/thumb/v7-m/nofp\libc_nano.a(libc_a-nano-vfprintf_float.o)
 .ARM.attributes
                0x00000665       0x2d D:/gcc-arm/14.3 rel1/bin/../lib/gcc/arm-none-eabi/14.3.1/../../../../arm-none-eabi/lib/thumb/v7-m/nofp\libc_nano.a(libc_a-nano-vfprintf_i.o)
 .ARM.attributes
                0x00000692       0x2d D:/gcc-arm/14.3 rel1/bin/../lib/gcc/arm-none-eabi/14.3.1/../../../../arm-none-eabi/lib/thumb/v7-m/nofp\libc_nano.a(libc_a-nano-vfscanf_float.o)
 .ARM.attributes
                0x000006bf       0x2d D:/gcc-arm/14.3 rel1/bin/../lib/gcc/arm-none-eabi/14.3.1/../../../../arm-none-eabi/lib/thumb/v7-m/nofp\libc_nano.a(libc_a-findfp.o)
 .ARM.attributes
                0x000006ec       0x2d D:/gcc-arm/14.3 rel1/bin/../lib/gcc/arm-none-eabi/14.3.1/../../../../arm-none-eabi/lib/thumb/v7-m/nofp\libc_nano.a(libc_a-fwalk.o)
 .ARM.attributes
                0x00000719       0x2d D:/gcc-arm/14.3 rel1/bin/../lib/gcc/arm-none-eabi/14.3.1/../../../../arm-none-eabi/lib/thumb/v7-m/nofp\libc_nano.a(libc_a-printf.o)
 .ARM.attributes
                0x00000746       0x2d D:/gcc-arm/14.3 rel1/bin/../lib/gcc/arm-none-eabi/14.3.1/../../../../arm-none-eabi/lib/thumb/v7-m/nofp\libc_nano.a(libc_a-puts.o)
 .ARM.attributes
                0x00000773       0x2d D:/gcc-arm/14.3 rel1/bin/../lib/gcc/arm-none-eabi/14.3.1/../../../../arm-none-eabi/lib/thumb/v7-m/nofp\libc_nano.a(libc_a-sprintf.o)
 .ARM.attributes
                0x000007a0       0x2d D:/gcc-arm/14.3 rel1/bin/../lib/gcc/arm-none-eabi/14.3.1/../../../../arm-none-eabi/lib/thumb/v7-m/nofp\libc_nano.a(libc_a-stdio.o)
 .ARM.attributes
                0x000007cd       0x2d D:/gcc-arm/14.3 rel1/bin/../lib/gcc/arm-none-eabi/14.3.1/../../../../arm-none-eabi/lib/thumb/v7-m/nofp\libc_nano.a(libc_a-wbuf.o)
 .ARM.attributes
                0x000007fa       0x2d D:/gcc-arm/14.3 rel1/bin/../lib/gcc/arm-none-eabi/14.3.1/../../../../arm-none-eabi/lib/thumb/v7-m/nofp\libc_nano.a(libc_a-wsetup.o)
 .ARM.attributes
                0x00000827       0x2d D:/gcc-arm/14.3 rel1/bin/../lib/gcc/arm-none-eabi/14.3.1/../../../../arm-none-eabi/lib/thumb/v7-m/nofp\libc_nano.a(libc_a-memset.o)
 .ARM.attributes
                0x00000854       0x2d D:/gcc-arm/14.3 rel1/bin/../lib/gcc/arm-none-eabi/14.3.1/../../../../arm-none-eabi/lib/thumb/v7-m/nofp\libc_nano.a(libc_a-localeconv.o)
 .ARM.attributes
                0x00000881       0x2d D:/gcc-arm/14.3 rel1/bin/../lib/gcc/arm-none-eabi/14.3.1/../../../../arm-none-eabi/lib/thumb/v7-m/nofp\libc_nano.a(libc_a-closer.o)
 .ARM.attributes
                0x000008ae       0x2d D:/gcc-arm/14.3 rel1/bin/../lib/gcc/arm-none-eabi/14.3.1/../../../../arm-none-eabi/lib/thumb/v7-m/nofp\libc_nano.a(libc_a-reent.o)
 .ARM.attributes
                0x000008db       0x2d D:/gcc-arm/14.3 rel1/bin/../lib/gcc/arm-none-eabi/14.3.1/../../../../arm-none-eabi/lib/thumb/v7-m/nofp\libc_nano.a(libc_a-impure.o)
 .ARM.attributes
                0x00000908       0x2d D:/gcc-arm/14.3 rel1/bin/../lib/gcc/arm-none-eabi/14.3.1/../../../../arm-none-eabi/lib/thumb/v7-m/nofp\libc_nano.a(libc_a-lseekr.o)
 .ARM.attributes
                0x00000935       0x2d D:/gcc-arm/14.3 rel1/bin/../lib/gcc/arm-none-eabi/14.3.1/../../../../arm-none-eabi/lib/thumb/v7-m/nofp\libc_nano.a(libc_a-readr.o)
 .ARM.attributes
                0x00000962       0x2d D:/gcc-arm/14.3 rel1/bin/../lib/gcc/arm-none-eabi/14.3.1/../../../../arm-none-eabi/lib/thumb/v7-m/nofp\libc_nano.a(libc_a-writer.o)
 .ARM.attributes
                0x0000098f       0x2d D:/gcc-arm/14.3 rel1/bin/../lib/gcc/arm-none-eabi/14.3.1/../../../../arm-none-eabi/lib/thumb/v7-m/nofp\libc_nano.a(libc_a-errno.o)
 .ARM.attributes
                0x000009bc       0x2d D:/gcc-arm/14.3 rel1/bin/../lib/gcc/arm-none-eabi/14.3.1/../../../../arm-none-eabi/lib/thumb/v7-m/nofp\libc_nano.a(libc_a-init.o)
 .ARM.attributes
                0x000009e9       0x2d D:/gcc-arm/14.3 rel1/bin/../lib/gcc/arm-none-eabi/14.3.1/../../../../arm-none-eabi/lib/thumb/v7-m/nofp\libc_nano.a(libc_a-lock.o)
 .ARM.attributes
                0x00000a16       0x2d D:/gcc-arm/14.3 rel1/bin/../lib/gcc/arm-none-eabi/14.3.1/../../../../arm-none-eabi/lib/thumb/v7-m/nofp\libc_nano.a(libc_a-memchr-stub.o)
 .ARM.attributes
                0x00000a43       0x17 D:/gcc-arm/14.3 rel1/bin/../lib/gcc/arm-none-eabi/14.3.1/../../../../arm-none-eabi/lib/thumb/v7-m/nofp\libc_nano.a(libc_a-strlen.o)
 .ARM.attributes
                0x00000a5a       0x2d D:/gcc-arm/14.3 rel1/bin/../lib/gcc/arm-none-eabi/14.3.1/../../../../arm-none-eabi/lib/thumb/v7-m/nofp\libc_nano.a(libm_a-sf_nan.o)
 .ARM.attributes
                0x00000a87       0x2d D:/gcc-arm/14.3 rel1/bin/../lib/gcc/arm-none-eabi/14.3.1/../../../../arm-none-eabi/lib/thumb/v7-m/nofp\libc_nano.a(libc_a-dtoa.o)
 .ARM.attributes
                0x00000ab4       0x2d D:/gcc-arm/14.3 rel1/bin/../lib/gcc/arm-none-eabi/14.3.1/../../../../arm-none-eabi/lib/thumb/v7-m/nofp\libc_nano.a(libc_a-freer.o)
 .ARM.attributes
                0x00000ae1       0x2d D:/gcc-arm/14.3 rel1/bin/../lib/gcc/arm-none-eabi/14.3.1/../../../../arm-none-eabi/lib/thumb/v7-m/nofp\libc_nano.a(libc_a-malloc.o)
 .ARM.attributes
                0x00000b0e       0x2d D:/gcc-arm/14.3 rel1/bin/../lib/gcc/arm-none-eabi/14.3.1/../../../../arm-none-eabi/lib/thumb/v7-m/nofp\libc_nano.a(libc_a-mallocr.o)
 .ARM.attributes
                0x00000b3b       0x2d D:/gcc-arm/14.3 rel1/bin/../lib/gcc/arm-none-eabi/14.3.1/../../../../arm-none-eabi/lib/thumb/v7-m/nofp\libc_nano.a(libc_a-mlock.o)
 .ARM.attributes
                0x00000b68       0x2d D:/gcc-arm/14.3 rel1/bin/../lib/gcc/arm-none-eabi/14.3.1/../../../../arm-none-eabi/lib/thumb/v7-m/nofp\libc_nano.a(libc_a-mprec.o)
 .ARM.attributes
                0x00000b95       0x2d D:/gcc-arm/14.3 rel1/bin/../lib/gcc/arm-none-eabi/14.3.1/../../../../arm-none-eabi/lib/thumb/v7-m/nofp\libc_nano.a(libc_a-strtod.o)
 .ARM.attributes
                0x00000bc2       0x2d D:/gcc-arm/14.3 rel1/bin/../lib/gcc/arm-none-eabi/14.3.1/../../../../arm-none-eabi/lib/thumb/v7-m/nofp\libc_nano.a(libc_a-strtol.o)
 .ARM.attributes
                0x00000bef       0x2d D:/gcc-arm/14.3 rel1/bin/../lib/gcc/arm-none-eabi/14.3.1/../../../../arm-none-eabi/lib/thumb/v7-m/nofp\libc_nano.a(libc_a-ctype_.o)
 .ARM.attributes
                0x00000c1c       0x2d D:/gcc-arm/14.3 rel1/bin/../lib/gcc/arm-none-eabi/14.3.1/../../../../arm-none-eabi/lib/thumb/v7-m/nofp\libc_nano.a(libc_a-nano-svfprintf.o)
 .ARM.attributes
                0x00000c49       0x2d D:/gcc-arm/14.3 rel1/bin/../lib/gcc/arm-none-eabi/14.3.1/../../../../arm-none-eabi/lib/thumb/v7-m/nofp\libc_nano.a(libc_a-nano-vfprintf.o)
 .ARM.attributes
                0x00000c76       0x2d D:/gcc-arm/14.3 rel1/bin/../lib/gcc/arm-none-eabi/14.3.1/../../../../arm-none-eabi/lib/thumb/v7-m/nofp\libc_nano.a(libc_a-fflush.o)
 .ARM.attributes
                0x00000ca3       0x2d D:/gcc-arm/14.3 rel1/bin/../lib/gcc/arm-none-eabi/14.3.1/../../../../arm-none-eabi/lib/thumb/v7-m/nofp\libc_nano.a(libc_a-makebuf.o)
 .ARM.attributes
                0x00000cd0       0x2d D:/gcc-arm/14.3 rel1/bin/../lib/gcc/arm-none-eabi/14.3.1/../../../../arm-none-eabi/lib/thumb/v7-m/nofp\libc_nano.a(libc_a-memmove.o)
 .ARM.attributes
                0x00000cfd       0x2d D:/gcc-arm/14.3 rel1/bin/../lib/gcc/arm-none-eabi/14.3.1/../../../../arm-none-eabi/lib/thumb/v7-m/nofp\libc_nano.a(libc_a-strncmp.o)
 .ARM.attributes
                0x00000d2a       0x2d D:/gcc-arm/14.3 rel1/bin/../lib/gcc/arm-none-eabi/14.3.1/../../../../arm-none-eabi/lib/thumb/v7-m/nofp\libc_nano.a(libc_a-locale.o)
 .ARM.attributes