Archive member included to satisfy reference by file (symbol)

D:/gcc-arm/14.3 rel1/bin/../lib/gcc/arm-none-eabi/14.3.1/../../../../arm-none-eabi/lib/thumb/v7-m/nofp\libc_nano.a(libc_a-exit.o)
                              D:/gcc-arm/14.3 rel1/bin/../lib/gcc/arm-none-eabi/14.3.1/../../../../arm-none-eabi/lib/thumb/v7-m/nofp/crt0.o (exit)
D:/gcc-arm/14.3 rel1/bin/../lib/gcc/arm-none-eabi/14.3.1/../../../../arm-none-eabi/lib/thumb/v7-m/nofp\libc_nano.a(libc_a-nano-vfprintf_float.o)
                              (_printf_float)
D:/gcc-arm/14.3 rel1/bin/../lib/gcc/arm-none-eabi/14.3.1/../../../../arm-none-eabi/lib/thumb/v7-m/nofp\libc_nano.a(libc_a-nano-vfprintf_i.o)
                              D:/gcc-arm/14.3 rel1/bin/../lib/gcc/arm-none-eabi/14.3.1/../../../../arm-none-eabi/lib/thumb/v7-m/nofp\libc_nano.a(libc_a-nano-vfprintf_float.o) (_printf_common)
D:/gcc-arm/14.3 rel1/bin/../lib/gcc/arm-none-eabi/14.3.1/../../../../arm-none-eabi/lib/thumb/v7-m/nofp\libc_nano.a(libc_a-nano-vfscanf_float.o)
                              (_scanf_float)
D:/gcc-arm/14.3 rel1/bin/../lib/gcc/arm-none-eabi/14.3.1/../../../../arm-none-eabi/lib/thumb/v7-m/nofp\libc_nano.a(libc_a-findfp.o)
                              D:/gcc-arm/14.3 rel1/bin/../lib/gcc/arm-none-eabi/14.3.1/../../../../arm-none-eabi/lib/thumb/v7-m/nofp\libc_nano.a(libc_a-exit.o) (__stdio_exit_handler)
D:/gcc-arm/14.3 rel1/bin/../lib/gcc/arm-none-eabi/14.3.1/../../../../arm-none-eabi/lib/thumb/v7-m/nofp\libc_nano.a(libc_a-fwalk.o)
                              D:/gcc-arm/14.3 rel1/bin/../lib/gcc/arm-none-eabi/14.3.1/../../../../arm-none-eabi/lib/thumb/v7-m/nofp\libc_nano.a(libc_a-findfp.o) (_fwalk_sglue)
D:/gcc-arm/14.3 rel1/bin/../lib/gcc/arm-none-eabi/14.3.1/../../../../arm-none-eabi/lib/thumb/v7-m/nofp\libc_nano.a(libc_a-sprintf.o)
                              D:/gcc-arm/14.3 rel1/bin/../lib/gcc/arm-none-eabi/14.3.1/../../../../arm-none-eabi/lib/thumb/v7-m/nofp\libc_nano.a(libc_a-nano-vfscanf_float.o) (sprintf)
D:/gcc-arm/14.3 rel1/bin/../lib/gcc/arm-none-eabi/14.3.1/../../../../arm-none-eabi/lib/thumb/v7-m/nofp\libc_nano.a(libc_a-stdio.o)
                              D:/gcc-arm/14.3 rel1/bin/../lib/gcc/arm-none-eabi/14.3.1/../../../../arm-none-eabi/lib/thumb/v7-m/nofp\libc_nano.a(libc_a-findfp.o) (__sread)
D:/gcc-arm/14.3 rel1/bin/../lib/gcc/arm-none-eabi/14.3.1/../../../../arm-none-eabi/lib/thumb/v7-m/nofp\libc_nano.a(libc_a-vsnprintf.o)
                              build/SendDataProcess.o (vsnprintf)
D:/gcc-arm/14.3 rel1/bin/../lib/gcc/arm-none-eabi/14.3.1/../../../../arm-none-eabi/lib/thumb/v7-m/nofp\libc_nano.a(libc_a-memmove.o)
                              build/ReceiveDataProcess.o (memmove)
D:/gcc-arm/14.3 rel1/bin/../lib/gcc/arm-none-eabi/14.3.1/../../../../arm-none-eabi/lib/thumb/v7-m/nofp\libc_nano.a(libc_a-memset.o)
                              D:/gcc-arm/14.3 rel1/bin/../lib/gcc/arm-none-eabi/14.3.1/../../../../arm-none-eabi/lib/thumb/v7-m/nofp/crt0.o (memset)
D:/gcc-arm/14.3 rel1/bin/../lib/gcc/arm-none-eabi/14.3.1/../../../../arm-none-eabi/lib/thumb/v7-m/nofp\libc_nano.a(libc_a-localeconv.o)
                              D:/gcc-arm/14.3 rel1/bin/../lib/gcc/arm-none-eabi/14.3.1/../../../../arm-none-eabi/lib/thumb/v7-m/nofp\libc_nano.a(libc_a-nano-vfprintf_float.o) (_localeconv_r)
D:/gcc-arm/14.3 rel1/bin/../lib/gcc/arm-none-eabi/14.3.1/../../../../arm-none-eabi/lib/thumb/v7-m/nofp\libc_nano.a(libc_a-closer.o)
                              D:/gcc-arm/14.3 rel1/bin/../lib/gcc/arm-none-eabi/14.3.1/../../../../arm-none-eabi/lib/thumb/v7-m/nofp\libc_nano.a(libc_a-stdio.o) (_close_r)
D:/gcc-arm/14.3 rel1/bin/../lib/gcc/arm-none-eabi/14.3.1/../../../../arm-none-eabi/lib/thumb/v7-m/nofp\libc_nano.a(libc_a-reent.o)
                              D:/gcc-arm/14.3 rel1/bin/../lib/gcc/arm-none-eabi/14.3.1/../../../../arm-none-eabi/lib/thumb/v7-m/nofp\libc_nano.a(libc_a-closer.o) (errno)
D:/gcc-arm/14.3 rel1/bin/../lib/gcc/arm-none-eabi/14.3.1/../../../../arm-none-eabi/lib/thumb/v7-m/nofp\libc_nano.a(libc_a-impure.o)
                              D:/gcc-arm/14.3 rel1/bin/../lib/gcc/arm-none-eabi/14.3.1/../../../../arm-none-eabi/lib/thumb/v7-m/nofp\libc_nano.a(libc_a-sprintf.o) (_impure_ptr)
D:/gcc-arm/14.3 rel1/bin/../lib/gcc/arm-none-eabi/14.3.1/../../../../arm-none-eabi/lib/thumb/v7-m/nofp\libc_nano.a(libc_a-lseekr.o)
                              D:/gcc-arm/14.3 rel1/bin/../lib/gcc/arm-none-eabi/14.3.1/../../../../arm-none-eabi/lib/thumb/v7-m/nofp\libc_nano.a(libc_a-stdio.o) (_lseek_r)
D:/gcc-arm/14.3 rel1/bin/../lib/gcc/arm-none-eabi/14.3.1/../../../../arm-none-eabi/lib/thumb/v7-m/nofp\libc_nano.a(libc_a-readr.o)
                              D:/gcc-arm/14.3 rel1/bin/../lib/gcc/arm-none-eabi/14.3.1/../../../../arm-none-eabi/lib/thumb/v7-m/nofp\libc_nano.a(libc_a-stdio.o) (_read_r)
D:/gcc-arm/14.3 rel1/bin/../lib/gcc/arm-none-eabi/14.3.1/../../../../arm-none-eabi/lib/thumb/v7-m/nofp\libc_nano.a(libc_a-writer.o)
[...]
Memory Configuration

Name             Origin             Length             Attributes
RAM              0x20000000         0x00018000         xrw
FLASH            0x08000000         0x00100000         xr
*default*        0x00000000         0xffffffff

Linker script and memory map

LOAD D:/gcc-arm/14.3 rel1/bin/../lib/gcc/arm-none-eabi/14.3.1/thumb/v7-m/nofp/crti.o
LOAD D:/gcc-arm/14.3 rel1/bin/../lib/gcc/arm-none-eabi/14.3.1/thumb/v7-m/nofp/crtbegin.o
LOAD D:/gcc-arm/14.3 rel1/bin/../lib/gcc/arm-none-eabi/14.3.1/../../../../arm-none-eabi/lib/thumb/v7-m/nofp/crt0.o
LOAD build/main.o
LOAD build/gpio.o
LOAD build/stm32f1xx_it.o
LOAD build/stm32f1xx_hal_msp.o
LOAD build/stm32f1xx_hal_gpio_ex.o
LOAD build/stm32f1xx_hal.o
LOAD build/stm32f1xx_hal_rcc.o
LOAD build/stm32f1xx_hal_rcc_ex.o
LOAD build/stm32f1xx_hal_gpio.o
LOAD build/stm32f1xx_hal_dma.o
LOAD build/stm32f1xx_hal_cortex.o
LOAD build/stm32f1xx_hal_pwr.o
LOAD build/stm32f1xx_hal_flash.o
LOAD build/stm32f1xx_hal_flash_ex.o
LOAD build/stm32f1xx_hal_exti.o
LOAD build/system_stm32f1xx.o
LOAD build/sysmem.o
LOAD build/syscalls.o
LOAD build/ReceiveDataProcess.o
LOAD build/adc.o
LOAD build/dma.o
LOAD build/stm32f1xx_hal_adc.o
LOAD build/stm32f1xx_hal_adc_ex.o
LOAD build/freertos.o
LOAD build/stm32f1xx_hal_timebase_tim.o
LOAD build/stm32f1xx_hal_tim.o
LOAD build/stm32f1xx_hal_tim_ex.o
LOAD build/croutine.o
LOAD build/event_groups.o
LOAD build/list.o
LOAD build/queue.o
LOAD build/stream_buffer.o
LOAD build/tasks.o
LOAD build/timers.o
LOAD build/cmsis_os2.o
LOAD build/heap_4.o
LOAD build/port.o
LOAD build/SendDataProcess.o
LOAD build/uart1.o
LOAD build/HWCIDri.o
LOAD build/ADCAPP.o
LOAD build/TaskList.o
LOAD build/DPPTM.o
LOAD build/DPPTMIIC.o
LOAD build/ESL.o
LOAD build/ESL4SPI.o
LOAD build/ESLComDri.o
LOAD build/startup_stm32f103xg.o
LOAD D:/gcc-arm/14.3 rel1/bin/../lib/gcc/arm-none-eabi/14.3.1/../../../../arm-none-eabi/lib/thumb/v7-m/nofp\libc_nano.a
LOAD D:/gcc-arm/14.3 rel1/bin/../lib/gcc/arm-none-eabi/14.3.1/../../../../arm-none-eabi/lib/thumb/v7-m/nofp\libm.a
LOAD D:/gcc-arm/14.3 rel1/bin/../lib/gcc/arm-none-eabi/14.3.1/../../../../arm-none-eabi/lib/thumb/v7-m/nofp\libnosys.a
START GROUP
LOAD D:/gcc-arm/14.3 rel1/bin/../lib/gcc/arm-none-eabi/14.3.1/thumb/v7-m/nofp\libgcc.a
LOAD D:/gcc-arm/14.3 rel1/bin/../lib/gcc/arm-none-eabi/14.3.1/../../../../arm-none-eabi/lib/thumb/v7-m/nofp\libc_nano.a
END GROUP
START GROUP
LOAD D:/gcc-arm/14.3 rel1/bin/../lib/gcc/arm-none-eabi/14.3.1/thumb/v7-m/nofp\libgcc.a
LOAD D:/gcc-arm/14.3 rel1/bin/../lib/gcc/arm-none-eabi/14.3.1/../../../../arm-none-eabi/lib/thumb/v7-m/nofp\libc_nano.a
END GROUP
LOAD D:/gcc-arm/14.3 rel1/bin/../lib/gcc/arm-none-eabi/14.3.1/thumb/v7-m/nofp/crtend.o
LOAD D:/gcc-arm/14.3 rel1/bin/../lib/gcc/arm-none-eabi/14.3.1/thumb/v7-m/nofp/crtn.o
                0x20018000                        _estack = (ORIGIN (RAM) + LENGTH (RAM))
                0x00001000                        _Min_Heap_Size = 0x1000
                0x00001000                        _Min_Stack_Size = 0x1000

.isr_vector     0x08000000      0x1e4
                0x08000000                        . = ALIGN (0x4)
 *(.isr_vector)
 .isr_vector    0x08000000      0x1e4 build/startup_stm32f103xg.o
                0x08000000                g_pfnVectors
                0x080001e4                        . = ALIGN (0x4)

.text           0x080001f0     0xaa1c
                0x080001f0                        . = ALIGN (0x4)
 *(.text)
 .text          0x080001f0       0x10 D:/gcc-arm/14.3 rel1/bin/../lib/gcc/arm-none-eabi/14.3.1/../../../../arm-none-eabi/lib/thumb/v7-m/nofp\libc_nano.a(libc_a-strlen.o)
                0x080001f0                strlen
 .text          0x08000200      0x378 D:/gcc-arm/14.3 rel1/bin/../lib/gcc/arm-none-eabi/14.3.1/thumb/v7-m/nofp\libgcc.a(_arm_addsubdf3.o)
                0x08000200                __aeabi_drsub
                0x08000208                __aeabi_dsub
                0x08000208                __subdf3
                0x0800020c                __aeabi_dadd
                0x0800020c                __adddf3
                0x08000484                __floatunsidf
                0x08000484                __aeabi_ui2d
                0x080004a4                __floatsidf
                0x080004a4                __aeabi_i2d
                0x080004c8                __aeabi_f2d
                0x080004c8                __extendsfdf2
                0x0800050c                __floatundidf
                0x0800050c                __aeabi_ul2d
                0x0800051c                __floatdidf
                0x0800051c                __aeabi_l2d
 .text          0x08000578      0x424 D:/gcc-arm/14.3 rel1/bin/../lib/gcc/arm-none-eabi/14.3.1/thumb/v7-m/nofp\libgcc.a(_arm_muldivdf3.o)
                0x08000578                __aeabi_dmul
                0x08000578                __muldf3
                0x080007cc                __divdf3
                0x080007cc                __aeabi_ddiv
 .text          0x0800099c      0x110 D:/gcc-arm/14.3 rel1/bin/../lib/gcc/arm-none-eabi/14.3.1/thumb/v7-m/nofp\libgcc.a(_arm_cmpdf2.o)
                0x0800099c                __gtdf2
                0x0800099c                __gedf2
                0x080009a4                __ltdf2
                0x080009a4                __ledf2
                0x080009ac                __nedf2
                0x080009ac                __eqdf2
                0x080009ac                __cmpdf2
                0x08000a28                __aeabi_cdrcmple
                0x08000a38                __aeabi_cdcmpeq
                0x08000a38                __aeabi_cdcmple
                0x08000a48                __aeabi_dcmpeq
                0x08000a5c                __aeabi_dcmplt
                0x08000a70                __aeabi_dcmple
                0x08000a84                __aeabi_dcmpge
                0x08000a98                __aeabi_dcmpgt
 .text          0x08000aac       0x2c D:/gcc-arm/14.3 rel1/bin/../lib/gcc/arm-none-eabi/14.3.1/thumb/v7-m/nofp\libgcc.a(_arm_unorddf2.o)
                0x08000aac                __unorddf2
                0x08000aac                __aeabi_dcmpun
 .text          0x08000ad8       0x50 D:/gcc-arm/14.3 rel1/bin/../lib/gcc/arm-none-eabi/14.3.1/thumb/v7-m/nofp\libgcc.a(_arm_fixdfsi.o)
                0x08000ad8                __aeabi_d2iz
                0x08000ad8                __fixdfsi
 .text          0x08000b28       0x40 D:/gcc-arm/14.3 rel1/bin/../lib/gcc/arm-none-eabi/14.3.1/thumb/v7-m/nofp\libgcc.a(_arm_fixunsdfsi.o)
                0x08000b28                __aeabi_d2uiz
                0x08000b28                __fixunsdfsi
 .text          0x08000b68       0xa0 D:/gcc-arm/14.3 rel1/bin/../lib/gcc/arm-none-eabi/14.3.1/thumb/v7-m/nofp\libgcc.a(_arm_truncdfsf2.o)
                0x08000b68                __truncdfsf2
                0x08000b68                __aeabi_d2f
 .text          0x08000c08      0x21c D:/gcc-arm/14.3 rel1/bin/../lib/gcc/arm-none-eabi/14.3.1/thumb/v7-m/nofp\libgcc.a(_arm_addsubsf3.o)
                0x08000c08                __aeabi_frsub
                0x08000c10                __subsf3
                0x08000c10                __aeabi_fsub
                0x08000c14                __aeabi_fadd
                0x08000c14                __addsf3
                0x08000d74                __aeabi_ui2f
                0x08000d74                __floatunsisf
                0x08000d7c                __aeabi_i2f
                0x08000d7c                __floatsisf
                0x08000d98                __aeabi_ul2f
                0x08000d98                __floatundisf
                0x08000da8                __aeabi_l2f
                0x08000da8                __floatdisf
 .text          0x08000e24      0x2a0 D:/gcc-arm/14.3 rel1/bin/../lib/gcc/arm-none-eabi/14.3.1/thumb/v7-m/nofp\libgcc.a(_arm_muldivsf3.o)
                0x08000e24                __mulsf3
                0x08000e24                __aeabi_fmul
                0x08000f8c                __aeabi_fdiv
                0x08000f8c                __divsf3
 .text          0x080010c4       0xec D:/gcc-arm/14.3 rel1/bin/../lib/gcc/arm-none-eabi/14.3.1/thumb/v7-m/nofp\libgcc.a(_arm_cmpsf2.o)
                0x080010c4                __gesf2
                0x080010c4                __gtsf2
                0x080010cc                __lesf2
                0x080010cc                __ltsf2
                0x080010d4                __nesf2
                0x080010d4                __eqsf2
                0x080010d4                __cmpsf2
                0x08001134                __aeabi_cfrcmple
                0x0800113c                __aeabi_cfcmpeq
                0x0800113c                __aeabi_cfcmple
                0x0800114c                __aeabi_fcmpeq
                0x08001160                __aeabi_fcmplt
                0x08001174                __aeabi_fcmple
                0x08001188                __aeabi_fcmpge
                0x0800119c                __aeabi_fcmpgt
 .text          0x080011b0       0x4c D:/gcc-arm/14.3 rel1/bin/../lib/gcc/arm-none-eabi/14.3.1/thumb/v7-m/nofp\libgcc.a(_arm_fixsfsi.o)
                0x080011b0                __aeabi_f2iz
                0x080011b0                __fixsfsi
 *(.text*)
 .text.deregister_tm_clones
                0x080011fc       0x1c D:/gcc-arm/14.3 rel1/bin/../lib/gcc/arm-none-eabi/14.3.1/thumb/v7-m/nofp/crtbegin.o
 .text.register_tm_clones
                0x08001218       0x24 D:/gcc-arm/14.3 rel1/bin/../lib/gcc/arm-none-eabi/14.3.1/thumb/v7-m/nofp/crtbegin.o
 .text.__do_global_dtors_aux
                0x0800123c       0x28 D:/gcc-arm/14.3 rel1/bin/../lib/gcc/arm-none-eabi/14.3.1/thumb/v7-m/nofp/crtbegin.o
 .text.frame_dummy
                0x08001264       0x24 D:/gcc-arm/14.3 rel1/bin/../lib/gcc/arm-none-eabi/14.3.1/thumb/v7-m/nofp/crtbegin.o
 .text.HAL_TIM_PeriodElapsedCallback
                0x08001288       0x18 build/main.o
                0x08001288                HAL_TIM_PeriodElapsedCallback
 .text.Error_Handler
                0x080012a0        0x4 build/main.o
                0x080012a0                Error_Handler
 .text.SystemClock_Config
                0x080012a4       0x8a build/main.o
                0x080012a4                SystemClock_Config
 .text.main     0x0800132e       0x38 build/main.o
                0x0800132e                main
 *fill*         0x08001366        0x2 
 .text.MX_GPIO_Init
                0x08001368      0x1a0 build/gpio.o
                0x08001368                MX_GPIO_Init
 .text.NMI_Handler
                0x08001508        0x2 build/stm32f1xx_it.o
                0x08001508                NMI_Handler
 .text.HardFault_Handler
                0x0800150a        0x2 build/stm32f1xx_it.o
                0x0800150a                HardFault_Handler
 .text.MemManage_Handler
                0x0800150c        0x2 build/stm32f1xx_it.o
                0x0800150c                MemManage_Handler
 .text.BusFault_Handler
                0x0800150e        0x2 build/stm32f1xx_it.o
                0x0800150e                BusFault_Handler
 .text.UsageFault_Handler
                0x08001510        0x2 build/stm32f1xx_it.o
                0x08001510                UsageFault_Handler
 .text.DebugMon_Handler
                0x08001512        0x2 build/stm32f1xx_it.o
                0x08001512                DebugMon_Handler
 .text.DMA1_Channel1_IRQHandler
                0x08001514       0x10 build/stm32f1xx_it.o
                0x08001514                DMA1_Channel1_IRQHandler
 .text.USB_LP_CAN1_RX0_IRQHandler
                0x08001524        0x2 build/stm32f1xx_it.o
                0x08001524                USB_LP_CAN1_RX0_IRQHandler
 *fill*         0x08001526        0x2 
 .text.TIM6_IRQHandler
                0x08001528       0x10 build/stm32f1xx_it.o
                0x08001528                TIM6_IRQHandler
 .text.USART1_IRQHandler
                0x08001538       0x74 build/stm32f1xx_it.o
                0x08001538                USART1_IRQHandler
 .text.HAL_MspInit
                0x080015ac       0x54 build/stm32f1xx_hal_msp.o
                0x080015ac                HAL_MspInit
 .text.HAL_Init
                0x08001600       0x24 build/stm32f1xx_hal.o
                0x08001600                HAL_Init
 .text.HAL_IncTick
                0x08001624       0x18 build/stm32f1xx_hal.o
                0x08001624                HAL_IncTick
 .text.HAL_GetTick
                0x0800163c        0xc build/stm32f1xx_hal.o
                0x0800163c                HAL_GetTick
 .text.RCC_Delay
                0x08001648       0x2c build/stm32f1xx_hal_rcc.o
 .text.HAL_RCC_OscConfig
                0x08001674      0x410 build/stm32f1xx_hal_rcc.o
                0x08001674                HAL_RCC_OscConfig
 .text.HAL_RCC_GetSysClockFreq
                0x08001a84       0x54 build/stm32f1xx_hal_rcc.o
                0x08001a84                HAL_RCC_GetSysClockFreq
 .text.HAL_RCC_ClockConfig
                0x08001ad8      0x16c build/stm32f1xx_hal_rcc.o
                0x08001ad8                HAL_RCC_ClockConfig
 .text.HAL_RCC_GetHCLKFreq
                0x08001c44        0xc build/stm32f1xx_hal_rcc.o
                0x08001c44                HAL_RCC_GetHCLKFreq
 .text.HAL_RCC_GetPCLK1Freq
                0x08001c50       0x20 build/stm32f1xx_hal_rcc.o
                0x08001c50                HAL_RCC_GetPCLK1Freq
 .text.HAL_RCC_GetClockConfig
                0x08001c70       0x3c build/stm32f1xx_hal_rcc.o
                0x08001c70                HAL_RCC_GetClockConfig
 .text.HAL_RCCEx_PeriphCLKConfig
                0x08001cac      0x118 build/stm32f1xx_hal_rcc_ex.o
                0x08001cac                HAL_RCCEx_PeriphCLKConfig
 .text.HAL_GPIO_Init
                0x08001dc4      0x230 build/stm32f1xx_hal_gpio.o
                0x08001dc4                HAL_GPIO_Init
 .text.HAL_GPIO_ReadPin
                0x08001ff4        0xe build/stm32f1xx_hal_gpio.o
                0x08001ff4                HAL_GPIO_ReadPin
 .text.HAL_GPIO_WritePin
                0x08002002        0xc build/stm32f1xx_hal_gpio.o
                0x08002002                HAL_GPIO_WritePin
 .text.DMA_SetConfig
                0x0800200e       0x2c build/stm32f1xx_hal_dma.o
 *fill*         0x0800203a        0x2 
 .text.HAL_DMA_Init
                0x0800203c       0x94 build/stm32f1xx_hal_dma.o
                0x0800203c                HAL_DMA_Init
 .text.HAL_DMA_Start_IT
                0x080020d0       0x74 build/stm32f1xx_hal_dma.o
                0x080020d0                HAL_DMA_Start_IT
 .text.HAL_DMA_Abort
                0x08002144       0x44 build/stm32f1xx_hal_dma.o
                0x08002144                HAL_DMA_Abort
 .text.HAL_DMA_IRQHandler
                0x08002188      0x2ec build/stm32f1xx_hal_dma.o
                0x08002188                HAL_DMA_IRQHandler
 .text.__NVIC_SetPriority
                0x08002474       0x28 build/stm32f1xx_hal_cortex.o
 .text.NVIC_EncodePriority
                0x0800249c       0x3e build/stm32f1xx_hal_cortex.o
 *fill*         0x080024da        0x2 
 .text.HAL_NVIC_SetPriorityGrouping
                0x080024dc       0x24 build/stm32f1xx_hal_cortex.o
                0x080024dc                HAL_NVIC_SetPriorityGrouping
 .text.HAL_NVIC_SetPriority
                0x08002500       0x20 build/stm32f1xx_hal_cortex.o
                0x08002500                HAL_NVIC_SetPriority
 .text.HAL_NVIC_EnableIRQ
                0x08002520       0x1c build/stm32f1xx_hal_cortex.o
                0x08002520                HAL_NVIC_EnableIRQ
 .text.SystemInit
                0x0800253c        0x2 build/system_stm32f1xx.o
                0x0800253c                SystemInit
 *fill*         0x0800253e        0x2 
 .text._sbrk    0x08002540       0x48 build/sysmem.o
                0x08002540                _sbrk
 .text._getpid  0x08002588        0x4 build/syscalls.o
                0x08002588                _getpid
 .text._kill    0x0800258c       0x10 build/syscalls.o
                0x0800258c                _kill
 .text._exit    0x0800259c        0xc build/syscalls.o
                0x0800259c                _exit
 .text._read    0x080025a8       0x20 build/syscalls.o
                0x080025a8                _read
 .text._write   0x080025c8       0x1c build/syscalls.o
                0x080025c8                _write
 .text._close   0x080025e4        0x6 build/syscalls.o
                0x080025e4                _close
 .text._fstat   0x080025ea        0xa build/syscalls.o
                0x080025ea                _fstat
 .text._isatty  0x080025f4        0x4 build/syscalls.o
                0x080025f4                _isatty
 .text._lseek   0x080025f8        0x4 build/syscalls.o
                0x080025f8                _lseek
 .text.IsHostRequestFunctionCode
                0x080025fc        0xe build/ReceiveDataProcess.o
 .text.CalculateCRC8
                0x0800260a       0x42 build/ReceiveDataProcess.o
 .text.FindValidFrameLength
                0x0800264c       0x56 build/ReceiveDataProcess.o
 *fill*         0x080026a2        0x2 
 .text.vCreateReceiveDataQueueTask
                0x080026a4       0x18 build/ReceiveDataProcess.o
                0x080026a4                vCreateReceiveDataQueueTask
 .text.vCreateReceiveDataTask
                0x080026bc       0x3c build/ReceiveDataProcess.o
                0x080026bc                vCreateReceiveDataTask
 .text.vReceiveDataQueueSendISRTask
                0x080026f8       0xb4 build/ReceiveDataProcess.o
                0x080026f8                vReceiveDataQueueSendISRTask
 .text.vParseReceivedDataPacket
                0x080027ac       0xe0 build/ReceiveDataProcess.o
                0x080027ac                vParseReceivedDataPacket
 .text.vParseReceivedDataStream
                0x0800288c       0xe8 build/ReceiveDataProcess.o
 .text.vReceiveDataProcessTask
                0x08002974       0x3c build/ReceiveDataProcess.o
                0x08002974                vReceiveDataProcessTask
 .text.MX_ADC1_Init
                0x080029b0      0x150 build/adc.o
                0x080029b0                MX_ADC1_Init
 .text.HAL_ADC_MspInit
                0x08002b00       0xe4 build/adc.o
                0x08002b00                HAL_ADC_MspInit
 .text.MX_DMA_Init
                0x08002be4       0x34 build/dma.o
                0x08002be4                MX_DMA_Init
 .text.ADC_DMAConvCplt
                0x08002c18       0x52 build/stm32f1xx_hal_adc.o
                0x08002c18                ADC_DMAConvCplt
 .text.HAL_ADC_ConvHalfCpltCallback
                0x08002c6a        0x2 build/stm32f1xx_hal_adc.o
                0x08002c6a                HAL_ADC_ConvHalfCpltCallback
 .text.ADC_DMAHalfConvCplt
                0x08002c6c        0xa build/stm32f1xx_hal_adc.o
                0x08002c6c                ADC_DMAHalfConvCplt
 .text.HAL_ADC_ErrorCallback
                0x08002c76        0x2 build/stm32f1xx_hal_adc.o
                0x08002c76                HAL_ADC_ErrorCallback
 .text.ADC_DMAError
                0x08002c78       0x1a build/stm32f1xx_hal_adc.o
                0x08002c78                ADC_DMAError
 *fill*         0x08002c92        0x2 
 .text.HAL_ADC_ConfigChannel
                0x08002c94      0x140 build/stm32f1xx_hal_adc.o
                0x08002c94                HAL_ADC_ConfigChannel
 .text.ADC_Enable
                0x08002dd4       0x88 build/stm32f1xx_hal_adc.o
                0x08002dd4                ADC_Enable
 .text.HAL_ADC_Start_DMA
                0x08002e5c      0x130 build/stm32f1xx_hal_adc.o
                0x08002e5c                HAL_ADC_Start_DMA
 .text.ADC_ConversionStop_Disable
                0x08002f8c       0x56 build/stm32f1xx_hal_adc.o
                0x08002f8c                ADC_ConversionStop_Disable
 *fill*         0x08002fe2        0x2 
 .text.HAL_ADC_Init
                0x08002fe4      0x128 build/stm32f1xx_hal_adc.o
                0x08002fe4                HAL_ADC_Init
 .text.HAL_ADC_Stop_DMA
                0x0800310c       0x5c build/stm32f1xx_hal_adc.o
                0x0800310c                HAL_ADC_Stop_DMA
 .text.StartDefaultTask
                0x08003168        0xa build/freertos.o
                0x08003168                StartDefaultTask
 *fill*         0x08003172        0x2 
 .text.MX_FREERTOS_Init
                0x08003174       0x20 build/freertos.o
                0x08003174                MX_FREERTOS_Init
 .text.HAL_InitTick
                0x08003194       0xa0 build/stm32f1xx_hal_timebase_tim.o
                0x08003194                HAL_InitTick
 .text.HAL_TIM_Base_MspInit
                0x08003234        0x2 build/stm32f1xx_hal_tim.o
                0x08003234                HAL_TIM_Base_MspInit
 *fill*         0x08003236        0x2 
 .text.HAL_TIM_Base_Start_IT
                0x08003238       0x84 build/stm32f1xx_hal_tim.o
                0x08003238                HAL_TIM_Base_Start_IT
 .text.HAL_TIM_OC_DelayElapsedCallback
                0x080032bc        0x2 build/stm32f1xx_hal_tim.o
                0x080032bc                HAL_TIM_OC_DelayElapsedCallback
 .text.HAL_TIM_IC_CaptureCallback
                0x080032be        0x2 build/stm32f1xx_hal_tim.o
                0x080032be                HAL_TIM_IC_CaptureCallback
 .text.HAL_TIM_PWM_PulseFinishedCallback
                0x080032c0        0x2 build/stm32f1xx_hal_tim.o
                0x080032c0                HAL_TIM_PWM_PulseFinishedCallback
 .text.HAL_TIM_TriggerCallback
                0x080032c2        0x2 build/stm32f1xx_hal_tim.o
                0x080032c2                HAL_TIM_TriggerCallback
 .text.HAL_TIM_IRQHandler
                0x080032c4      0x15e build/stm32f1xx_hal_tim.o
                0x080032c4                HAL_TIM_IRQHandler
 *fill*         0x08003422        0x2 
 .text.TIM_Base_SetConfig
                0x08003424       0xd8 build/stm32f1xx_hal_tim.o
                0x08003424                TIM_Base_SetConfig
 .text.HAL_TIM_Base_Init
                0x080034fc       0x58 build/stm32f1xx_hal_tim.o
                0x080034fc                HAL_TIM_Base_Init
 .text.HAL_TIMEx_CommutCallback
                0x08003554        0x2 build/stm32f1xx_hal_tim_ex.o
                0x08003554                HAL_TIMEx_CommutCallback
 .text.HAL_TIMEx_BreakCallback
                0x08003556        0x2 build/stm32f1xx_hal_tim_ex.o
                0x08003556                HAL_TIMEx_BreakCallback
 .text.vListInitialise
                0x08003558       0x16 build/list.o
                0x08003558                vListInitialise
 .text.vListInitialiseItem
                0x0800356e        0x6 build/list.o
                0x0800356e                vListInitialiseItem
 .text.vListInsertEnd
                0x08003574       0x16 build/list.o
                0x08003574                vListInsertEnd
 .text.vListInsert
                0x0800358a       0x32 build/list.o
                0x0800358a                vListInsert
 .text.uxListRemove
                0x080035bc       0x26 build/list.o
                0x080035bc                uxListRemove
 .text.prvIsQueueFull
                0x080035e2       0x1e build/queue.o
 .text.prvIsQueueEmpty
                0x08003600       0x1a build/queue.o
 .text.prvCopyDataToQueue
                0x0800361a       0x76 build/queue.o
 .text.prvCopyDataFromQueue
                0x08003690       0x24 build/queue.o
 .text.prvUnlockQueue
                0x080036b4       0x6e build/queue.o
 .text.xQueueGenericReset
                0x08003722       0x84 build/queue.o
                0x08003722                xQueueGenericReset
 .text.prvInitialiseNewQueue
                0x080037a6       0x22 build/queue.o
 .text.xQueueGenericCreateStatic
                0x080037c8       0x94 build/queue.o
                0x080037c8                xQueueGenericCreateStatic
 .text.xQueueGenericCreate
                0x0800385c       0x48 build/queue.o
                0x0800385c                xQueueGenericCreate
 .text.xQueueGenericSend
                0x080038a4      0x188 build/queue.o
                0x080038a4                xQueueGenericSend
 .text.xQueueGenericSendFromISR
                0x08003a2c       0xce build/queue.o
                0x08003a2c                xQueueGenericSendFromISR
 .text.xQueueReceive
                0x08003afa      0x15e build/queue.o
                0x08003afa                xQueueReceive
 .text.vQueueAddToRegistry
                0x08003c58       0x28 build/queue.o
                0x08003c58                vQueueAddToRegistry
 .text.vQueueWaitForMessageRestricted
                0x08003c80       0x52 build/queue.o
                0x08003c80                vQueueWaitForMessageRestricted
 *fill*         0x08003cd2        0x2 
 .text.prvResetNextTaskUnblockTime
                0x08003cd4       0x2c build/tasks.o
 .text.prvInitialiseNewTask
                0x08003d00       0xa2 build/tasks.o
 *fill*         0x08003da2        0x2 
 .text.prvInitialiseTaskLists
                0x08003da4       0x68 build/tasks.o
 .text.prvAddNewTaskToReadyList
                0x08003e0c       0xac build/tasks.o
 .text.prvDeleteTCB
                0x08003eb8       0x38 build/tasks.o
 .text.prvCheckTasksWaitingTermination
                0x08003ef0       0x4c build/tasks.o
 .text.prvIdleTask
                0x08003f3c       0x28 build/tasks.o
 .text.prvAddCurrentTaskToDelayedList
                0x08003f64       0x7c build/tasks.o
 .text.xTaskCreateStatic
                0x08003fe0       0x76 build/tasks.o
                0x08003fe0                xTaskCreateStatic
 .text.xTaskCreate
                0x08004056       0x64 build/tasks.o
                0x08004056                xTaskCreate
 *fill*         0x080040ba        0x2 
 .text.vTaskStartScheduler
                0x080040bc       0x98 build/tasks.o
                0x080040bc                vTaskStartScheduler
 .text.vTaskSuspendAll
                0x08004154       0x10 build/tasks.o
                0x08004154                vTaskSuspendAll
 .text.xTaskGetTickCount
                0x08004164        0xc build/tasks.o
                0x08004164                xTaskGetTickCount
 .text.xTaskIncrementTick
                0x08004170      0x118 build/tasks.o
                0x08004170                xTaskIncrementTick
 .text.xTaskResumeAll
                0x08004288       0xf8 build/tasks.o
                0x08004288                xTaskResumeAll
 .text.vTaskDelay
                0x08004380       0x4c build/tasks.o
                0x08004380                vTaskDelay
 .text.vTaskSwitchContext
                0x080043cc       0x98 build/tasks.o
                0x080043cc                vTaskSwitchContext
 .text.vTaskPlaceOnEventList
                0x08004464       0x30 build/tasks.o
                0x08004464                vTaskPlaceOnEventList
 .text.vTaskPlaceOnEventListRestricted
                0x08004494       0x38 build/tasks.o
                0x08004494                vTaskPlaceOnEventListRestricted
 .text.xTaskRemoveFromEventList
                0x080044cc       0x8c build/tasks.o
                0x080044cc                xTaskRemoveFromEventList
 .text.vTaskInternalSetTimeOutState
                0x08004558       0x18 build/tasks.o
                0x08004558                vTaskInternalSetTimeOutState
 .text.xTaskCheckForTimeOut
                0x08004570       0x88 build/tasks.o
                0x08004570                xTaskCheckForTimeOut
 .text.vTaskMissedYield
                0x080045f8        0xc build/tasks.o
                0x080045f8                vTaskMissedYield
 .text.xTaskGetSchedulerState
                0x08004604       0x20 build/tasks.o
                0x08004604                xTaskGetSchedulerState
 .text.xTaskPriorityDisinherit
                0x08004624       0x90 build/tasks.o
                0x08004624                xTaskPriorityDisinherit
 .text.prvGetNextExpireTime
                0x080046b4       0x20 build/timers.o
 .text.prvInsertTimerInActiveList
                0x080046d4       0x48 build/timers.o
 .text.prvCheckForValidListAndQueue
                0x0800471c       0x70 build/timers.o
 .text.xTimerCreateTimerTask
                0x0800478c       0x64 build/timers.o
                0x0800478c                xTimerCreateTimerTask
 .text.xTimerGenericCommand
                0x080047f0       0x6c build/timers.o
                0x080047f0                xTimerGenericCommand
 .text.prvSwitchTimerLists
                0x0800485c       0x7c build/timers.o
 .text.prvSampleTimeNow
                0x080048d8       0x2c build/timers.o
 .text.prvProcessExpiredTimer
                0x08004904       0x6c build/timers.o
 .text.prvProcessTimerOrBlockTask
                0x08004970       0x74 build/timers.o
 .text.prvProcessReceivedCommands
                0x080049e4      0x10c build/timers.o
 .text.prvTimerTask
                0x08004af0       0x16 build/timers.o
 .text.SysTick_Handler
                0x08004b06       0x18 build/cmsis_os2.o
                0x08004b06                SysTick_Handler
 *fill*         0x08004b1e        0x2 
 .text.osKernelInitialize
                0x08004b20       0x24 build/cmsis_os2.o
                0x08004b20                osKernelInitialize
 .text.osKernelStart
                0x08004b44       0x38 build/cmsis_os2.o
                0x08004b44                osKernelStart
 .text.osThreadNew
                0x08004b7c       0xb4 build/cmsis_os2.o
                0x08004b7c                osThreadNew
 .text.osDelay  0x08004c30       0x1c build/cmsis_os2.o
                0x08004c30                osDelay
 .text.vApplicationGetIdleTaskMemory
                0x08004c4c       0x18 build/cmsis_os2.o
                0x08004c4c                vApplicationGetIdleTaskMemory
 .text.vApplicationGetTimerTaskMemory
                0x08004c64       0x18 build/cmsis_os2.o
                0x08004c64                vApplicationGetTimerTaskMemory
 .text.prvHeapInit
                0x08004c7c       0x64 build/heap_4.o
 .text.prvInsertBlockIntoFreeList
                0x08004ce0       0x60 build/heap_4.o
 .text.pvPortMalloc
                0x08004d40      0x104 build/heap_4.o
                0x08004d40                pvPortMalloc
 .text.vPortFree
                0x08004e44       0x7c build/heap_4.o
                0x08004e44                vPortFree
 .text.prvTaskExitError
                0x08004ec0       0x40 build/port.o
 .text.prvPortStartFirstTask
                0x08004f00       0x20 build/port.o
 .text.pxPortInitialiseStack
                0x08004f20       0x24 build/port.o
                0x08004f20                pxPortInitialiseStack
 *fill*         0x08004f44        0xc 
 .text.SVC_Handler
                0x08004f50       0x24 build/port.o
                0x08004f50                SVC_Handler
 .text.vPortEnterCritical
                0x08004f74       0x44 build/port.o
                0x08004f74                vPortEnterCritical
 .text.vPortExitCritical
                0x08004fb8       0x2c build/port.o
                0x08004fb8                vPortExitCritical
 *fill*         0x08004fe4        0xc 
 .text.PendSV_Handler
                0x08004ff0       0x44 build/port.o
                0x08004ff0                PendSV_Handler
 .text.xPortSysTickHandler
                0x08005034       0x2c build/port.o
                0x08005034                xPortSysTickHandler
 .text.vPortSetupTimerInterrupt
                0x08005060       0x28 build/port.o
                0x08005060                vPortSetupTimerInterrupt
 .text.xPortStartScheduler
                0x08005088       0xc0 build/port.o
                0x08005088                xPortStartScheduler
 .text.vPortValidateInterruptPriority
                0x08005148       0x5c build/port.o
                0x08005148                vPortValidateInterruptPriority
 .text.Packet_CRC8
                0x080051a4       0x3e build/SendDataProcess.o
 *fill*         0x080051e2        0x2 
 .text.vSendDataProcessTask
                0x080051e4       0x44 build/SendDataProcess.o
                0x080051e4                vSendDataProcessTask
 .text.vCreateSendDataQueueTask
                0x08005228       0x18 build/SendDataProcess.o
                0x08005228                vCreateSendDataQueueTask
 .text.vCreateSendDataTask
                0x08005240       0x3c build/SendDataProcess.o
                0x08005240                vCreateSendDataTask
 .text.QueueSendfmt
                0x0800527c       0x5e build/SendDataProcess.o
                0x0800527c                QueueSendfmt
 *fill*         0x080052da        0x2 
 .text.SendBinaryToHost
                0x080052dc       0x48 build/SendDataProcess.o
                0x080052dc                SendBinaryToHost
 .text.SendBinaryToHostFront
                0x08005324       0x48 build/SendDataProcess.o
                0x08005324                SendBinaryToHostFront
 .text.BuildReplyPacket
                0x0800536c       0x60 build/SendDataProcess.o
                0x0800536c                BuildReplyPacket
 .text.ReplyPacket
                0x080053cc       0x5c build/SendDataProcess.o
                0x080053cc                ReplyPacket
 .text.UART1_Init
                0x08005428       0x64 build/uart1.o
                0x08005428                UART1_Init
 .text.UART1_SendBlocking
                0x0800548c       0x4c build/uart1.o
                0x0800548c                UART1_SendBlocking
 .text.VDDSwitch
                0x080054d8       0x28 build/HWCIDri.o
                0x080054d8                VDDSwitch
 .text.SelectInductor
                0x08005500       0x40 build/HWCIDri.o
                0x08005500                SelectInductor
 .text.SelectResistance
                0x08005540       0x68 build/HWCIDri.o
                0x08005540                SelectResistance
 .text.SelectESLSPI
                0x080055a8       0x44 build/HWCIDri.o
                0x080055a8                SelectESLSPI
 .text.VDDOrAAVSPL2
                0x080055ec       0x50 build/HWCIDri.o
                0x080055ec                VDDOrAAVSPL2
 .text.VDDLOrHiz
                0x0800563c       0x48 build/HWCIDri.o
                0x0800563c                VDDLOrHiz
 .text.TSCLOrVSPL2OrHiz
                0x08005684       0x68 build/HWCIDri.o
                0x08005684                TSCLOrVSPL2OrHiz
 .text.VSNL2rVMTP
                0x080056ec       0x48 build/HWCIDri.o
                0x080056ec                VSNL2rVMTP
 .text.ICTypeSelect
                0x08005734       0x5c build/HWCIDri.o
                0x08005734                ICTypeSelect
 .text.channel_voltage_to_current_diff
                0x08005790       0x18 build/ADCAPP.o
 .text.vCreateADCTask
                0x080057a8       0x2c build/ADCAPP.o
                0x080057a8                vCreateADCTask
 .text.HAL_ADC_ConvCpltCallback
                0x080057d4       0x1c build/ADCAPP.o
                0x080057d4                HAL_ADC_ConvCpltCallback
 .text.vADC_StartConversion
                0x080057f0       0x74 build/ADCAPP.o
                0x080057f0                vADC_StartConversion
 .text.adc_to_voltage
                0x08005864       0x34 build/ADCAPP.o
                0x08005864                adc_to_voltage
 .text.calibrate_channel_current
                0x08005898      0x15c build/ADCAPP.o
                0x08005898                calibrate_channel_current
 .text.send_current_packet
                0x080059f4       0xc4 build/ADCAPP.o
                0x080059f4                send_current_packet
 .text.calibrate_channel_voltage
                0x08005ab8       0x88 build/ADCAPP.o
                0x08005ab8                calibrate_channel_voltage
 .text.send_voltage_packet
                0x08005b40       0xb0 build/ADCAPP.o
                0x08005b40                send_voltage_packet
 .text.vADCProcessTask
                0x08005bf0       0x1a build/ADCAPP.o
                0x08005bf0                vADCProcessTask
 *fill*         0x08005c0a        0x2 
 .text.vHWCIProcessTask
                0x08005c0c       0xe0 build/TaskList.o
                0x08005c0c                vHWCIProcessTask
 .text.vCreateHWCIProcessTask
                0x08005cec       0x54 build/TaskList.o
                0x08005cec                vCreateHWCIProcessTask
 .text.voltage_to_code
                0x08005d40       0x50 build/DPPTM.o
 .text.ControlDPPTM
                0x08005d90       0x40 build/DPPTM.o
                0x08005d90                ControlDPPTM
 .text.get_current_vdd_voltage
                0x08005dd0       0x1c build/DPPTM.o
                0x08005dd0                get_current_vdd_voltage
 .text.SetESLVDDVoltage
                0x08005dec      0x1b4 build/DPPTM.o
                0x08005dec                SetESLVDDVoltage
 .text.IIC_Delay_us
                0x08005fa0       0x12 build/DPPTMIIC.o
 *fill*         0x08005fb2        0x2 
 .text.Soft_IIC_Output
                0x08005fb4       0x14 build/DPPTMIIC.o
 .text.Soft_IIC_Input
                0x08005fc8       0x14 build/DPPTMIIC.o
 .text.Soft_IIC_Start
                0x08005fdc       0x28 build/DPPTMIIC.o
                0x08005fdc                Soft_IIC_Start
 .text.Soft_IIC_Stop
                0x08006004       0x30 build/DPPTMIIC.o
                0x08006004                Soft_IIC_Stop
 .text.Soft_IIC_Wait_ACK
                0x08006034       0x60 build/DPPTMIIC.o
                0x08006034                Soft_IIC_Wait_ACK
 .text.Soft_IIC_Write_High
                0x08006094       0x40 build/DPPTMIIC.o
                0x08006094                Soft_IIC_Write_High
 .text.Soft_IIC_Write_Low
                0x080060d4       0x40 build/DPPTMIIC.o
                0x080060d4                Soft_IIC_Write_Low
 .text.Soft_IIC_Write_Byte
                0x08006114       0x24 build/DPPTMIIC.o
                0x08006114                Soft_IIC_Write_Byte
 .text.E52bitRead
                0x08006138       0x54 build/ESL.o
                0x08006138                E52bitRead
 .text.E52bitWrite
                0x0800618c       0x1c build/ESL.o
                0x0800618c                E52bitWrite
 .text.ESLCommands
                0x080061a8       0x18 build/ESL.o
                0x080061a8                ESLCommands
 .text.SPI4_Delay_us
                0x080061c0       0x12 build/ESL4SPI.o
 *fill*         0x080061d2        0x2 
 .text.SDA_GPIO_Configuration
                0x080061d4       0x60 build/ESL4SPI.o
                0x080061d4                SDA_GPIO_Configuration
 .text.SCL_GPIO_SetLevel
                0x08006234       0x24 build/ESL4SPI.o
                0x08006234                SCL_GPIO_SetLevel
 .text.CS_GPIO_SetLevel
                0x08006258       0x24 build/ESL4SPI.o
                0x08006258                CS_GPIO_SetLevel
 .text.DC_GPIO_SetLevel
                0x0800627c       0x20 build/ESL4SPI.o
                0x0800627c                DC_GPIO_SetLevel
 .text.SDA_GPIO_SetLevel
                0x0800629c       0x24 build/ESL4SPI.o
                0x0800629c                SDA_GPIO_SetLevel
 .text.SPI4_Write_Byte
                0x080062c0       0x54 build/ESL4SPI.o
                0x080062c0                SPI4_Write_Byte
 .text.ESL4SPI_WriteCMD
                0x08006314       0x36 build/ESL4SPI.o
                0x08006314                ESL4SPI_WriteCMD
 .text.ESL4SPI_WriteDATA
                0x0800634a       0x36 build/ESL4SPI.o
                0x0800634a                ESL4SPI_WriteDATA
 .text.ESL4SPI_ReadDATA
                0x08006380       0x64 build/ESL4SPI.o
                0x08006380                ESL4SPI_ReadDATA
 .text.Reset_Handler
                0x080063e4       0x48 build/startup_stm32f103xg.o
                0x080063e4                Reset_Handler
 .text.Default_Handler
                0x0800642c        0x2 build/startup_stm32f103xg.o
                0x0800642c                RTC_Alarm_IRQHandler
                0x0800642c                EXTI2_IRQHandler
                0x0800642c                TIM8_CC_IRQHandler
                0x0800642c                TIM1_CC_IRQHandler
                0x0800642c                PVD_IRQHandler
                0x0800642c                SDIO_IRQHandler
                0x0800642c                EXTI3_IRQHandler
                0x0800642c                TIM8_TRG_COM_TIM14_IRQHandler
                0x0800642c                TIM1_UP_TIM10_IRQHandler
                0x0800642c                TIM8_UP_TIM13_IRQHandler
                0x0800642c                EXTI0_IRQHandler
                0x0800642c                I2C2_EV_IRQHandler
                0x0800642c                ADC1_2_IRQHandler
                0x0800642c                SPI1_IRQHandler
                0x0800642c                TAMPER_IRQHandler
                0x0800642c                TIM1_BRK_TIM9_IRQHandler
                0x0800642c                DMA2_Channel2_IRQHandler
                0x0800642c                DMA1_Channel4_IRQHandler
                0x0800642c                USART3_IRQHandler
                0x0800642c                RTC_IRQHandler
                0x0800642c                DMA1_Channel7_IRQHandler
                0x0800642c                CAN1_RX1_IRQHandler
                0x0800642c                UART5_IRQHandler
                0x0800642c                ADC3_IRQHandler
                0x0800642c                TIM4_IRQHandler
                0x0800642c                DMA2_Channel1_IRQHandler
                0x0800642c                I2C1_EV_IRQHandler
                0x0800642c                DMA1_Channel6_IRQHandler
                0x0800642c                UART4_IRQHandler
                0x0800642c                TIM3_IRQHandler
                0x0800642c                RCC_IRQHandler
                0x0800642c                TIM8_BRK_TIM12_IRQHandler
                0x0800642c                Default_Handler
                0x0800642c                EXTI15_10_IRQHandler
                0x0800642c                TIM7_IRQHandler
                0x0800642c                TIM5_IRQHandler
                0x0800642c                EXTI9_5_IRQHandler
                0x0800642c                SPI2_IRQHandler
                0x0800642c                DMA1_Channel5_IRQHandler
                0x0800642c                EXTI4_IRQHandler
                0x0800642c                USB_HP_CAN1_TX_IRQHandler
                0x0800642c                DMA1_Channel3_IRQHandler
                0x0800642c                FSMC_IRQHandler
                0x0800642c                WWDG_IRQHandler
                0x0800642c                TIM2_IRQHandler
                0x0800642c                TIM1_TRG_COM_TIM11_IRQHandler
                0x0800642c                EXTI1_IRQHandler
                0x0800642c                DMA2_Channel4_5_IRQHandler
                0x0800642c                USART2_IRQHandler
                0x0800642c                I2C2_ER_IRQHandler
                0x0800642c                DMA1_Channel2_IRQHandler
                0x0800642c                CAN1_SCE_IRQHandler
                0x0800642c                FLASH_IRQHandler
                0x0800642c                SPI3_IRQHandler
                0x0800642c                I2C1_ER_IRQHandler
                0x0800642c                USBWakeUp_IRQHandler
                0x0800642c                DMA2_Channel3_IRQHandler
 .text.__cvt    0x0800642e       0xc8 D:/gcc-arm/14.3 rel1/bin/../lib/gcc/arm-none-eabi/14.3.1/../../../../arm-none-eabi/lib/thumb/v7-m/nofp\libc_nano.a(libc_a-nano-vfprintf_float.o)
                0x0800642e                __cvt
 .text.__exponent
                0x080064f6       0x74 D:/gcc-arm/14.3 rel1/bin/../lib/gcc/arm-none-eabi/14.3.1/../../../../arm-none-eabi/lib/thumb/v7-m/nofp\libc_nano.a(libc_a-nano-vfprintf_float.o)
                0x080064f6                __exponent
 *fill*         0x0800656a        0x2 
 .text._printf_float
                0x0800656c      0x458 D:/gcc-arm/14.3 rel1/bin/../lib/gcc/arm-none-eabi/14.3.1/../../../../arm-none-eabi/lib/thumb/v7-m/nofp\libc_nano.a(libc_a-nano-vfprintf_float.o)
                0x0800656c                _printf_float
 .text._printf_common
                0x080069c4       0xe4 D:/gcc-arm/14.3 rel1/bin/../lib/gcc/arm-none-eabi/14.3.1/../../../../arm-none-eabi/lib/thumb/v7-m/nofp\libc_nano.a(libc_a-nano-vfprintf_i.o)
                0x080069c4                _printf_common
 .text._printf_i
                0x08006aa8      0x24c D:/gcc-arm/14.3 rel1/bin/../lib/gcc/arm-none-eabi/14.3.1/../../../../arm-none-eabi/lib/thumb/v7-m/nofp\libc_nano.a(libc_a-nano-vfprintf_i.o)
                0x08006aa8                _printf_i
 .text._scanf_float
                0x08006cf4      0x414 D:/gcc-arm/14.3 rel1/bin/../lib/gcc/arm-none-eabi/14.3.1/../../../../arm-none-eabi/lib/thumb/v7-m/nofp\libc_nano.a(libc_a-nano-vfscanf_float.o)
                0x08006cf4                _scanf_float
 .text.std      0x08007108       0x6c D:/gcc-arm/14.3 rel1/bin/../lib/gcc/arm-none-eabi/14.3.1/../../../../arm-none-eabi/lib/thumb/v7-m/nofp\libc_nano.a(libc_a-findfp.o)
 .text.stdio_exit_handler
                0x08007174       0x18 D:/gcc-arm/14.3 rel1/bin/../lib/gcc/arm-none-eabi/14.3.1/../../../../arm-none-eabi/lib/thumb/v7-m/nofp\libc_nano.a(libc_a-findfp.o)
 .text.cleanup_stdio
                0x0800718c       0x40 D:/gcc-arm/14.3 rel1/bin/../lib/gcc/arm-none-eabi/14.3.1/../../../../arm-none-eabi/lib/thumb/v7-m/nofp\libc_nano.a(libc_a-findfp.o)
 .text.global_stdio_init.part.0
                0x080071cc       0x40 D:/gcc-arm/14.3 rel1/bin/../lib/gcc/arm-none-eabi/14.3.1/../../../../arm-none-eabi/lib/thumb/v7-m/nofp\libc_nano.a(libc_a-findfp.o)
 .text.__sfp_lock_acquire
                0x0800720c        0xc D:/gcc-arm/14.3 rel1/bin/../lib/gcc/arm-none-eabi/14.3.1/../../../../arm-none-eabi/lib/thumb/v7-m/nofp\libc_nano.a(libc_a-findfp.o)
                0x0800720c                __sfp_lock_acquire
 .text.__sfp_lock_release
                0x08007218        0xc D:/gcc-arm/14.3 rel1/bin/../lib/gcc/arm-none-eabi/14.3.1/../../../../arm-none-eabi/lib/thumb/v7-m/nofp\libc_nano.a(libc_a-findfp.o)
                0x08007218                __sfp_lock_release
 .text.__sinit  0x08007224       0x30 D:/gcc-arm/14.3 rel1/bin/../lib/gcc/arm-none-eabi/14.3.1/../../../../arm-none-eabi/lib/thumb/v7-m/nofp\libc_nano.a(libc_a-findfp.o)
                0x08007224                __sinit
 .text._fwalk_sglue
                0x08007254       0x3c D:/gcc-arm/14.3 rel1/bin/../lib/gcc/arm-none-eabi/14.3.1/../../../../arm-none-eabi/lib/thumb/v7-m/nofp\libc_nano.a(libc_a-fwalk.o)
                0x08007254                _fwalk_sglue
 .text.sprintf  0x08007290       0x44 D:/gcc-arm/14.3 rel1/bin/../lib/gcc/arm-none-eabi/14.3.1/../../../../arm-none-eabi/lib/thumb/v7-m/nofp\libc_nano.a(libc_a-sprintf.o)
                0x08007290                siprintf
                0x08007290                sprintf
 .text.__sread  0x080072d4       0x22 D:/gcc-arm/14.3 rel1/bin/../lib/gcc/arm-none-eabi/14.3.1/../../../../arm-none-eabi/lib/thumb/v7-m/nofp\libc_nano.a(libc_a-stdio.o)
                0x080072d4                __sread
 .text.__swrite
                0x080072f6       0x38 D:/gcc-arm/14.3 rel1/bin/../lib/gcc/arm-none-eabi/14.3.1/../../../../arm-none-eabi/lib/thumb/v7-m/nofp\libc_nano.a(libc_a-stdio.o)
                0x080072f6                __swrite
 .text.__sseek  0x0800732e       0x26 D:/gcc-arm/14.3 rel1/bin/../lib/gcc/arm-none-eabi/14.3.1/../../../../arm-none-eabi/lib/thumb/v7-m/nofp\libc_nano.a(libc_a-stdio.o)
                0x0800732e                __sseek
 .text.__sclose
                0x08007354        0x8 D:/gcc-arm/14.3 rel1/bin/../lib/gcc/arm-none-eabi/14.3.1/../../../../arm-none-eabi/lib/thumb/v7-m/nofp\libc_nano.a(libc_a-stdio.o)
                0x08007354                __sclose
 .text._vsnprintf_r
                0x0800735c       0x5c D:/gcc-arm/14.3 rel1/bin/../lib/gcc/arm-none-eabi/14.3.1/../../../../arm-none-eabi/lib/thumb/v7-m/nofp\libc_nano.a(libc_a-vsnprintf.o)
                0x0800735c                _vsniprintf_r
                0x0800735c                _vsnprintf_r
 .text.vsnprintf
                0x080073b8       0x1c D:/gcc-arm/14.3 rel1/bin/../lib/gcc/arm-none-eabi/14.3.1/../../../../arm-none-eabi/lib/thumb/v7-m/nofp\libc_nano.a(libc_a-vsnprintf.o)
                0x080073b8                vsniprintf
                0x080073b8                vsnprintf
 .text.memmove  0x080073d4       0x32 D:/gcc-arm/14.3 rel1/bin/../lib/gcc/arm-none-eabi/14.3.1/../../../../arm-none-eabi/lib/thumb/v7-m/nofp\libc_nano.a(libc_a-memmove.o)
                0x080073d4                memmove
 .text.memset   0x08007406       0x10 D:/gcc-arm/14.3 rel1/bin/../lib/gcc/arm-none-eabi/14.3.1/../../../../arm-none-eabi/lib/thumb/v7-m/nofp\libc_nano.a(libc_a-memset.o)
                0x08007406                memset
 *fill*         0x08007416        0x2 
 .text._localeconv_r
                0x08007418        0x8 D:/gcc-arm/14.3 rel1/bin/../lib/gcc/arm-none-eabi/14.3.1/../../../../arm-none-eabi/lib/thumb/v7-m/nofp\libc_nano.a(libc_a-localeconv.o)
                0x08007418                _localeconv_r
 .text._close_r
                0x08007420       0x20 D:/gcc-arm/14.3 rel1/bin/../lib/gcc/arm-none-eabi/14.3.1/../../../../arm-none-eabi/lib/thumb/v7-m/nofp\libc_nano.a(libc_a-closer.o)
                0x08007420                _close_r
 .text._lseek_r
                0x08007440       0x24 D:/gcc-arm/14.3 rel1/bin/../lib/gcc/arm-none-eabi/14.3.1/../../../../arm-none-eabi/lib/thumb/v7-m/nofp\libc_nano.a(libc_a-lseekr.o)
                0x08007440                _lseek_r
 .text._read_r  0x08007464       0x24 D:/gcc-arm/14.3 rel1/bin/../lib/gcc/arm-none-eabi/14.3.1/../../../../arm-none-eabi/lib/thumb/v7-m/nofp\libc_nano.a(libc_a-readr.o)
                0x08007464                _read_r
 .text._write_r
                0x08007488       0x24 D:/gcc-arm/14.3 rel1/bin/../lib/gcc/arm-none-eabi/14.3.1/../../../../arm-none-eabi/lib/thumb/v7-m/nofp\libc_nano.a(libc_a-writer.o)
                0x08007488                _write_r
 .text.__errno  0x080074ac        0xc D:/gcc-arm/14.3 rel1/bin/../lib/gcc/arm-none-eabi/14.3.1/../../../../arm-none-eabi/lib/thumb/v7-m/nofp\libc_nano.a(libc_a-errno.o)
                0x080074ac                __errno
 .text.__libc_init_array
                0x080074b8       0x48 D:/gcc-arm/14.3 rel1/bin/../lib/gcc/arm-none-eabi/14.3.1/../../../../arm-none-eabi/lib/thumb/v7-m/nofp\libc_nano.a(libc_a-init.o)
                0x080074b8                __libc_init_array
 .text.__retarget_lock_init_recursive
                0x08007500        0x2 D:/gcc-arm/14.3 rel1/bin/../lib/gcc/arm-none-eabi/14.3.1/../../../../arm-none-eabi/lib/thumb/v7-m/nofp\libc_nano.a(libc_a-lock.o)
                0x08007500                __retarget_lock_init_recursive
 .text.__retarget_lock_acquire_recursive
                0x08007502        0x2 D:/gcc-arm/14.3 rel1/bin/../lib/gcc/arm-none-eabi/14.3.1/../../../../arm-none-eabi/lib/thumb/v7-m/nofp\libc_nano.a(libc_a-lock.o)
                0x08007502                __retarget_lock_acquire_recursive
 .text.__retarget_lock_release_recursive
                0x08007504        0x2 D:/gcc-arm/14.3 rel1/bin/../lib/gcc/arm-none-eabi/14.3.1/../../../../arm-none-eabi/lib/thumb/v7-m/nofp\libc_nano.a(libc_a-lock.o)
                0x08007504                __retarget_lock_release_recursive
 .text.memchr   0x08007506       0x1c D:/gcc-arm/14.3 rel1/bin/../lib/gcc/arm-none-eabi/14.3.1/../../../../arm-none-eabi/lib/thumb/v7-m/nofp\libc_nano.a(libc_a-memchr-stub.o)
                0x08007506                memchr
 .text.memcpy   0x08007522       0x1c D:/gcc-arm/14.3 rel1/bin/../lib/gcc/arm-none-eabi/14.3.1/../../../../arm-none-eabi/lib/thumb/v7-m/nofp\libc_nano.a(libc_a-memcpy-stub.o)
                0x08007522                memcpy
 *fill*         0x0800753e        0x2 
 .text.nanf     0x08007540        0x8 D:/gcc-arm/14.3 rel1/bin/../lib/gcc/arm-none-eabi/14.3.1/../../../../arm-none-eabi/lib/thumb/v7-m/nofp\libc_nano.a(libm_a-sf_nan.o)
                0x08007540                nanf
 .text.quorem   0x08007548      0x110 D:/gcc-arm/14.3 rel1/bin/../lib/gcc/arm-none-eabi/14.3.1/../../../../arm-none-eabi/lib/thumb/v7-m/nofp\libc_nano.a(libc_a-dtoa.o)
 .text._dtoa_r  0x08007658      0xbcc D:/gcc-arm/14.3 rel1/bin/../lib/gcc/arm-none-eabi/14.3.1/../../../../arm-none-eabi/lib/thumb/v7-m/nofp\libc_nano.a(libc_a-dtoa.o)
                0x08007658                _dtoa_r
 .text._free_r  0x08008224       0x90 D:/gcc-arm/14.3 rel1/bin/../lib/gcc/arm-none-eabi/14.3.1/../../../../arm-none-eabi/lib/thumb/v7-m/nofp\libc_nano.a(libc_a-freer.o)
                0x08008224                _free_r
 .text.malloc   0x080082b4       0x10 D:/gcc-arm/14.3 rel1/bin/../lib/gcc/arm-none-eabi/14.3.1/../../../../arm-none-eabi/lib/thumb/v7-m/nofp\libc_nano.a(libc_a-malloc.o)
                0x080082b4                malloc
 .text.sbrk_aligned
                0x080082c4       0x44 D:/gcc-arm/14.3 rel1/bin/../lib/gcc/arm-none-eabi/14.3.1/../../../../arm-none-eabi/lib/thumb/v7-m/nofp\libc_nano.a(libc_a-mallocr.o)
 .text._malloc_r
                0x08008308      0x100 D:/gcc-arm/14.3 rel1/bin/../lib/gcc/arm-none-eabi/14.3.1/../../../../arm-none-eabi/lib/thumb/v7-m/nofp\libc_nano.a(libc_a-mallocr.o)
                0x08008308                _malloc_r
 .text.__malloc_lock
                0x08008408        0xc D:/gcc-arm/14.3 rel1/bin/../lib/gcc/arm-none-eabi/14.3.1/../../../../arm-none-eabi/lib/thumb/v7-m/nofp\libc_nano.a(libc_a-mlock.o)
                0x08008408                __malloc_lock
 .text.__malloc_unlock
                0x08008414        0xc D:/gcc-arm/14.3 rel1/bin/../lib/gcc/arm-none-eabi/14.3.1/../../../../arm-none-eabi/lib/thumb/v7-m/nofp\libc_nano.a(libc_a-mlock.o)
                0x08008414                __malloc_unlock
 .text._Balloc  0x08008420       0x7c D:/gcc-arm/14.3 rel1/bin/../lib/gcc/arm-none-eabi/14.3.1/../../../../arm-none-eabi/lib/thumb/v7-m/nofp\libc_nano.a(libc_a-mprec.o)
                0x08008420                _Balloc
 .text._Bfree   0x0800849c       0x44 D:/gcc-arm/14.3 rel1/bin/../lib/gcc/arm-none-eabi/14.3.1/../../../../arm-none-eabi/lib/thumb/v7-m/nofp\libc_nano.a(libc_a-mprec.o)
                0x0800849c                _Bfree
 .text.__multadd
                0x080084e0       0x8c D:/gcc-arm/14.3 rel1/bin/../lib/gcc/arm-none-eabi/14.3.1/../../../../arm-none-eabi/lib/thumb/v7-m/nofp\libc_nano.a(libc_a-mprec.o)
                0x080084e0                __multadd
 .text.__s2b    0x0800856c       0x94 D:/gcc-arm/14.3 rel1/bin/../lib/gcc/arm-none-eabi/14.3.1/../../../../arm-none-eabi/lib/thumb/v7-m/nofp\libc_nano.a(libc_a-mprec.o)
                0x0800856c                __s2b
 .text.__hi0bits
                0x08008600       0x3e D:/gcc-arm/14.3 rel1/bin/../lib/gcc/arm-none-eabi/14.3.1/../../../../arm-none-eabi/lib/thumb/v7-m/nofp\libc_nano.a(libc_a-mprec.o)
                0x08008600                __hi0bits
 .text.__lo0bits
                0x0800863e       0x5a D:/gcc-arm/14.3 rel1/bin/../lib/gcc/arm-none-eabi/14.3.1/../../../../arm-none-eabi/lib/thumb/v7-m/nofp\libc_nano.a(libc_a-mprec.o)
                0x0800863e                __lo0bits
 .text.__i2b    0x08008698       0x2c D:/gcc-arm/14.3 rel1/bin/../lib/gcc/arm-none-eabi/14.3.1/../../../../arm-none-eabi/lib/thumb/v7-m/nofp\libc_nano.a(libc_a-mprec.o)
                0x08008698                __i2b
 .text.__multiply
                0x080086c4      0x150 D:/gcc-arm/14.3 rel1/bin/../lib/gcc/arm-none-eabi/14.3.1/../../../../arm-none-eabi/lib/thumb/v7-m/nofp\libc_nano.a(libc_a-mprec.o)
                0x080086c4                __multiply
 .text.__pow5mult
                0x08008814       0xb8 D:/gcc-arm/14.3 rel1/bin/../lib/gcc/arm-none-eabi/14.3.1/../../../../arm-none-eabi/lib/thumb/v7-m/nofp\libc_nano.a(libc_a-mprec.o)
                0x08008814                __pow5mult
 .text.__lshift
                0x080088cc       0xd8 D:/gcc-arm/14.3 rel1/bin/../lib/gcc/arm-none-eabi/14.3.1/../../../../arm-none-eabi/lib/thumb/v7-m/nofp\libc_nano.a(libc_a-mprec.o)
                0x080088cc                __lshift
 .text.__mcmp   0x080089a4       0x36 D:/gcc-arm/14.3 rel1/bin/../lib/gcc/arm-none-eabi/14.3.1/../../../../arm-none-eabi/lib/thumb/v7-m/nofp\libc_nano.a(libc_a-mprec.o)
                0x080089a4                __mcmp
 *fill*         0x080089da        0x2 
 .text.__mdiff  0x080089dc      0x130 D:/gcc-arm/14.3 rel1/bin/../lib/gcc/arm-none-eabi/14.3.1/../../../../arm-none-eabi/lib/thumb/v7-m/nofp\libc_nano.a(libc_a-mprec.o)
                0x080089dc                __mdiff
 .text.__ulp    0x08008b0c       0x40 D:/gcc-arm/14.3 rel1/bin/../lib/gcc/arm-none-eabi/14.3.1/../../../../arm-none-eabi/lib/thumb/v7-m/nofp\libc_nano.a(libc_a-mprec.o)
                0x08008b0c                __ulp
 .text.__b2d    0x08008b4c       0x90 D:/gcc-arm/14.3 rel1/bin/../lib/gcc/arm-none-eabi/14.3.1/../../../../arm-none-eabi/lib/thumb/v7-m/nofp\libc_nano.a(libc_a-mprec.o)
                0x08008b4c                __b2d
 .text.__d2b    0x08008bdc       0xb0 D:/gcc-arm/14.3 rel1/bin/../lib/gcc/arm-none-eabi/14.3.1/../../../../arm-none-eabi/lib/thumb/v7-m/nofp\libc_nano.a(libc_a-mprec.o)
                0x08008bdc                __d2b
 .text.__ratio  0x08008c8c       0x60 D:/gcc-arm/14.3 rel1/bin/../lib/gcc/arm-none-eabi/14.3.1/../../../../arm-none-eabi/lib/thumb/v7-m/nofp\libc_nano.a(libc_a-mprec.o)
                0x08008c8c                __ratio
 .text.__copybits
                0x08008cec       0x46 D:/gcc-arm/14.3 rel1/bin/../lib/gcc/arm-none-eabi/14.3.1/../../../../arm-none-eabi/lib/thumb/v7-m/nofp\libc_nano.a(libc_a-mprec.o)
                0x08008cec                __copybits
 .text.__any_on
                0x08008d32       0x42 D:/gcc-arm/14.3 rel1/bin/../lib/gcc/arm-none-eabi/14.3.1/../../../../arm-none-eabi/lib/thumb/v7-m/nofp\libc_nano.a(libc_a-mprec.o)
                0x08008d32                __any_on
 .text.sulp     0x08008d74       0x42 D:/gcc-arm/14.3 rel1/bin/../lib/gcc/arm-none-eabi/14.3.1/../../../../arm-none-eabi/lib/thumb/v7-m/nofp\libc_nano.a(libc_a-strtod.o)
 *fill*         0x08008db6        0x2 
 .text._strtod_l
                0x08008db8      0xba8 D:/gcc-arm/14.3 rel1/bin/../lib/gcc/arm-none-eabi/14.3.1/../../../../arm-none-eabi/lib/thumb/v7-m/nofp\libc_nano.a(libc_a-strtod.o)
                0x08008db8                _strtod_l
 .text._strtod_r
                0x08009960        0xc D:/gcc-arm/14.3 rel1/bin/../lib/gcc/arm-none-eabi/14.3.1/../../../../arm-none-eabi/lib/thumb/v7-m/nofp\libc_nano.a(libc_a-strtod.o)
                0x08009960                _strtod_r
 .text._strtol_l.isra.0
                0x0800996c       0xf4 D:/gcc-arm/14.3 rel1/bin/../lib/gcc/arm-none-eabi/14.3.1/../../../../arm-none-eabi/lib/thumb/v7-m/nofp\libc_nano.a(libc_a-strtol.o)
 .text._strtol_r
                0x08009a60        0x4 D:/gcc-arm/14.3 rel1/bin/../lib/gcc/arm-none-eabi/14.3.1/../../../../arm-none-eabi/lib/thumb/v7-m/nofp\libc_nano.a(libc_a-strtol.o)
                0x08009a60                _strtol_r
 .text.__ssputs_r
                0x08009a64       0xc0 D:/gcc-arm/14.3 rel1/bin/../lib/gcc/arm-none-eabi/14.3.1/../../../../arm-none-eabi/lib/thumb/v7-m/nofp\libc_nano.a(libc_a-nano-svfprintf.o)
                0x08009a64                __ssputs_r
 .text._svfprintf_r
                0x08009b24      0x1f0 D:/gcc-arm/14.3 rel1/bin/../lib/gcc/arm-none-eabi/14.3.1/../../../../arm-none-eabi/lib/thumb/v7-m/nofp\libc_nano.a(libc_a-nano-svfprintf.o)
                0x08009b24                _svfiprintf_r
                0x08009b24                _svfprintf_r
 .text.__sflush_r
                0x08009d14       0xfc D:/gcc-arm/14.3 rel1/bin/../lib/gcc/arm-none-eabi/14.3.1/../../../../arm-none-eabi/lib/thumb/v7-m/nofp\libc_nano.a(libc_a-fflush.o)
                0x08009d14                __sflush_r
 .text._fflush_r
                0x08009e10       0x50 D:/gcc-arm/14.3 rel1/bin/../lib/gcc/arm-none-eabi/14.3.1/../../../../arm-none-eabi/lib/thumb/v7-m/nofp\libc_nano.a(libc_a-fflush.o)
                0x08009e10                _fflush_r
 .text.strncmp  0x08009e60       0x24 D:/gcc-arm/14.3 rel1/bin/../lib/gcc/arm-none-eabi/14.3.1/../../../../arm-none-eabi/lib/thumb/v7-m/nofp\libc_nano.a(libc_a-strncmp.o)
                0x08009e60                strncmp
 .text._sbrk_r  0x08009e84       0x20 D:/gcc-arm/14.3 rel1/bin/../lib/gcc/arm-none-eabi/14.3.1/../../../../arm-none-eabi/lib/thumb/v7-m/nofp\libc_nano.a(libc_a-sbrkr.o)
                0x08009e84                _sbrk_r
 .text.nan      0x08009ea4        0xc D:/gcc-arm/14.3 rel1/bin/../lib/gcc/arm-none-eabi/14.3.1/../../../../arm-none-eabi/lib/thumb/v7-m/nofp\libc_nano.a(libm_a-s_nan.o)
                0x08009ea4                nan
 .text.__assert_func
                0x08009eb0       0x3c D:/gcc-arm/14.3 rel1/bin/../lib/gcc/arm-none-eabi/14.3.1/../../../../arm-none-eabi/lib/thumb/v7-m/nofp\libc_nano.a(libc_a-assert.o)
                0x08009eb0                __assert_func
 .text._calloc_r
                0x08009eec       0x28 D:/gcc-arm/14.3 rel1/bin/../lib/gcc/arm-none-eabi/14.3.1/../../../../arm-none-eabi/lib/thumb/v7-m/nofp\libc_nano.a(libc_a-callocr.o)
                0x08009eec                _calloc_r
 .text.rshift   0x08009f14       0xa6 D:/gcc-arm/14.3 rel1/bin/../lib/gcc/arm-none-eabi/14.3.1/../../../../arm-none-eabi/lib/thumb/v7-m/nofp\libc_nano.a(libc_a-gdtoa-gethex.o)
 .text.__hexdig_fun
                0x08009fba       0x2a D:/gcc-arm/14.3 rel1/bin/../lib/gcc/arm-none-eabi/14.3.1/../../../../arm-none-eabi/lib/thumb/v7-m/nofp\libc_nano.a(libc_a-gdtoa-gethex.o)
                0x08009fba                __hexdig_fun
 .text.__gethex
                0x08009fe4      0x420 D:/gcc-arm/14.3 rel1/bin/../lib/gcc/arm-none-eabi/14.3.1/../../../../arm-none-eabi/lib/thumb/v7-m/nofp\libc_nano.a(libc_a-gdtoa-gethex.o)
                0x08009fe4                __gethex
 .text.L_shift  0x0800a404       0x24 D:/gcc-arm/14.3 rel1/bin/../lib/gcc/arm-none-eabi/14.3.1/../../../../arm-none-eabi/lib/thumb/v7-m/nofp\libc_nano.a(libc_a-gdtoa-hexnan.o)
 .text.__match  0x0800a428       0x28 D:/gcc-arm/14.3 rel1/bin/../lib/gcc/arm-none-eabi/14.3.1/../../../../arm-none-eabi/lib/thumb/v7-m/nofp\libc_nano.a(libc_a-gdtoa-hexnan.o)
                0x0800a428                __match
 .text.__hexnan
                0x0800a450      0x13a D:/gcc-arm/14.3 rel1/bin/../lib/gcc/arm-none-eabi/14.3.1/../../../../arm-none-eabi/lib/thumb/v7-m/nofp\libc_nano.a(libc_a-gdtoa-hexnan.o)
                0x0800a450                __hexnan
 .text.__ascii_mbtowc
                0x0800a58a       0x24 D:/gcc-arm/14.3 rel1/bin/../lib/gcc/arm-none-eabi/14.3.1/../../../../arm-none-eabi/lib/thumb/v7-m/nofp\libc_nano.a(libc_a-mbtowc_r.o)
                0x0800a58a                __ascii_mbtowc
 .text._realloc_r
                0x0800a5ae       0x5c D:/gcc-arm/14.3 rel1/bin/../lib/gcc/arm-none-eabi/14.3.1/../../../../arm-none-eabi/lib/thumb/v7-m/nofp\libc_nano.a(libc_a-reallocr.o)
                0x0800a5ae                _realloc_r
 .text.__ascii_wctomb
                0x0800a60a       0x1a D:/gcc-arm/14.3 rel1/bin/../lib/gcc/arm-none-eabi/14.3.1/../../../../arm-none-eabi/lib/thumb/v7-m/nofp\libc_nano.a(libc_a-wctomb_r.o)
                0x0800a60a                __ascii_wctomb
 .text.fprintf  0x0800a624       0x24 D:/gcc-arm/14.3 rel1/bin/../lib/gcc/arm-none-eabi/14.3.1/../../../../arm-none-eabi/lib/thumb/v7-m/nofp\libc_nano.a(libc_a-fprintf.o)
                0x0800a624                fiprintf
                0x0800a624                fprintf
 .text.abort    0x0800a648        0xe D:/gcc-arm/14.3 rel1/bin/../lib/gcc/arm-none-eabi/14.3.1/../../../../arm-none-eabi/lib/thumb/v7-m/nofp\libc_nano.a(libc_a-abort.o)
                0x0800a648                abort
 .text._malloc_usable_size_r
                0x0800a656       0x10 D:/gcc-arm/14.3 rel1/bin/../lib/gcc/arm-none-eabi/14.3.1/../../../../arm-none-eabi/lib/thumb/v7-m/nofp\libc_nano.a(libc_a-msizer.o)
                0x0800a656                _malloc_usable_size_r
 .text.__sfputc_r
                0x0800a666       0x2a D:/gcc-arm/14.3 rel1/bin/../lib/gcc/arm-none-eabi/14.3.1/../../../../arm-none-eabi/lib/thumb/v7-m/nofp\libc_nano.a(libc_a-nano-vfprintf.o)
 .text.__sfputs_r
                0x0800a690       0x24 D:/gcc-arm/14.3 rel1/bin/../lib/gcc/arm-none-eabi/14.3.1/../../../../arm-none-eabi/lib/thumb/v7-m/nofp\libc_nano.a(libc_a-nano-vfprintf.o)
                0x0800a690                __sfputs_r
 .text._vfprintf_r
                0x0800a6b4      0x228 D:/gcc-arm/14.3 rel1/bin/../lib/gcc/arm-none-eabi/14.3.1/../../../../arm-none-eabi/lib/thumb/v7-m/nofp\libc_nano.a(libc_a-nano-vfprintf.o)
                0x0800a6b4                _vfprintf_r
                0x0800a6b4                _vfiprintf_r
 .text.__swbuf_r
                0x0800a8dc       0x7c D:/gcc-arm/14.3 rel1/bin/../lib/gcc/arm-none-eabi/14.3.1/../../../../arm-none-eabi/lib/thumb/v7-m/nofp\libc_nano.a(libc_a-wbuf.o)
                0x0800a8dc                __swbuf_r
 .text.__swsetup_r
                0x0800a958       0xa8 D:/gcc-arm/14.3 rel1/bin/../lib/gcc/arm-none-eabi/14.3.1/../../../../arm-none-eabi/lib/thumb/v7-m/nofp\libc_nano.a(libc_a-wsetup.o)
                0x0800a958                __swsetup_r
 .text._raise_r
                0x0800aa00       0x50 D:/gcc-arm/14.3 rel1/bin/../lib/gcc/arm-none-eabi/14.3.1/../../../../arm-none-eabi/lib/thumb/v7-m/nofp\libc_nano.a(libc_a-signal.o)
                0x0800aa00                _raise_r
 .text.raise    0x0800aa50       0x10 D:/gcc-arm/14.3 rel1/bin/../lib/gcc/arm-none-eabi/14.3.1/../../../../arm-none-eabi/lib/thumb/v7-m/nofp\libc_nano.a(libc_a-signal.o)
                0x0800aa50                raise
 .text._kill_r  0x0800aa60       0x24 D:/gcc-arm/14.3 rel1/bin/../lib/gcc/arm-none-eabi/14.3.1/../../../../arm-none-eabi/lib/thumb/v7-m/nofp\libc_nano.a(libc_a-signalr.o)
                0x0800aa60                _kill_r
 .text._getpid_r
                0x0800aa84        0x4 D:/gcc-arm/14.3 rel1/bin/../lib/gcc/arm-none-eabi/14.3.1/../../../../arm-none-eabi/lib/thumb/v7-m/nofp\libc_nano.a(libc_a-signalr.o)
                0x0800aa84                _getpid_r
 .text.__swhatbuf_r
                0x0800aa88       0x48 D:/gcc-arm/14.3 rel1/bin/../lib/gcc/arm-none-eabi/14.3.1/../../../../arm-none-eabi/lib/thumb/v7-m/nofp\libc_nano.a(libc_a-makebuf.o)
                0x0800aa88                __swhatbuf_r
 .text.__smakebuf_r
                0x0800aad0       0x72 D:/gcc-arm/14.3 rel1/bin/../lib/gcc/arm-none-eabi/14.3.1/../../../../arm-none-eabi/lib/thumb/v7-m/nofp\libc_nano.a(libc_a-makebuf.o)
                0x0800aad0                __smakebuf_r
 *fill*         0x0800ab42        0x2 
 .text._fstat_r
                0x0800ab44       0x24 D:/gcc-arm/14.3 rel1/bin/../lib/gcc/arm-none-eabi/14.3.1/../../../../arm-none-eabi/lib/thumb/v7-m/nofp\libc_nano.a(libc_a-fstatr.o)
                0x0800ab44                _fstat_r
 .text._isatty_r
                0x0800ab68       0x20 D:/gcc-arm/14.3 rel1/bin/../lib/gcc/arm-none-eabi/14.3.1/../../../../arm-none-eabi/lib/thumb/v7-m/nofp\libc_nano.a(libc_a-isattyr.o)
                0x0800ab68                _isatty_r
 .text.__fixdfdi
                0x0800ab88       0x30 D:/gcc-arm/14.3 rel1/bin/../lib/gcc/arm-none-eabi/14.3.1/thumb/v7-m/nofp\libgcc.a(_fixdfdi.o)
                0x0800ab88                __fixdfdi
                0x0800ab88                __aeabi_d2lz
 .text.__fixunsdfdi
                0x0800abb8       0x3c D:/gcc-arm/14.3 rel1/bin/../lib/gcc/arm-none-eabi/14.3.1/thumb/v7-m/nofp\libgcc.a(_fixunsdfdi.o)
                0x0800abb8                __fixunsdfdi
                0x0800abb8                __aeabi_d2ulz
 *(.glue_7)
 .glue_7        0x0800abf4        0x0 linker stubs
 *(.glue_7t)
 .glue_7t       0x0800abf4        0x0 linker stubs
 *(.eh_frame)
 .eh_frame      0x0800abf4        0x0 D:/gcc-arm/14.3 rel1/bin/../lib/gcc/arm-none-eabi/14.3.1/thumb/v7-m/nofp/crtbegin.o
 *(.init)
 .init          0x0800abf4        0x4 D:/gcc-arm/14.3 rel1/bin/../lib/gcc/arm-none-eabi/14.3.1/thumb/v7-m/nofp/crti.o
                0x0800abf4                _init
 .init          0x0800abf8        0x8 D:/gcc-arm/14.3 rel1/bin/../lib/gcc/arm-none-eabi/14.3.1/thumb/v7-m/nofp/crtn.o
 *(.fini)
 .fini          0x0800ac00        0x4 D:/gcc-arm/14.3 rel1/bin/../lib/gcc/arm-none-eabi/14.3.1/thumb/v7-m/nofp/crti.o
                0x0800ac00                _fini
 .fini          0x0800ac04        0x8 D:/gcc-arm/14.3 rel1/bin/../lib/gcc/arm-none-eabi/14.3.1/thumb/v7-m/nofp/crtn.o
                0x0800ac0c                        . = ALIGN (0x4)
                0x0800ac0c                        _etext = .

.vfp11_veneer   0x0800ac0c        0x0
 .vfp11_veneer  0x0800ac0c        0x0 linker stubs

.v4_bx          0x0800ac0c        0x0
 .v4_bx         0x0800ac0c        0x0 linker stubs

.iplt           0x0800ac0c        0x0
 .iplt          0x0800ac0c        0x0 D:/gcc-arm/14.3 rel1/bin/../lib/gcc/arm-none-eabi/14.3.1/thumb/v7-m/nofp/crtbegin.o

.rodata         0x0800ac10      0x734
                0x0800ac10                        . = ALIGN (0x4)
 *(.rodata)
 *(.rodata*)
 .rodata.aPredivFactorTable.0
                0x0800ac10        0x2 build/stm32f1xx_hal_rcc.o
 *fill*         0x0800ac12        0x2 
 .rodata.aPLLMULFactorTable.1
                0x0800ac14       0x10 build/stm32f1xx_hal_rcc.o
 .rodata.APBPrescTable
                0x0800ac24        0x8 build/system_stm32f1xx.o
                0x0800ac24                APBPrescTable
 .rodata.AHBPrescTable
                0x0800ac2c       0x10 build/system_stm32f1xx.o
                0x0800ac2c                AHBPrescTable
 .rodata.vCreateReceiveDataTask.str1.4
                0x0800ac3c      0x293 build/ReceiveDataProcess.o
                                 0x18 (size before relaxing)
 .rodata.vParseReceivedDataPacket.str1.4
                0x0800aecf       0xfe build/ReceiveDataProcess.o
 .rodata.str1.4
                0x0800aecf        0xc build/freertos.o
 *fill*         0x0800aecf        0x1 
 .rodata.defaultTask_attributes
                0x0800aed0       0x24 build/freertos.o
                0x0800aed0                defaultTask_attributes
 .rodata.vTaskStartScheduler.str1.4
                0x0800aef4        0x5 build/tasks.o
 .rodata.prvCheckForValidListAndQueue.str1.4
                0x0800aef4        0x5 build/timers.o
 .rodata.xTimerCreateTimerTask.str1.4
                0x0800aef4        0x8 build/timers.o
 .rodata.vCreateSendDataTask.str1.4
                0x0800aef4       0x15 build/SendDataProcess.o
 .rodata.ReplyPacket.str1.4
                0x0800aef4       0x27 build/SendDataProcess.o
 .rodata.vCreateADCTask.str1.4
                0x0800aef4       0x10 build/ADCAPP.o
 .rodata.vADC_StartConversion.str1.4
                0x0800aef4       0x2a build/ADCAPP.o
 .rodata.send_current_packet.str1.4
                0x0800aef4       0x2d build/ADCAPP.o
 .rodata.send_voltage_packet.str1.4
                0x0800aef4       0x2d build/ADCAPP.o
 .rodata.vHWCIProcessTask.str1.4
                0x0800aef4       0x19 build/TaskList.o
 .rodata.vCreateHWCIProcessTask.str1.4
                0x0800aef4       0x35 build/TaskList.o
 .rodata.ControlDPPTM.str1.4
                0x0800aef4       0x27 build/DPPTM.o
 .rodata.voltage_code_table
                0x0800aef4       0x22 build/DPPTM.o
 .rodata._printf_float.str1.1
                0x0800af16      0x1d9 D:/gcc-arm/14.3 rel1/bin/../lib/gcc/arm-none-eabi/14.3.1/../../../../arm-none-eabi/lib/thumb/v7-m/nofp\libc_nano.a(libc_a-nano-vfprintf_float.o)
                                 0x12 (size before relaxing)
 .rodata._printf_i.str1.1
                0x0800b0ef       0x22 D:/gcc-arm/14.3 rel1/bin/../lib/gcc/arm-none-eabi/14.3.1/../../../../arm-none-eabi/lib/thumb/v7-m/nofp\libc_nano.a(libc_a-nano-vfprintf_i.o)
 .rodata._scanf_float.str1.1
                0x0800b0ef        0x6 D:/gcc-arm/14.3 rel1/bin/../lib/gcc/arm-none-eabi/14.3.1/../../../../arm-none-eabi/lib/thumb/v7-m/nofp\libc_nano.a(libc_a-nano-vfscanf_float.o)
 .rodata._dtoa_r.str1.1
                0x0800b0ef       0x90 D:/gcc-arm/14.3 rel1/bin/../lib/gcc/arm-none-eabi/14.3.1/../../../../arm-none-eabi/lib/thumb/v7-m/nofp\libc_nano.a(libc_a-dtoa.o)
 .rodata._Balloc.str1.1
                0x0800b0ef       0x71 D:/gcc-arm/14.3 rel1/bin/../lib/gcc/arm-none-eabi/14.3.1/../../../../arm-none-eabi/lib/thumb/v7-m/nofp\libc_nano.a(libc_a-mprec.o)
 .rodata.__multadd.str1.1
                0x0800b0ef       0x11 D:/gcc-arm/14.3 rel1/bin/../lib/gcc/arm-none-eabi/14.3.1/../../../../arm-none-eabi/lib/thumb/v7-m/nofp\libc_nano.a(libc_a-mprec.o)
 *fill*         0x0800b0ef        0x1 
 .rodata.p05.0  0x0800b0f0        0xc D:/gcc-arm/14.3 rel1/bin/../lib/gcc/arm-none-eabi/14.3.1/../../../../arm-none-eabi/lib/thumb/v7-m/nofp\libc_nano.a(libc_a-mprec.o)
 *fill*         0x0800b0fc        0x4 
 .rodata.__mprec_bigtens
                0x0800b100       0x28 D:/gcc-arm/14.3 rel1/bin/../lib/gcc/arm-none-eabi/14.3.1/../../../../arm-none-eabi/lib/thumb/v7-m/nofp\libc_nano.a(libc_a-mprec.o)
                0x0800b100                __mprec_bigtens
 .rodata.__mprec_tens
                0x0800b128       0xc8 D:/gcc-arm/14.3 rel1/bin/../lib/gcc/arm-none-eabi/14.3.1/../../../../arm-none-eabi/lib/thumb/v7-m/nofp\libc_nano.a(libc_a-mprec.o)
                0x0800b128                __mprec_tens
 .rodata._strtod_l.str1.1
                0x0800b1f0        0xf D:/gcc-arm/14.3 rel1/bin/../lib/gcc/arm-none-eabi/14.3.1/../../../../arm-none-eabi/lib/thumb/v7-m/nofp\libc_nano.a(libc_a-strtod.o)
 .rodata.fpinan.0
                0x0800b1f0       0x14 D:/gcc-arm/14.3 rel1/bin/../lib/gcc/arm-none-eabi/14.3.1/../../../../arm-none-eabi/lib/thumb/v7-m/nofp\libc_nano.a(libc_a-strtod.o)
 .rodata.fpi.1  0x0800b204       0x14 D:/gcc-arm/14.3 rel1/bin/../lib/gcc/arm-none-eabi/14.3.1/../../../../arm-none-eabi/lib/thumb/v7-m/nofp\libc_nano.a(libc_a-strtod.o)
 .rodata.tinytens
                0x0800b218       0x28 D:/gcc-arm/14.3 rel1/bin/../lib/gcc/arm-none-eabi/14.3.1/../../../../arm-none-eabi/lib/thumb/v7-m/nofp\libc_nano.a(libc_a-strtod.o)
 .rodata._ctype_
                0x0800b240      0x101 D:/gcc-arm/14.3 rel1/bin/../lib/gcc/arm-none-eabi/14.3.1/../../../../arm-none-eabi/lib/thumb/v7-m/nofp\libc_nano.a(libc_a-ctype_.o)
                0x0800b240                _ctype_
 .rodata._svfprintf_r.str1.1
                0x0800b341       0x11 D:/gcc-arm/14.3 rel1/bin/../lib/gcc/arm-none-eabi/14.3.1/../../../../arm-none-eabi/lib/thumb/v7-m/nofp\libc_nano.a(libc_a-nano-svfprintf.o)
 .rodata._setlocale_r.str1.1
                0x0800b341        0x9 D:/gcc-arm/14.3 rel1/bin/../lib/gcc/arm-none-eabi/14.3.1/../../../../arm-none-eabi/lib/thumb/v7-m/nofp\libc_nano.a(libc_a-locale.o)
 .rodata.str1.1
                0x0800b341        0x2 D:/gcc-arm/14.3 rel1/bin/../lib/gcc/arm-none-eabi/14.3.1/../../../../arm-none-eabi/lib/thumb/v7-m/nofp\libc_nano.a(libc_a-locale.o)
 .rodata.__assert_func.str1.1
                0x0800b341       0x3d D:/gcc-arm/14.3 rel1/bin/../lib/gcc/arm-none-eabi/14.3.1/../../../../arm-none-eabi/lib/thumb/v7-m/nofp\libc_nano.a(libc_a-assert.o)
 .rodata.__gethex.str1.1
                0x0800b341       0x74 D:/gcc-arm/14.3 rel1/bin/../lib/gcc/arm-none-eabi/14.3.1/../../../../arm-none-eabi/lib/thumb/v7-m/nofp\libc_nano.a(libc_a-gdtoa-gethex.o)
 .rodata._vfprintf_r.str1.1
                0x0800b341       0x11 D:/gcc-arm/14.3 rel1/bin/../lib/gcc/arm-none-eabi/14.3.1/../../../../arm-none-eabi/lib/thumb/v7-m/nofp\libc_nano.a(libc_a-nano-vfprintf.o)
                0x0800b3b8                        . = ALIGN (0x4)
 *fill*         0x0800b341        0x3 

.ARM.extab      0x0800b344        0x0
                0x0800b344                        . = ALIGN (0x4)
 *(.ARM.extab* .gnu.linkonce.armextab.*)
                0x0800b344                        . = ALIGN (0x4)

.ARM            0x0800b344        0x8
                0x0800b344                        . = ALIGN (0x4)
                0x0800b344                        __exidx_start = .
 *(.ARM.exidx*)
 .ARM.exidx     0x0800b344        0x8 D:/gcc-arm/14.3 rel1/bin/../lib/gcc/arm-none-eabi/14.3.1/../../../../arm-none-eabi/lib/thumb/v7-m/nofp\libc_nano.a(libc_a-strlen.o)
                0x0800b34c                        __exidx_end = .
                0x0800b34c                        . = ALIGN (0x4)

.preinit_array  0x0800b34c        0x0
                0x0800b34c                        . = ALIGN (0x4)
                0x0800b34c                        PROVIDE (__preinit_array_start = .)
 *(.preinit_array*)
                0x0800b34c                        PROVIDE (__preinit_array_end = .)
                0x0800b34c                        . = ALIGN (0x4)

.init_array     0x0800b34c        0x4
                0x0800b34c                        . = ALIGN (0x4)
                0x0800b34c                        PROVIDE (__init_array_start = .)
 *(SORT_BY_NAME(.init_array.*))
 *(.init_array*)
 .init_array    0x0800b34c        0x4 D:/gcc-arm/14.3 rel1/bin/../lib/gcc/arm-none-eabi/14.3.1/thumb/v7-m/nofp/crtbegin.o
                0x0800b350                        PROVIDE (__init_array_end = .)
                0x0800b350                        . = ALIGN (0x4)

.fini_array     0x0800b350        0x4
                0x0800b350                        . = ALIGN (0x4)
                [!provide]                        PROVIDE (__fini_array_start = .)
 *(SORT_BY_NAME(.fini_array.*))
 *(.fini_array*)
 .fini_array    0x0800b350        0x4 D:/gcc-arm/14.3 rel1/bin/../lib/gcc/arm-none-eabi/14.3.1/thumb/v7-m/nofp/crtbegin.o
                [!provide]                        PROVIDE (__fini_array_end = .)
                0x0800b354                        . = ALIGN (0x4)
                0x0800b354                        _sidata = LOADADDR (.data)

.rel.dyn        0x0800b354        0x0
 .rel.iplt      0x0800b354        0x0 D:/gcc-arm/14.3 rel1/bin/../lib/gcc/arm-none-eabi/14.3.1/thumb/v7-m/nofp/crtbegin.o

.data           0x20000000      0x1e4 load address 0x0800b354
                0x20000000                        . = ALIGN (0x4)
                0x20000000                        _sdata = .
 *(.data)
 *(.data*)
 .data.uwTickFreq
                0x20000000        0x1 build/stm32f1xx_hal.o
                0x20000000                uwTickFreq
 *fill*         0x20000001        0x3 
 .data.uwTickPrio
                0x20000004        0x4 build/stm32f1xx_hal.o
                0x20000004                uwTickPrio
 .data.SystemCoreClock
                0x20000008        0x4 build/system_stm32f1xx.o
                0x20000008                SystemCoreClock
 .data.uxCriticalNesting
                0x2000000c        0x4 build/port.o
 .data.pid_lastTarget
                0x20000010        0x4 build/DPPTM.o
 .data.pid_baseCode
                0x20000014        0x1 build/DPPTM.o
 .data.pid_dpptm
                0x20000015        0x1 build/DPPTM.o
 *fill*         0x20000016        0x2 
 .data.TargetVDDVoltage
                0x20000018        0x4 build/DPPTM.o
                0x20000018                TargetVDDVoltage
 .data.__sglue  0x2000001c        0xc D:/gcc-arm/14.3 rel1/bin/../lib/gcc/arm-none-eabi/14.3.1/../../../../arm-none-eabi/lib/thumb/v7-m/nofp\libc_nano.a(libc_a-findfp.o)
                0x2000001c                __sglue
 .data._impure_ptr
                0x20000028        0x4 D:/gcc-arm/14.3 rel1/bin/../lib/gcc/arm-none-eabi/14.3.1/../../../../arm-none-eabi/lib/thumb/v7-m/nofp\libc_nano.a(libc_a-impure.o)
                0x20000028                _impure_ptr
 .data._impure_data
                0x2000002c       0x4c D:/gcc-arm/14.3 rel1/bin/../lib/gcc/arm-none-eabi/14.3.1/../../../../arm-none-eabi/lib/thumb/v7-m/nofp\libc_nano.a(libc_a-impure.o)
                0x2000002c                _impure_data
 .data.__global_locale
                0x20000078      0x16c D:/gcc-arm/14.3 rel1/bin/../lib/gcc/arm-none-eabi/14.3.1/../../../../arm-none-eabi/lib/thumb/v7-m/nofp\libc_nano.a(libc_a-locale.o)
                0x20000078                __global_locale
 *(.RamFunc)
 *(.RamFunc*)
                0x200001e4                        . = ALIGN (0x4)
                0x200001e4                        _edata = .

.tm_clone_table
                0x200001e4        0x0 load address 0x0800b538
 .tm_clone_table
                0x200001e4        0x0 D:/gcc-arm/14.3 rel1/bin/../lib/gcc/arm-none-eabi/14.3.1/thumb/v7-m/nofp/crtbegin.o
 .tm_clone_table
                0x200001e4        0x0 D:/gcc-arm/14.3 rel1/bin/../lib/gcc/arm-none-eabi/14.3.1/thumb/v7-m/nofp/crtend.o

.igot.plt       0x200001e4        0x0 load address 0x0800b538
 .igot.plt      0x200001e4        0x0 D:/gcc-arm/14.3 rel1/bin/../lib/gcc/arm-none-eabi/14.3.1/thumb/v7-m/nofp/crtbegin.o
                0x200001e4                        . = ALIGN (0x4)

.bss            0x200001e4     0x3b68 load address 0x0800b538
                0x200001e4                        _sbss = .
                0x200001e4                        __bss_start__ = _sbss
 *(.bss)
 *(.bss*)
 .bss.completed.1
                0x200001e4        0x1 D:/gcc-arm/14.3 rel1/bin/../lib/gcc/arm-none-eabi/14.3.1/thumb/v7-m/nofp/crtbegin.o
 *fill*         0x200001e5        0x3 
 .bss.object.0  0x200001e8       0x18 D:/gcc-arm/14.3 rel1/bin/../lib/gcc/arm-none-eabi/14.3.1/thumb/v7-m/nofp/crtbegin.o
 .bss.rxBuffer.0
                0x20000200      0x100 build/stm32f1xx_it.o
 .bss.rxIndex.1
                0x20000300        0x4 build/stm32f1xx_it.o
 .bss.uwTick    0x20000304        0x4 build/stm32f1xx_hal.o
                0x20000304                uwTick
 .bss.__sbrk_heap_end
                0x20000308        0x4 build/sysmem.o
 .bss.rxStreamLen
                0x2000030c        0x2 build/ReceiveDataProcess.o
 *fill*         0x2000030e        0x2 
 .bss.rxStreamBuf
                0x20000310      0x100 build/ReceiveDataProcess.o
 .bss.parsedDataPacket
                0x20000410       0x42 build/ReceiveDataProcess.o
                0x20000410                parsedDataPacket
 *fill*         0x20000452        0x2 
 .bss.xHigherPriorityTaskWoken
                0x20000454        0x4 build/ReceiveDataProcess.o
                0x20000454                xHigherPriorityTaskWoken
 .bss.xReceiveDataQueue
                0x20000458        0x4 build/ReceiveDataProcess.o
                0x20000458                xReceiveDataQueue
 .bss.xCreateReceiveDataTaskHandle
                0x2000045c        0x4 build/ReceiveDataProcess.o
                0x2000045c                xCreateReceiveDataTaskHandle
 .bss.xCreateReceiveDataTaskReturned
                0x20000460        0x4 build/ReceiveDataProcess.o
                0x20000460                xCreateReceiveDataTaskReturned
 .bss.hdma_adc1
                0x20000464       0x44 build/adc.o
                0x20000464                hdma_adc1
 .bss.hadc1     0x200004a8       0x30 build/adc.o
                0x200004a8                hadc1
 .bss.defaultTaskHandle
                0x200004d8        0x4 build/freertos.o
                0x200004d8                defaultTaskHandle
 .bss.htim6     0x200004dc       0x48 build/stm32f1xx_hal_timebase_tim.o
                0x200004dc                htim6
 .bss.xQueueRegistry
                0x20000524       0x40 build/queue.o
                0x20000524                xQueueRegistry
 .bss.uxSchedulerSuspended
                0x20000564        0x4 build/tasks.o
 .bss.xIdleTaskHandle
                0x20000568        0x4 build/tasks.o
 .bss.xNextTaskUnblockTime
                0x2000056c        0x4 build/tasks.o
 .bss.uxTaskNumber
                0x20000570        0x4 build/tasks.o
 .bss.xNumOfOverflows
                0x20000574        0x4 build/tasks.o
 .bss.xYieldPending
                0x20000578        0x4 build/tasks.o
 .bss.xPendedTicks
                0x2000057c        0x4 build/tasks.o
 .bss.xSchedulerRunning
                0x20000580        0x4 build/tasks.o
 .bss.uxTopReadyPriority
                0x20000584        0x4 build/tasks.o
 .bss.xTickCount
                0x20000588        0x4 build/tasks.o
 .bss.uxCurrentNumberOfTasks
                0x2000058c        0x4 build/tasks.o
 .bss.xSuspendedTaskList
                0x20000590       0x14 build/tasks.o
 .bss.uxDeletedTasksWaitingCleanUp
                0x200005a4        0x4 build/tasks.o
 .bss.xTasksWaitingTermination
                0x200005a8       0x14 build/tasks.o
 .bss.xPendingReadyList
                0x200005bc       0x14 build/tasks.o
 .bss.pxOverflowDelayedTaskList
                0x200005d0        0x4 build/tasks.o
 .bss.pxDelayedTaskList
                0x200005d4        0x4 build/tasks.o
 .bss.xDelayedTaskList2
                0x200005d8       0x14 build/tasks.o
 .bss.xDelayedTaskList1
                0x200005ec       0x14 build/tasks.o
 .bss.pxReadyTasksLists
                0x20000600      0x460 build/tasks.o
 .bss.pxCurrentTCB
                0x20000a60        0x4 build/tasks.o
                0x20000a60                pxCurrentTCB
 .bss.xStaticTimerQueue.0
                0x20000a64       0x50 build/timers.o
 .bss.ucStaticTimerQueueStorage.1
                0x20000ab4       0xa0 build/timers.o
 .bss.xLastTime.2
                0x20000b54        0x4 build/timers.o
 .bss.xTimerTaskHandle
                0x20000b58        0x4 build/timers.o
 .bss.xTimerQueue
                0x20000b5c        0x4 build/timers.o
 .bss.pxOverflowTimerList
                0x20000b60        0x4 build/timers.o
 .bss.pxCurrentTimerList
                0x20000b64        0x4 build/timers.o
 .bss.xActiveTimerList2
                0x20000b68       0x14 build/timers.o
 .bss.xActiveTimerList1
                0x20000b7c       0x14 build/timers.o
 .bss.Timer_Stack.0
                0x20000b90      0x400 build/cmsis_os2.o
 .bss.Timer_TCB.1
                0x20000f90       0x5c build/cmsis_os2.o
 .bss.Idle_Stack.2
                0x20000fec      0x200 build/cmsis_os2.o
 .bss.Idle_TCB.3
                0x200011ec       0x5c build/cmsis_os2.o
 .bss.KernelState
                0x20001248        0x4 build/cmsis_os2.o
 .bss.xBlockAllocatedBit
                0x2000124c        0x4 build/heap_4.o
 .bss.xNumberOfSuccessfulFrees
                0x20001250        0x4 build/heap_4.o
 .bss.xNumberOfSuccessfulAllocations
                0x20001254        0x4 build/heap_4.o
 .bss.xMinimumEverFreeBytesRemaining
                0x20001258        0x4 build/heap_4.o
 .bss.xFreeBytesRemaining
                0x2000125c        0x4 build/heap_4.o
 .bss.pxEnd     0x20001260        0x4 build/heap_4.o
 .bss.xStart    0x20001264        0x8 build/heap_4.o
 .bss.ucHeap    0x2000126c     0x2800 build/heap_4.o
 .bss.ulMaxPRIGROUPValue
                0x20003a6c        0x4 build/port.o
 .bss.ucMaxSysCallPriority
                0x20003a70        0x1 build/port.o
 *fill*         0x20003a71        0x3 
 .bss.xSendDataQueue
                0x20003a74        0x4 build/SendDataProcess.o
                0x20003a74                xSendDataQueue
 .bss.xCreateSendDataTaskHandle
                0x20003a78        0x4 build/SendDataProcess.o
                0x20003a78                xCreateSendDataTaskHandle
 .bss.xCreateSendDataTaskReturned
                0x20003a7c        0x4 build/SendDataProcess.o
                0x20003a7c                xCreateSendDataTaskReturned
 .bss.xADCProcessTaskHandle
                0x20003a80        0x4 build/ADCAPP.o
                0x20003a80                xADCProcessTaskHandle
 .bss.voltage_offset_ready
                0x20003a84        0x1 build/ADCAPP.o
                0x20003a84                voltage_offset_ready
 .bss.current_offset_ready
                0x20003a85        0x1 build/ADCAPP.o
                0x20003a85                current_offset_ready
 *fill*         0x20003a86        0x2 
 .bss.current_offset_sum
                0x20003a88       0x2c build/ADCAPP.o
                0x20003a88                current_offset_sum
 .bss.channel_current_offset
                0x20003ab4       0x2c build/ADCAPP.o
 .bss.calibrated_current_array
                0x20003ae0       0x2c build/ADCAPP.o
                0x20003ae0                calibrated_current_array
 .bss.channel_voltage_offset
                0x20003b0c       0x2c build/ADCAPP.o
 .bss.calibrated_voltage_array
                0x20003b38       0x2c build/ADCAPP.o
                0x20003b38                calibrated_voltage_array
 .bss.current_array
                0x20003b64       0x2c build/ADCAPP.o
                0x20003b64                current_array
 .bss.voltage_array
                0x20003b90       0x2c build/ADCAPP.o
                0x20003b90                voltage_array
 .bss.adc_dma_complete
                0x20003bbc        0x1 build/ADCAPP.o
                0x20003bbc                adc_dma_complete
 *fill*         0x20003bbd        0x3 
 .bss.adcbuf    0x20003bc0       0x2c build/ADCAPP.o
                0x20003bc0                adcbuf
 .bss.xParsedDataQueue
                0x20003bec        0x4 build/TaskList.o
                0x20003bec                xParsedDataQueue
 .bss.xHWCIProcessTaskHandle
                0x20003bf0        0x4 build/TaskList.o
                0x20003bf0                xHWCIProcessTaskHandle
 .bss.pid_locked
                0x20003bf4        0x1 build/DPPTM.o
 *fill*         0x20003bf5        0x3 
 .bss.pid_lastError
                0x20003bf8        0x4 build/DPPTM.o
 .bss.pid_integral
                0x20003bfc        0x4 build/DPPTM.o
 .bss.__sf      0x20003c00      0x138 D:/gcc-arm/14.3 rel1/bin/../lib/gcc/arm-none-eabi/14.3.1/../../../../arm-none-eabi/lib/thumb/v7-m/nofp\libc_nano.a(libc_a-findfp.o)
                0x20003c00                __sf
 .bss.__stdio_exit_handler
                0x20003d38        0x4 D:/gcc-arm/14.3 rel1/bin/../lib/gcc/arm-none-eabi/14.3.1/../../../../arm-none-eabi/lib/thumb/v7-m/nofp\libc_nano.a(libc_a-findfp.o)
                0x20003d38                __stdio_exit_handler
 .bss.errno     0x20003d3c        0x4 D:/gcc-arm/14.3 rel1/bin/../lib/gcc/arm-none-eabi/14.3.1/../../../../arm-none-eabi/lib/thumb/v7-m/nofp\libc_nano.a(libc_a-reent.o)
                0x20003d3c                errno
 .bss.__lock___malloc_recursive_mutex
                0x20003d40        0x1 D:/gcc-arm/14.3 rel1/bin/../lib/gcc/arm-none-eabi/14.3.1/../../../../arm-none-eabi/lib/thumb/v7-m/nofp\libc_nano.a(libc_a-lock.o)
                0x20003d40                __lock___malloc_recursive_mutex
 .bss.__lock___sfp_recursive_mutex
                0x20003d41        0x1 D:/gcc-arm/14.3 rel1/bin/../lib/gcc/arm-none-eabi/14.3.1/../../../../arm-none-eabi/lib/thumb/v7-m/nofp\libc_nano.a(libc_a-lock.o)
                0x20003d41                __lock___sfp_recursive_mutex
 *fill*         0x20003d42        0x2 
 .bss.__malloc_sbrk_start
                0x20003d44        0x4 D:/gcc-arm/14.3 rel1/bin/../lib/gcc/arm-none-eabi/14.3.1/../../../../arm-none-eabi/lib/thumb/v7-m/nofp\libc_nano.a(libc_a-mallocr.o)
                0x20003d44                __malloc_sbrk_start
 .bss.__malloc_free_list
                0x20003d48        0x4 D:/gcc-arm/14.3 rel1/bin/../lib/gcc/arm-none-eabi/14.3.1/../../../../arm-none-eabi/lib/thumb/v7-m/nofp\libc_nano.a(libc_a-mallocr.o)
                0x20003d48                __malloc_free_list
 *(COMMON)
                0x20003d4c                        . = ALIGN (0x4)
                0x20003d4c                        _ebss = .
                0x20003d4c                        __bss_end__ = _ebss

._user_heap_stack
                0x20003d4c     0x2004 load address 0x0800b538
                0x20003d50                        . = ALIGN (0x8)
 *fill*         0x20003d4c        0x4 
                [!provide]                        PROVIDE (end = .)
                0x20003d50                        PROVIDE (_end = .)
                0x20004d50                        . = (. + _Min_Heap_Size)
 *fill*         0x20003d50     0x1000 
                0x20005d50                        . = (. + _Min_Stack_Size)
 *fill*         0x20004d50     0x1000 
                0x20005d50                        . = ALIGN (0x8)

/DISCARD/
 libc.a(*)
 libm.a(*)
 libgcc.a(*)
OUTPUT(build/FreeRTOS.elf elf32-littlearm)
LOAD linker stubs
LOAD D:/gcc-arm/14.3 rel1/bin/../lib/gcc/arm-none-eabi/14.3.1/../../../../arm-none-eabi/lib/thumb/v7-m/nofp\libc.a
LOAD D:/gcc-arm/14.3 rel1/bin/../lib/gcc/arm-none-eabi/14.3.1/../../../../arm-none-eabi/lib/thumb/v7-m/nofp\libm.a
LOAD D:/gcc-arm/14.3 rel1/bin/../lib/gcc/arm-none-eabi/14.3.1/thumb/v7-m/nofp\libgcc.a

.ARM.attributes
                0x00000000       0x29
 .ARM.attributes
                0x00000000       0x1d D:/gcc-arm/14.3 rel1/bin/../lib/gcc/arm-none-eabi/14.3.1/thumb/v7-m/nofp/crti.o
 .ARM.attributes
                0x0000001d       0x2d D:/gcc-arm/14.3 rel1/bin/../lib/gcc/arm-none-eabi/14.3.1/thumb/v7-m/nofp/crtbegin.o
 .ARM.attributes
                0x0000004a       0x2d build/main.o
 .ARM.attributes
                0x00000077       0x2d build/gpio.o
 .ARM.attributes
                0x000000a4       0x2d build/stm32f1xx_it.o
 .ARM.attributes
                0x000000d1       0x2d build/stm32f1xx_hal_msp.o
 .ARM.attributes
                0x000000fe       0x2d build/stm32f1xx_hal.o
 .ARM.attributes
                0x0000012b       0x2d build/stm32f1xx_hal_rcc.o
 .ARM.attributes
                0x00000158       0x2d build/stm32f1xx_hal_rcc_ex.o
 .ARM.attributes
                0x00000185       0x2d build/stm32f1xx_hal_gpio.o
 .ARM.attributes
                0x000001b2       0x2d build/stm32f1xx_hal_dma.o
 .ARM.attributes
                0x000001df       0x2d build/stm32f1xx_hal_cortex.o
 .ARM.attributes
                0x0000020c       0x2d build/system_stm32f1xx.o
 .ARM.attributes
                0x00000239       0x2d build/sysmem.o
 .ARM.attributes
                0x00000266       0x2d build/syscalls.o
 .ARM.attributes
                0x00000293       0x2d build/ReceiveDataProcess.o
 .ARM.attributes
                0x000002c0       0x2d build/adc.o
 .ARM.attributes
                0x000002ed       0x2d build/dma.o
 .ARM.attributes
                0x0000031a       0x2d build/stm32f1xx_hal_adc.o
 .ARM.attributes
                0x00000347       0x2d build/freertos.o
 .ARM.attributes
                0x00000374       0x2d build/stm32f1xx_hal_timebase_tim.o
 .ARM.attributes
                0x000003a1       0x2d build/stm32f1xx_hal_tim.o
 .ARM.attributes
                0x000003ce       0x2d build/stm32f1xx_hal_tim_ex.o
 .ARM.attributes
                0x000003fb       0x2d build/list.o
 .ARM.attributes
                0x00000428       0x2d build/queue.o
 .ARM.attributes
                0x00000455       0x2d build/tasks.o
 .ARM.attributes
                0x00000482       0x2d build/timers.o
 .ARM.attributes
                0x000004af       0x2d build/cmsis_os2.o
 .ARM.attributes