Archive member included to satisfy reference by file (symbol)

D:/gcc-arm/14.3 rel1/bin/../lib/gcc/arm-none-eabi/14.3.1/../../../../arm-none-eabi/lib/thumb/v7-m/nofp\libc_nano.a(libc_a-exit.o)
                              D:/gcc-arm/14.3 rel1/bin/../lib/gcc/arm-none-eabi/14.3.1/../../../../arm-none-eabi/lib/thumb/v7-m/nofp/crt0.o (exit)
D:/gcc-arm/14.3 rel1/bin/../lib/gcc/arm-none-eabi/14.3.1/../../../../arm-none-eabi/lib/thumb/v7-m/nofp\libc_nano.a(libc_a-nano-vfprintf_float.o)
                              (_printf_float)
D:/gcc-arm/14.3 rel1/bin/../lib/gcc/arm-none-eabi/14.3.1/../../../../arm-none-eabi/lib/thumb/v7-m/nofp\libc_nano.a(libc_a-nano-vfprintf_i.o)
                              D:/gcc-arm/14.3 rel1/bin/../lib/gcc/arm-none-eabi/14.3.1/../../../../arm-none-eabi/lib/thumb/v7-m/nofp\libc_nano.a(libc_a-nano-vfprintf_float.o) (_printf_common)
D:/gcc-arm/14.3 rel1/bin/../lib/gcc/arm-none-eabi/14.3.1/../../../../arm-none-eabi/lib/thumb/v7-m/nofp\libc_nano.a(libc_a-nano-vfscanf_float.o)
                              (_scanf_float)
D:/gcc-arm/14.3 rel1/bin/../lib/gcc/arm-none-eabi/14.3.1/../../../../arm-none-eabi/lib/thumb/v7-m/nofp\libc_nano.a(libc_a-findfp.o)
                              D:/gcc-arm/14.3 rel1/bin/../lib/gcc/arm-none-eabi/14.3.1/../../../../arm-none-eabi/lib/thumb/v7-m/nofp\libc_nano.a(libc_a-exit.o) (__stdio_exit_handler)
D:/gcc-arm/14.3 rel1/bin/../lib/gcc/arm-none-eabi/14.3.1/../../../../arm-none-eabi/lib/thumb/v7-m/nofp\libc_nano.a(libc_a-fwalk.o)
                              D:/gcc-arm/14.3 rel1/bin/../lib/gcc/arm-none-eabi/14.3.1/../../../../arm-none-eabi/lib/thumb/v7-m/nofp\libc_nano.a(libc_a-findfp.o) (_fwalk_sglue)
D:/gcc-arm/14.3 rel1/bin/../lib/gcc/arm-none-eabi/14.3.1/../../../../arm-none-eabi/lib/thumb/v7-m/nofp\libc_nano.a(libc_a-sprintf.o)
                              D:/gcc-arm/14.3 rel1/bin/../lib/gcc/arm-none-eabi/14.3.1/../../../../arm-none-eabi/lib/thumb/v7-m/nofp\libc_nano.a(libc_a-nano-vfscanf_float.o) (sprintf)
D:/gcc-arm/14.3 rel1/bin/../lib/gcc/arm-none-eabi/14.3.1/../../../../arm-none-eabi/lib/thumb/v7-m/nofp\libc_nano.a(libc_a-stdio.o)
                              D:/gcc-arm/14.3 rel1/bin/../lib/gcc/arm-none-eabi/14.3.1/../../../../arm-none-eabi/lib/thumb/v7-m/nofp\libc_nano.a(libc_a-findfp.o) (__sread)
D:/gcc-arm/14.3 rel1/bin/../lib/gcc/arm-none-eabi/14.3.1/../../../../arm-none-eabi/lib/thumb/v7-m/nofp\libc_nano.a(libc_a-vsnprintf.o)
                              build/SendLog.o (vsnprintf)
D:/gcc-arm/14.3 rel1/bin/../lib/gcc/arm-none-eabi/14.3.1/../../../../arm-none-eabi/lib/thumb/v7-m/nofp\libc_nano.a(libc_a-memset.o)
                              D:/gcc-arm/14.3 rel1/bin/../lib/gcc/arm-none-eabi/14.3.1/../../../../arm-none-eabi/lib/thumb/v7-m/nofp/crt0.o (memset)
D:/gcc-arm/14.3 rel1/bin/../lib/gcc/arm-none-eabi/14.3.1/../../../../arm-none-eabi/lib/thumb/v7-m/nofp\libc_nano.a(libc_a-localeconv.o)
                              D:/gcc-arm/14.3 rel1/bin/../lib/gcc/arm-none-eabi/14.3.1/../../../../arm-none-eabi/lib/thumb/v7-m/nofp\libc_nano.a(libc_a-nano-vfprintf_float.o) (_localeconv_r)
D:/gcc-arm/14.3 rel1/bin/../lib/gcc/arm-none-eabi/14.3.1/../../../../arm-none-eabi/lib/thumb/v7-m/nofp\libc_nano.a(libc_a-closer.o)
                              D:/gcc-arm/14.3 rel1/bin/../lib/gcc/arm-none-eabi/14.3.1/../../../../arm-none-eabi/lib/thumb/v7-m/nofp\libc_nano.a(libc_a-stdio.o) (_close_r)
D:/gcc-arm/14.3 rel1/bin/../lib/gcc/arm-none-eabi/14.3.1/../../../../arm-none-eabi/lib/thumb/v7-m/nofp\libc_nano.a(libc_a-reent.o)
                              D:/gcc-arm/14.3 rel1/bin/../lib/gcc/arm-none-eabi/14.3.1/../../../../arm-none-eabi/lib/thumb/v7-m/nofp\libc_nano.a(libc_a-closer.o) (errno)
D:/gcc-arm/14.3 rel1/bin/../lib/gcc/arm-none-eabi/14.3.1/../../../../arm-none-eabi/lib/thumb/v7-m/nofp\libc_nano.a(libc_a-impure.o)
                              D:/gcc-arm/14.3 rel1/bin/../lib/gcc/arm-none-eabi/14.3.1/../../../../arm-none-eabi/lib/thumb/v7-m/nofp\libc_nano.a(libc_a-sprintf.o) (_impure_ptr)
D:/gcc-arm/14.3 rel1/bin/../lib/gcc/arm-none-eabi/14.3.1/../../../../arm-none-eabi/lib/thumb/v7-m/nofp\libc_nano.a(libc_a-lseekr.o)
                              D:/gcc-arm/14.3 rel1/bin/../lib/gcc/arm-none-eabi/14.3.1/../../../../arm-none-eabi/lib/thumb/v7-m/nofp\libc_nano.a(libc_a-stdio.o) (_lseek_r)
D:/gcc-arm/14.3 rel1/bin/../lib/gcc/arm-none-eabi/14.3.1/../../../../arm-none-eabi/lib/thumb/v7-m/nofp\libc_nano.a(libc_a-readr.o)
                              D:/gcc-arm/14.3 rel1/bin/../lib/gcc/arm-none-eabi/14.3.1/../../../../arm-none-eabi/lib/thumb/v7-m/nofp\libc_nano.a(libc_a-stdio.o) (_read_r)
D:/gcc-arm/14.3 rel1/bin/../lib/gcc/arm-none-eabi/14.3.1/../../../../arm-none-eabi/lib/thumb/v7-m/nofp\libc_nano.a(libc_a-writer.o)
                              D:/gcc-arm/14.3 rel1/bin/../lib/gcc/arm-none-eabi/14.3.1/../../../../arm-none-eabi/lib/thumb/v7-m/nofp\libc_nano.a(libc_a-stdio.o) (_write_r)
[...]
Memory Configuration

Name             Origin             Length             Attributes
RAM              0x20000000         0x00018000         xrw
FLASH            0x08000000         0x00100000         xr
*default*        0x00000000         0xffffffff

Linker script and memory map

LOAD D:/gcc-arm/14.3 rel1/bin/../lib/gcc/arm-none-eabi/14.3.1/thumb/v7-m/nofp/crti.o
LOAD D:/gcc-arm/14.3 rel1/bin/../lib/gcc/arm-none-eabi/14.3.1/thumb/v7-m/nofp/crtbegin.o
LOAD D:/gcc-arm/14.3 rel1/bin/../lib/gcc/arm-none-eabi/14.3.1/../../../../arm-none-eabi/lib/thumb/v7-m/nofp/crt0.o
LOAD build/main.o
LOAD build/gpio.o
LOAD build/stm32f1xx_it.o
LOAD build/stm32f1xx_hal_msp.o
LOAD build/usb_device.o
LOAD build/usbd_desc.o
LOAD build/usbd_cdc_if.o
LOAD build/usbd_conf.o
LOAD build/stm32f1xx_hal_gpio_ex.o
LOAD build/stm32f1xx_hal_pcd.o
LOAD build/stm32f1xx_hal_pcd_ex.o
LOAD build/stm32f1xx_ll_usb.o
LOAD build/stm32f1xx_hal.o
LOAD build/stm32f1xx_hal_rcc.o
LOAD build/stm32f1xx_hal_rcc_ex.o
LOAD build/stm32f1xx_hal_gpio.o
LOAD build/stm32f1xx_hal_dma.o
LOAD build/stm32f1xx_hal_cortex.o
LOAD build/stm32f1xx_hal_pwr.o
LOAD build/stm32f1xx_hal_flash.o
LOAD build/stm32f1xx_hal_flash_ex.o
LOAD build/stm32f1xx_hal_exti.o
LOAD build/system_stm32f1xx.o
LOAD build/usbd_core.o
LOAD build/usbd_ctlreq.o
LOAD build/usbd_ioreq.o
LOAD build/usbd_cdc.o
LOAD build/sysmem.o
LOAD build/syscalls.o
LOAD build/ReceiveDataProcess.o
LOAD build/adc.o
LOAD build/dma.o
LOAD build/stm32f1xx_hal_adc.o
LOAD build/stm32f1xx_hal_adc_ex.o
LOAD build/freertos.o
LOAD build/stm32f1xx_hal_timebase_tim.o
LOAD build/stm32f1xx_hal_tim.o
LOAD build/stm32f1xx_hal_tim_ex.o
LOAD build/croutine.o
LOAD build/event_groups.o
LOAD build/list.o
LOAD build/queue.o
LOAD build/stream_buffer.o
LOAD build/tasks.o
LOAD build/timers.o
LOAD build/cmsis_os2.o
LOAD build/heap_4.o
LOAD build/port.o
LOAD build/SendLog.o
LOAD build/startup_stm32f103xg.o
LOAD D:/gcc-arm/14.3 rel1/bin/../lib/gcc/arm-none-eabi/14.3.1/../../../../arm-none-eabi/lib/thumb/v7-m/nofp\libc_nano.a
LOAD D:/gcc-arm/14.3 rel1/bin/../lib/gcc/arm-none-eabi/14.3.1/../../../../arm-none-eabi/lib/thumb/v7-m/nofp\libm.a
LOAD D:/gcc-arm/14.3 rel1/bin/../lib/gcc/arm-none-eabi/14.3.1/../../../../arm-none-eabi/lib/thumb/v7-m/nofp\libnosys.a
START GROUP
LOAD D:/gcc-arm/14.3 rel1/bin/../lib/gcc/arm-none-eabi/14.3.1/thumb/v7-m/nofp\libgcc.a
LOAD D:/gcc-arm/14.3 rel1/bin/../lib/gcc/arm-none-eabi/14.3.1/../../../../arm-none-eabi/lib/thumb/v7-m/nofp\libc_nano.a
END GROUP
START GROUP
LOAD D:/gcc-arm/14.3 rel1/bin/../lib/gcc/arm-none-eabi/14.3.1/thumb/v7-m/nofp\libgcc.a
LOAD D:/gcc-arm/14.3 rel1/bin/../lib/gcc/arm-none-eabi/14.3.1/../../../../arm-none-eabi/lib/thumb/v7-m/nofp\libc_nano.a
END GROUP
LOAD D:/gcc-arm/14.3 rel1/bin/../lib/gcc/arm-none-eabi/14.3.1/thumb/v7-m/nofp/crtend.o
LOAD D:/gcc-arm/14.3 rel1/bin/../lib/gcc/arm-none-eabi/14.3.1/thumb/v7-m/nofp/crtn.o
                0x20018000                        _estack = (ORIGIN (RAM) + LENGTH (RAM))
                0x00001000                        _Min_Heap_Size = 0x1000
                0x00001000                        _Min_Stack_Size = 0x1000

.isr_vector     0x08000000      0x1e4
                0x08000000                        . = ALIGN (0x4)
 *(.isr_vector)
 .isr_vector    0x08000000      0x1e4 build/startup_stm32f103xg.o
                0x08000000                g_pfnVectors
                0x080001e4                        . = ALIGN (0x4)

.text           0x080001f0     0xbd28
                0x080001f0                        . = ALIGN (0x4)
 *(.text)
 .text          0x080001f0       0x10 D:/gcc-arm/14.3 rel1/bin/../lib/gcc/arm-none-eabi/14.3.1/../../../../arm-none-eabi/lib/thumb/v7-m/nofp\libc_nano.a(libc_a-strlen.o)
                0x080001f0                strlen
 .text          0x08000200      0x378 D:/gcc-arm/14.3 rel1/bin/../lib/gcc/arm-none-eabi/14.3.1/thumb/v7-m/nofp\libgcc.a(_arm_addsubdf3.o)
                0x08000200                __aeabi_drsub
                0x08000208                __aeabi_dsub
                0x08000208                __subdf3
                0x0800020c                __aeabi_dadd
                0x0800020c                __adddf3
                0x08000484                __floatunsidf
                0x08000484                __aeabi_ui2d
                0x080004a4                __floatsidf
                0x080004a4                __aeabi_i2d
                0x080004c8                __aeabi_f2d
                0x080004c8                __extendsfdf2
                0x0800050c                __floatundidf
                0x0800050c                __aeabi_ul2d
                0x0800051c                __floatdidf
                0x0800051c                __aeabi_l2d
 .text          0x08000578      0x424 D:/gcc-arm/14.3 rel1/bin/../lib/gcc/arm-none-eabi/14.3.1/thumb/v7-m/nofp\libgcc.a(_arm_muldivdf3.o)
                0x08000578                __aeabi_dmul
                0x08000578                __muldf3
                0x080007cc                __divdf3
                0x080007cc                __aeabi_ddiv
 .text          0x0800099c      0x110 D:/gcc-arm/14.3 rel1/bin/../lib/gcc/arm-none-eabi/14.3.1/thumb/v7-m/nofp\libgcc.a(_arm_cmpdf2.o)
                0x0800099c                __gtdf2
                0x0800099c                __gedf2
                0x080009a4                __ltdf2
                0x080009a4                __ledf2
                0x080009ac                __nedf2
                0x080009ac                __eqdf2
                0x080009ac                __cmpdf2
                0x08000a28                __aeabi_cdrcmple
                0x08000a38                __aeabi_cdcmpeq
                0x08000a38                __aeabi_cdcmple
                0x08000a48                __aeabi_dcmpeq
                0x08000a5c                __aeabi_dcmplt
                0x08000a70                __aeabi_dcmple
                0x08000a84                __aeabi_dcmpge
                0x08000a98                __aeabi_dcmpgt
 .text          0x08000aac       0x2c D:/gcc-arm/14.3 rel1/bin/../lib/gcc/arm-none-eabi/14.3.1/thumb/v7-m/nofp\libgcc.a(_arm_unorddf2.o)
                0x08000aac                __unorddf2
                0x08000aac                __aeabi_dcmpun
 .text          0x08000ad8       0x50 D:/gcc-arm/14.3 rel1/bin/../lib/gcc/arm-none-eabi/14.3.1/thumb/v7-m/nofp\libgcc.a(_arm_fixdfsi.o)
                0x08000ad8                __aeabi_d2iz
                0x08000ad8                __fixdfsi
 .text          0x08000b28       0x40 D:/gcc-arm/14.3 rel1/bin/../lib/gcc/arm-none-eabi/14.3.1/thumb/v7-m/nofp\libgcc.a(_arm_fixunsdfsi.o)
                0x08000b28                __aeabi_d2uiz
                0x08000b28                __fixunsdfsi
 .text          0x08000b68       0xa0 D:/gcc-arm/14.3 rel1/bin/../lib/gcc/arm-none-eabi/14.3.1/thumb/v7-m/nofp\libgcc.a(_arm_truncdfsf2.o)
                0x08000b68                __truncdfsf2
                0x08000b68                __aeabi_d2f
 *(.text*)
 .text.deregister_tm_clones
                0x08000c08       0x1c D:/gcc-arm/14.3 rel1/bin/../lib/gcc/arm-none-eabi/14.3.1/thumb/v7-m/nofp/crtbegin.o
 .text.register_tm_clones
                0x08000c24       0x24 D:/gcc-arm/14.3 rel1/bin/../lib/gcc/arm-none-eabi/14.3.1/thumb/v7-m/nofp/crtbegin.o
 .text.__do_global_dtors_aux
                0x08000c48       0x28 D:/gcc-arm/14.3 rel1/bin/../lib/gcc/arm-none-eabi/14.3.1/thumb/v7-m/nofp/crtbegin.o
 .text.frame_dummy
                0x08000c70       0x24 D:/gcc-arm/14.3 rel1/bin/../lib/gcc/arm-none-eabi/14.3.1/thumb/v7-m/nofp/crtbegin.o
 .text.HAL_TIM_PeriodElapsedCallback
                0x08000c94       0x18 build/main.o
                0x08000c94                HAL_TIM_PeriodElapsedCallback
 .text.Error_Handler
                0x08000cac        0x4 build/main.o
                0x08000cac                Error_Handler
 .text.SystemClock_Config
                0x08000cb0       0x8a build/main.o
                0x08000cb0                SystemClock_Config
 .text.main     0x08000d3a       0x30 build/main.o
                0x08000d3a                main
 *fill*         0x08000d6a        0x2 
 .text.MX_GPIO_Init
                0x08000d6c      0x1a0 build/gpio.o
                0x08000d6c                MX_GPIO_Init
 .text.NMI_Handler
                0x08000f0c        0x2 build/stm32f1xx_it.o
                0x08000f0c                NMI_Handler
 .text.HardFault_Handler
                0x08000f0e        0x2 build/stm32f1xx_it.o
                0x08000f0e                HardFault_Handler
 .text.MemManage_Handler
                0x08000f10        0x2 build/stm32f1xx_it.o
                0x08000f10                MemManage_Handler
 .text.BusFault_Handler
                0x08000f12        0x2 build/stm32f1xx_it.o
                0x08000f12                BusFault_Handler
 .text.UsageFault_Handler
                0x08000f14        0x2 build/stm32f1xx_it.o
                0x08000f14                UsageFault_Handler
 .text.DebugMon_Handler
                0x08000f16        0x2 build/stm32f1xx_it.o
                0x08000f16                DebugMon_Handler
 .text.DMA1_Channel1_IRQHandler
                0x08000f18       0x10 build/stm32f1xx_it.o
                0x08000f18                DMA1_Channel1_IRQHandler
 .text.USB_LP_CAN1_RX0_IRQHandler
                0x08000f28       0x10 build/stm32f1xx_it.o
                0x08000f28                USB_LP_CAN1_RX0_IRQHandler
 .text.TIM6_IRQHandler
                0x08000f38       0x10 build/stm32f1xx_it.o
                0x08000f38                TIM6_IRQHandler
 .text.HAL_MspInit
                0x08000f48       0x54 build/stm32f1xx_hal_msp.o
                0x08000f48                HAL_MspInit
 .text.MX_USB_DEVICE_Init
                0x08000f9c       0x54 build/usb_device.o
                0x08000f9c                MX_USB_DEVICE_Init
 .text.USBD_FS_DeviceDescriptor
                0x08000ff0        0xc build/usbd_desc.o
                0x08000ff0                USBD_FS_DeviceDescriptor
 .text.USBD_FS_LangIDStrDescriptor
                0x08000ffc        0xc build/usbd_desc.o
                0x08000ffc                USBD_FS_LangIDStrDescriptor
 .text.IntToUnicode
                0x08001008       0x46 build/usbd_desc.o
 *fill*         0x0800104e        0x2 
 .text.Get_SerialNum
                0x08001050       0x38 build/usbd_desc.o
 .text.USBD_FS_SerialStrDescriptor
                0x08001088       0x14 build/usbd_desc.o
                0x08001088                USBD_FS_SerialStrDescriptor
 .text.USBD_FS_ProductStrDescriptor
                0x0800109c       0x24 build/usbd_desc.o
                0x0800109c                USBD_FS_ProductStrDescriptor
 .text.USBD_FS_ManufacturerStrDescriptor
                0x080010c0       0x1c build/usbd_desc.o
                0x080010c0                USBD_FS_ManufacturerStrDescriptor
 .text.USBD_FS_ConfigStrDescriptor
                0x080010dc       0x24 build/usbd_desc.o
                0x080010dc                USBD_FS_ConfigStrDescriptor
 .text.USBD_FS_InterfaceStrDescriptor
                0x08001100       0x24 build/usbd_desc.o
                0x08001100                USBD_FS_InterfaceStrDescriptor
 .text.CDC_DeInit_FS
                0x08001124        0x4 build/usbd_cdc_if.o
 .text.CDC_Control_FS
                0x08001128        0x4 build/usbd_cdc_if.o
 .text.CDC_Receive_FS
                0x0800112c       0x20 build/usbd_cdc_if.o
 .text.CDC_Init_FS
                0x0800114c       0x28 build/usbd_cdc_if.o
 .text.CDC_Transmit_FS
                0x08001174       0x2c build/usbd_cdc_if.o
                0x08001174                CDC_Transmit_FS
 .text._write   0x080011a0       0x10 build/usbd_cdc_if.o
                0x080011a0                _write
 .text.USBD_Get_USB_Status
                0x080011b0       0x14 build/usbd_conf.o
 .text.HAL_PCD_MspInit
                0x080011c4       0x40 build/usbd_conf.o
                0x080011c4                HAL_PCD_MspInit
 .text.HAL_PCD_SetupStageCallback
                0x08001204       0x10 build/usbd_conf.o
                0x08001204                HAL_PCD_SetupStageCallback
 .text.HAL_PCD_DataOutStageCallback
                0x08001214       0x18 build/usbd_conf.o
                0x08001214                HAL_PCD_DataOutStageCallback
 .text.HAL_PCD_DataInStageCallback
                0x0800122c       0x16 build/usbd_conf.o
                0x0800122c                HAL_PCD_DataInStageCallback
 .text.HAL_PCD_SOFCallback
                0x08001242        0xc build/usbd_conf.o
                0x08001242                HAL_PCD_SOFCallback
 .text.HAL_PCD_ResetCallback
                0x0800124e       0x24 build/usbd_conf.o
                0x0800124e                HAL_PCD_ResetCallback
 *fill*         0x08001272        0x2 
 .text.HAL_PCD_SuspendCallback
                0x08001274       0x20 build/usbd_conf.o
                0x08001274                HAL_PCD_SuspendCallback
 .text.HAL_PCD_ResumeCallback
                0x08001294        0xc build/usbd_conf.o
                0x08001294                HAL_PCD_ResumeCallback
 .text.USBD_LL_Init
                0x080012a0       0x84 build/usbd_conf.o
                0x080012a0                USBD_LL_Init
 .text.USBD_LL_Start
                0x08001324       0x10 build/usbd_conf.o
                0x08001324                USBD_LL_Start
 .text.USBD_LL_OpenEP
                0x08001334       0x16 build/usbd_conf.o
                0x08001334                USBD_LL_OpenEP
 .text.USBD_LL_CloseEP
                0x0800134a       0x10 build/usbd_conf.o
                0x0800134a                USBD_LL_CloseEP
 .text.USBD_LL_StallEP
                0x0800135a       0x10 build/usbd_conf.o
                0x0800135a                USBD_LL_StallEP
 .text.USBD_LL_ClearStallEP
                0x0800136a       0x10 build/usbd_conf.o
                0x0800136a                USBD_LL_ClearStallEP
 .text.USBD_LL_IsStallEP
                0x0800137a       0x2c build/usbd_conf.o
                0x0800137a                USBD_LL_IsStallEP
 .text.USBD_LL_SetUSBAddress
                0x080013a6       0x10 build/usbd_conf.o
                0x080013a6                USBD_LL_SetUSBAddress
 .text.USBD_LL_Transmit
                0x080013b6       0x10 build/usbd_conf.o
                0x080013b6                USBD_LL_Transmit
 .text.USBD_LL_PrepareReceive
                0x080013c6       0x10 build/usbd_conf.o
                0x080013c6                USBD_LL_PrepareReceive
 .text.USBD_LL_GetRxDataSize
                0x080013d6        0xc build/usbd_conf.o
                0x080013d6                USBD_LL_GetRxDataSize
 *fill*         0x080013e2        0x2 
 .text.USBD_static_malloc
                0x080013e4        0x8 build/usbd_conf.o
                0x080013e4                USBD_static_malloc
 .text.USBD_static_free
                0x080013ec        0x2 build/usbd_conf.o
                0x080013ec                USBD_static_free
 .text.HAL_PCDEx_SetConnectionState
                0x080013ee        0x2 build/usbd_conf.o
                0x080013ee                HAL_PCDEx_SetConnectionState
 .text.HAL_PCD_EP_DB_Receive
                0x080013f0      0x11c build/stm32f1xx_hal_pcd.o
 .text.HAL_PCD_Init
                0x0800150c       0xe8 build/stm32f1xx_hal_pcd.o
                0x0800150c                HAL_PCD_Init
 .text.HAL_PCD_Start
                0x080015f4       0x32 build/stm32f1xx_hal_pcd.o
                0x080015f4                HAL_PCD_Start
 .text.HAL_PCD_EP_DB_Transmit
                0x08001626      0x424 build/stm32f1xx_hal_pcd.o
 .text.PCD_EP_ISR_Handler
                0x08001a4a      0x554 build/stm32f1xx_hal_pcd.o
 .text.HAL_PCD_SetAddress
                0x08001f9e       0x26 build/stm32f1xx_hal_pcd.o
                0x08001f9e                HAL_PCD_SetAddress
 .text.HAL_PCD_IRQHandler
                0x08001fc4      0x1b0 build/stm32f1xx_hal_pcd.o
                0x08001fc4                HAL_PCD_IRQHandler
 .text.HAL_PCD_EP_Open
                0x08002174       0x84 build/stm32f1xx_hal_pcd.o
                0x08002174                HAL_PCD_EP_Open
 .text.HAL_PCD_EP_Close
                0x080021f8       0x6c build/stm32f1xx_hal_pcd.o
                0x080021f8                HAL_PCD_EP_Close
 .text.HAL_PCD_EP_Receive
                0x08002264       0x3a build/stm32f1xx_hal_pcd.o
                0x08002264                HAL_PCD_EP_Receive
 .text.HAL_PCD_EP_GetRxCount
                0x0800229e       0x12 build/stm32f1xx_hal_pcd.o
                0x0800229e                HAL_PCD_EP_GetRxCount
 .text.HAL_PCD_EP_Transmit
                0x080022b0       0x4c build/stm32f1xx_hal_pcd.o
                0x080022b0                HAL_PCD_EP_Transmit
 .text.HAL_PCD_EP_SetStall
                0x080022fc       0x80 build/stm32f1xx_hal_pcd.o
                0x080022fc                HAL_PCD_EP_SetStall
 .text.HAL_PCD_EP_ClrStall
                0x0800237c       0x7e build/stm32f1xx_hal_pcd.o
                0x0800237c                HAL_PCD_EP_ClrStall
 .text.HAL_PCDEx_PMAConfig
                0x080023fa       0x38 build/stm32f1xx_hal_pcd_ex.o
                0x080023fa                HAL_PCDEx_PMAConfig
 .text.USB_CoreInit
                0x08002432        0xe build/stm32f1xx_ll_usb.o
                0x08002432                USB_CoreInit
 .text.USB_EnableGlobalInt
                0x08002440       0x12 build/stm32f1xx_ll_usb.o
                0x08002440                USB_EnableGlobalInt
 .text.USB_DisableGlobalInt
                0x08002452       0x14 build/stm32f1xx_ll_usb.o
                0x08002452                USB_DisableGlobalInt
 .text.USB_SetCurrentMode
                0x08002466        0x4 build/stm32f1xx_ll_usb.o
                0x08002466                USB_SetCurrentMode
 .text.USB_DevInit
                0x0800246a       0x22 build/stm32f1xx_ll_usb.o
                0x0800246a                USB_DevInit
 .text.USB_ActivateEndpoint
                0x0800248c      0x3ca build/stm32f1xx_ll_usb.o
                0x0800248c                USB_ActivateEndpoint
 .text.USB_DeactivateEndpoint
                0x08002856      0x1d6 build/stm32f1xx_ll_usb.o
                0x08002856                USB_DeactivateEndpoint
 .text.USB_EPSetStall
                0x08002a2c       0x4a build/stm32f1xx_ll_usb.o
                0x08002a2c                USB_EPSetStall
 .text.USB_EPClearStall
                0x08002a76       0xa2 build/stm32f1xx_ll_usb.o
                0x08002a76                USB_EPClearStall
 .text.USB_SetDevAddress
                0x08002b18        0xc build/stm32f1xx_ll_usb.o
                0x08002b18                USB_SetDevAddress
 .text.USB_DevConnect
                0x08002b24        0x4 build/stm32f1xx_ll_usb.o
                0x08002b24                USB_DevConnect
 .text.USB_DevDisconnect
                0x08002b28        0x4 build/stm32f1xx_ll_usb.o
                0x08002b28                USB_DevDisconnect
 .text.USB_ReadInterrupts
                0x08002b2c        0x8 build/stm32f1xx_ll_usb.o
                0x08002b2c                USB_ReadInterrupts
 .text.USB_EP0_OutStart
                0x08002b34        0x4 build/stm32f1xx_ll_usb.o
                0x08002b34                USB_EP0_OutStart
 .text.USB_WritePMA
                0x08002b38       0x26 build/stm32f1xx_ll_usb.o
                0x08002b38                USB_WritePMA
 .text.USB_EPStartXfer
                0x08002b5e      0x7d6 build/stm32f1xx_ll_usb.o
                0x08002b5e                USB_EPStartXfer
 .text.USB_ReadPMA
                0x08003334       0x30 build/stm32f1xx_ll_usb.o
                0x08003334                USB_ReadPMA
 .text.HAL_Init
                0x08003364       0x24 build/stm32f1xx_hal.o
                0x08003364                HAL_Init
 .text.HAL_IncTick
                0x08003388       0x18 build/stm32f1xx_hal.o
                0x08003388                HAL_IncTick
 .text.HAL_GetTick
                0x080033a0        0xc build/stm32f1xx_hal.o
                0x080033a0                HAL_GetTick
 .text.RCC_Delay
                0x080033ac       0x2c build/stm32f1xx_hal_rcc.o
 .text.HAL_RCC_OscConfig
                0x080033d8      0x410 build/stm32f1xx_hal_rcc.o
                0x080033d8                HAL_RCC_OscConfig
 .text.HAL_RCC_GetSysClockFreq
                0x080037e8       0x54 build/stm32f1xx_hal_rcc.o
                0x080037e8                HAL_RCC_GetSysClockFreq
 .text.HAL_RCC_ClockConfig
                0x0800383c      0x16c build/stm32f1xx_hal_rcc.o
                0x0800383c                HAL_RCC_ClockConfig
 .text.HAL_RCC_GetHCLKFreq
                0x080039a8        0xc build/stm32f1xx_hal_rcc.o
                0x080039a8                HAL_RCC_GetHCLKFreq
 .text.HAL_RCC_GetPCLK1Freq
                0x080039b4       0x20 build/stm32f1xx_hal_rcc.o
                0x080039b4                HAL_RCC_GetPCLK1Freq
 .text.HAL_RCC_GetClockConfig
                0x080039d4       0x3c build/stm32f1xx_hal_rcc.o
                0x080039d4                HAL_RCC_GetClockConfig
 .text.HAL_RCCEx_PeriphCLKConfig
                0x08003a10      0x118 build/stm32f1xx_hal_rcc_ex.o
                0x08003a10                HAL_RCCEx_PeriphCLKConfig
 .text.HAL_GPIO_Init
                0x08003b28      0x230 build/stm32f1xx_hal_gpio.o
                0x08003b28                HAL_GPIO_Init
 .text.HAL_GPIO_WritePin
                0x08003d58        0xc build/stm32f1xx_hal_gpio.o
                0x08003d58                HAL_GPIO_WritePin
 .text.HAL_DMA_Init
                0x08003d64       0x94 build/stm32f1xx_hal_dma.o
                0x08003d64                HAL_DMA_Init
 .text.HAL_DMA_IRQHandler
                0x08003df8      0x2ec build/stm32f1xx_hal_dma.o
                0x08003df8                HAL_DMA_IRQHandler
 .text.__NVIC_SetPriority
                0x080040e4       0x28 build/stm32f1xx_hal_cortex.o
 .text.NVIC_EncodePriority
                0x0800410c       0x3e build/stm32f1xx_hal_cortex.o
 *fill*         0x0800414a        0x2 
 .text.HAL_NVIC_SetPriorityGrouping
                0x0800414c       0x24 build/stm32f1xx_hal_cortex.o
                0x0800414c                HAL_NVIC_SetPriorityGrouping
 .text.HAL_NVIC_SetPriority
                0x08004170       0x20 build/stm32f1xx_hal_cortex.o
                0x08004170                HAL_NVIC_SetPriority
 .text.HAL_NVIC_EnableIRQ
                0x08004190       0x1c build/stm32f1xx_hal_cortex.o
                0x08004190                HAL_NVIC_EnableIRQ
 .text.SystemInit
                0x080041ac        0x2 build/system_stm32f1xx.o
                0x080041ac                SystemInit
 .text.USBD_Init
                0x080041ae       0x2e build/usbd_core.o
                0x080041ae                USBD_Init
 .text.USBD_RegisterClass
                0x080041dc        0xe build/usbd_core.o
                0x080041dc                USBD_RegisterClass
 .text.USBD_Start
                0x080041ea        0xa build/usbd_core.o
                0x080041ea                USBD_Start
 .text.USBD_SetClassConfig
                0x080041f4       0x18 build/usbd_core.o
                0x080041f4                USBD_SetClassConfig
 .text.USBD_ClrClassConfig
                0x0800420c        0xe build/usbd_core.o
                0x0800420c                USBD_ClrClassConfig
 .text.USBD_LL_SetupStage
                0x0800421a       0x5a build/usbd_core.o
                0x0800421a                USBD_LL_SetupStage
 .text.USBD_LL_DataOutStage
                0x08004274       0x8c build/usbd_core.o
                0x08004274                USBD_LL_DataOutStage
 .text.USBD_LL_DataInStage
                0x08004300       0xd0 build/usbd_core.o
                0x08004300                USBD_LL_DataInStage
 .text.USBD_LL_Reset
                0x080043d0       0x50 build/usbd_core.o
                0x080043d0                USBD_LL_Reset
 .text.USBD_LL_SetSpeed
                0x08004420        0x6 build/usbd_core.o
                0x08004420                USBD_LL_SetSpeed
 .text.USBD_LL_Suspend
                0x08004426       0x12 build/usbd_core.o
                0x08004426                USBD_LL_Suspend
 .text.USBD_LL_Resume
                0x08004438       0x16 build/usbd_core.o
                0x08004438                USBD_LL_Resume
 .text.USBD_LL_SOF
                0x0800444e       0x1c build/usbd_core.o
                0x0800444e                USBD_LL_SOF
 .text.USBD_GetLen
                0x0800446a       0x14 build/usbd_ctlreq.o
 .text.USBD_SetFeature
                0x0800447e       0x14 build/usbd_ctlreq.o
 .text.USBD_ParseSetupRequest
                0x08004492       0x28 build/usbd_ctlreq.o
                0x08004492                USBD_ParseSetupRequest
 .text.USBD_CtlError
                0x080044ba       0x14 build/usbd_ctlreq.o
                0x080044ba                USBD_CtlError
 .text.USBD_GetDescriptor
                0x080044ce      0x186 build/usbd_ctlreq.o
 .text.USBD_SetAddress
                0x08004654       0x4e build/usbd_ctlreq.o
 *fill*         0x080046a2        0x2 
 .text.USBD_SetConfig
                0x080046a4       0xb0 build/usbd_ctlreq.o
 .text.USBD_GetConfig
                0x08004754       0x3e build/usbd_ctlreq.o
 .text.USBD_GetStatus
                0x08004792       0x38 build/usbd_ctlreq.o
 .text.USBD_ClrFeature
                0x080047ca       0x26 build/usbd_ctlreq.o
 .text.USBD_StdDevReq
                0x080047f0       0x68 build/usbd_ctlreq.o
                0x080047f0                USBD_StdDevReq
 .text.USBD_StdItfReq
                0x08004858       0x60 build/usbd_ctlreq.o
                0x08004858                USBD_StdItfReq
 .text.USBD_StdEPReq
                0x080048b8      0x1e2 build/usbd_ctlreq.o
                0x080048b8                USBD_StdEPReq
 .text.USBD_GetString
                0x08004a9a       0x3a build/usbd_ctlreq.o
                0x08004a9a                USBD_GetString
 .text.USBD_CtlSendData
                0x08004ad4       0x1a build/usbd_ioreq.o
                0x08004ad4                USBD_CtlSendData
 .text.USBD_CtlContinueSendData
                0x08004aee       0x10 build/usbd_ioreq.o
                0x08004aee                USBD_CtlContinueSendData
 .text.USBD_CtlPrepareRx
                0x08004afe       0x1e build/usbd_ioreq.o
                0x08004afe                USBD_CtlPrepareRx
 .text.USBD_CtlContinueRx
                0x08004b1c       0x10 build/usbd_ioreq.o
                0x08004b1c                USBD_CtlContinueRx
 .text.USBD_CtlSendStatus
                0x08004b2c       0x16 build/usbd_ioreq.o
                0x08004b2c                USBD_CtlSendStatus
 .text.USBD_CtlReceiveStatus
                0x08004b42       0x16 build/usbd_ioreq.o
                0x08004b42                USBD_CtlReceiveStatus
 .text.USBD_CDC_EP0_RxReady
                0x08004b58       0x28 build/usbd_cdc.o
 .text.USBD_CDC_GetFSCfgDesc
                0x08004b80        0xc build/usbd_cdc.o
 .text.USBD_CDC_GetHSCfgDesc
                0x08004b8c        0xc build/usbd_cdc.o
 .text.USBD_CDC_GetOtherSpeedCfgDesc
                0x08004b98        0xc build/usbd_cdc.o
 .text.USBD_CDC_GetDeviceQualifierDescriptor
                0x08004ba4        0xc build/usbd_cdc.o
                0x08004ba4                USBD_CDC_GetDeviceQualifierDescriptor
 .text.USBD_CDC_DataOut
                0x08004bb0       0x2e build/usbd_cdc.o
 .text.USBD_CDC_DataIn
                0x08004bde       0x4e build/usbd_cdc.o
 .text.USBD_CDC_Setup
                0x08004c2c       0xd6 build/usbd_cdc.o
 .text.USBD_CDC_DeInit
                0x08004d02       0x42 build/usbd_cdc.o
 .text.USBD_CDC_Init
                0x08004d44       0xaa build/usbd_cdc.o
 .text.USBD_CDC_RegisterInterface
                0x08004dee        0xe build/usbd_cdc.o
                0x08004dee                USBD_CDC_RegisterInterface
 .text.USBD_CDC_SetTxBuffer
                0x08004dfc       0x10 build/usbd_cdc.o
                0x08004dfc                USBD_CDC_SetTxBuffer
 .text.USBD_CDC_SetRxBuffer
                0x08004e0c        0xc build/usbd_cdc.o
                0x08004e0c                USBD_CDC_SetRxBuffer
 .text.USBD_CDC_TransmitPacket
                0x08004e18       0x32 build/usbd_cdc.o
                0x08004e18                USBD_CDC_TransmitPacket
 .text.USBD_CDC_ReceivePacket
                0x08004e4a       0x30 build/usbd_cdc.o
                0x08004e4a                USBD_CDC_ReceivePacket
 *fill*         0x08004e7a        0x2 
 .text._sbrk    0x08004e7c       0x48 build/sysmem.o
                0x08004e7c                _sbrk
 .text._getpid  0x08004ec4        0x4 build/syscalls.o
                0x08004ec4                _getpid
 .text._kill    0x08004ec8       0x10 build/syscalls.o
                0x08004ec8                _kill
 .text._exit    0x08004ed8        0xc build/syscalls.o
                0x08004ed8                _exit
 .text._read    0x08004ee4       0x20 build/syscalls.o
                0x08004ee4                _read
 .text._close   0x08004f04        0x6 build/syscalls.o
                0x08004f04                _close
 .text._fstat   0x08004f0a        0xa build/syscalls.o
                0x08004f0a                _fstat
 .text._isatty  0x08004f14        0x4 build/syscalls.o
                0x08004f14                _isatty
 .text._lseek   0x08004f18        0x4 build/syscalls.o
                0x08004f18                _lseek
 .text.vCreateReceiveDataQueueTask
                0x08004f1c       0x18 build/ReceiveDataProcess.o
                0x08004f1c                vCreateReceiveDataQueueTask
 .text.vCreateReceiveDataTask
                0x08004f34       0x3c build/ReceiveDataProcess.o
                0x08004f34                vCreateReceiveDataTask
 .text.vReceiveDataQueueSendISRTask
                0x08004f70       0x68 build/ReceiveDataProcess.o
                0x08004f70                vReceiveDataQueueSendISRTask
 .text.vParseReceivedDataPacket
                0x08004fd8       0x88 build/ReceiveDataProcess.o
                0x08004fd8                vParseReceivedDataPacket
 .text.vReceiveDataProcessTask
                0x08005060       0x3c build/ReceiveDataProcess.o
                0x08005060                vReceiveDataProcessTask
 .text.MX_ADC1_Init
                0x0800509c      0x150 build/adc.o
                0x0800509c                MX_ADC1_Init
 .text.HAL_ADC_MspInit
                0x080051ec       0xe4 build/adc.o
                0x080051ec                HAL_ADC_MspInit
 .text.MX_DMA_Init
                0x080052d0       0x34 build/dma.o
                0x080052d0                MX_DMA_Init
 .text.HAL_ADC_ConfigChannel
                0x08005304      0x140 build/stm32f1xx_hal_adc.o
                0x08005304                HAL_ADC_ConfigChannel
 .text.ADC_ConversionStop_Disable
                0x08005444       0x56 build/stm32f1xx_hal_adc.o
                0x08005444                ADC_ConversionStop_Disable
 *fill*         0x0800549a        0x2 
 .text.HAL_ADC_Init
                0x0800549c      0x128 build/stm32f1xx_hal_adc.o
                0x0800549c                HAL_ADC_Init
 .text.StartDefaultTask
                0x080055c4        0xe build/freertos.o
                0x080055c4                StartDefaultTask
 *fill*         0x080055d2        0x2 
 .text.MX_FREERTOS_Init
                0x080055d4       0x20 build/freertos.o
                0x080055d4                MX_FREERTOS_Init
 .text.HAL_InitTick
                0x080055f4       0xa0 build/stm32f1xx_hal_timebase_tim.o
                0x080055f4                HAL_InitTick
 .text.HAL_TIM_Base_MspInit
                0x08005694        0x2 build/stm32f1xx_hal_tim.o
                0x08005694                HAL_TIM_Base_MspInit
 *fill*         0x08005696        0x2 
 .text.HAL_TIM_Base_Start_IT
                0x08005698       0x84 build/stm32f1xx_hal_tim.o
                0x08005698                HAL_TIM_Base_Start_IT
 .text.HAL_TIM_OC_DelayElapsedCallback
                0x0800571c        0x2 build/stm32f1xx_hal_tim.o
                0x0800571c                HAL_TIM_OC_DelayElapsedCallback
 .text.HAL_TIM_IC_CaptureCallback
                0x0800571e        0x2 build/stm32f1xx_hal_tim.o
                0x0800571e                HAL_TIM_IC_CaptureCallback
 .text.HAL_TIM_PWM_PulseFinishedCallback
                0x08005720        0x2 build/stm32f1xx_hal_tim.o
                0x08005720                HAL_TIM_PWM_PulseFinishedCallback
 .text.HAL_TIM_TriggerCallback
                0x08005722        0x2 build/stm32f1xx_hal_tim.o
                0x08005722                HAL_TIM_TriggerCallback
 .text.HAL_TIM_IRQHandler
                0x08005724      0x15e build/stm32f1xx_hal_tim.o
                0x08005724                HAL_TIM_IRQHandler
 *fill*         0x08005882        0x2 
 .text.TIM_Base_SetConfig
                0x08005884       0xd8 build/stm32f1xx_hal_tim.o
                0x08005884                TIM_Base_SetConfig
 .text.HAL_TIM_Base_Init
                0x0800595c       0x58 build/stm32f1xx_hal_tim.o
                0x0800595c                HAL_TIM_Base_Init
 .text.HAL_TIMEx_CommutCallback
                0x080059b4        0x2 build/stm32f1xx_hal_tim_ex.o
                0x080059b4                HAL_TIMEx_CommutCallback
 .text.HAL_TIMEx_BreakCallback
                0x080059b6        0x2 build/stm32f1xx_hal_tim_ex.o
                0x080059b6                HAL_TIMEx_BreakCallback
 .text.vListInitialise
                0x080059b8       0x16 build/list.o
                0x080059b8                vListInitialise
 .text.vListInitialiseItem
                0x080059ce        0x6 build/list.o
                0x080059ce                vListInitialiseItem
 .text.vListInsertEnd
                0x080059d4       0x16 build/list.o
                0x080059d4                vListInsertEnd
 .text.vListInsert
                0x080059ea       0x32 build/list.o
                0x080059ea                vListInsert
 .text.uxListRemove
                0x08005a1c       0x26 build/list.o
                0x08005a1c                uxListRemove
 .text.prvIsQueueFull
                0x08005a42       0x1e build/queue.o
 .text.prvIsQueueEmpty
                0x08005a60       0x1a build/queue.o
 .text.prvCopyDataToQueue
                0x08005a7a       0x76 build/queue.o
 .text.prvCopyDataFromQueue
                0x08005af0       0x24 build/queue.o
 .text.prvUnlockQueue
                0x08005b14       0x6e build/queue.o
 .text.xQueueGenericReset
                0x08005b82       0x84 build/queue.o
                0x08005b82                xQueueGenericReset
 .text.prvInitialiseNewQueue
                0x08005c06       0x22 build/queue.o
 .text.xQueueGenericCreateStatic
                0x08005c28       0x94 build/queue.o
                0x08005c28                xQueueGenericCreateStatic
 .text.xQueueGenericCreate
                0x08005cbc       0x48 build/queue.o
                0x08005cbc                xQueueGenericCreate
 .text.xQueueGenericSend
                0x08005d04      0x188 build/queue.o
                0x08005d04                xQueueGenericSend
 .text.xQueueGenericSendFromISR
                0x08005e8c       0xce build/queue.o
                0x08005e8c                xQueueGenericSendFromISR
 .text.xQueueReceive
                0x08005f5a      0x15e build/queue.o
                0x08005f5a                xQueueReceive
 .text.vQueueAddToRegistry
                0x080060b8       0x28 build/queue.o
                0x080060b8                vQueueAddToRegistry
 .text.vQueueWaitForMessageRestricted
                0x080060e0       0x52 build/queue.o
                0x080060e0                vQueueWaitForMessageRestricted
 *fill*         0x08006132        0x2 
 .text.prvResetNextTaskUnblockTime
                0x08006134       0x2c build/tasks.o
 .text.prvInitialiseNewTask
                0x08006160       0xa2 build/tasks.o
 *fill*         0x08006202        0x2 
 .text.prvInitialiseTaskLists
                0x08006204       0x68 build/tasks.o
 .text.prvAddNewTaskToReadyList
                0x0800626c       0xac build/tasks.o
 .text.prvDeleteTCB
                0x08006318       0x38 build/tasks.o
 .text.prvCheckTasksWaitingTermination
                0x08006350       0x4c build/tasks.o
 .text.prvIdleTask
                0x0800639c       0x28 build/tasks.o
 .text.prvAddCurrentTaskToDelayedList
                0x080063c4       0x7c build/tasks.o
 .text.xTaskCreateStatic
                0x08006440       0x76 build/tasks.o
                0x08006440                xTaskCreateStatic
 .text.xTaskCreate
                0x080064b6       0x64 build/tasks.o
                0x080064b6                xTaskCreate
 *fill*         0x0800651a        0x2 
 .text.vTaskStartScheduler
                0x0800651c       0x98 build/tasks.o
                0x0800651c                vTaskStartScheduler
 .text.vTaskSuspendAll
                0x080065b4       0x10 build/tasks.o
                0x080065b4                vTaskSuspendAll
 .text.xTaskGetTickCount
                0x080065c4        0xc build/tasks.o
                0x080065c4                xTaskGetTickCount
 .text.xTaskIncrementTick
                0x080065d0      0x118 build/tasks.o
                0x080065d0                xTaskIncrementTick
 .text.xTaskResumeAll
                0x080066e8       0xf8 build/tasks.o
                0x080066e8                xTaskResumeAll
 .text.vTaskDelay
                0x080067e0       0x4c build/tasks.o
                0x080067e0                vTaskDelay
 .text.vTaskSwitchContext
                0x0800682c       0x98 build/tasks.o
                0x0800682c                vTaskSwitchContext
 .text.vTaskPlaceOnEventList
                0x080068c4       0x30 build/tasks.o
                0x080068c4                vTaskPlaceOnEventList
 .text.vTaskPlaceOnEventListRestricted
                0x080068f4       0x38 build/tasks.o
                0x080068f4                vTaskPlaceOnEventListRestricted
 .text.xTaskRemoveFromEventList
                0x0800692c       0x8c build/tasks.o
                0x0800692c                xTaskRemoveFromEventList
 .text.vTaskInternalSetTimeOutState
                0x080069b8       0x18 build/tasks.o
                0x080069b8                vTaskInternalSetTimeOutState
 .text.xTaskCheckForTimeOut
                0x080069d0       0x88 build/tasks.o
                0x080069d0                xTaskCheckForTimeOut
 .text.vTaskMissedYield
                0x08006a58        0xc build/tasks.o
                0x08006a58                vTaskMissedYield
 .text.xTaskGetSchedulerState
                0x08006a64       0x20 build/tasks.o
                0x08006a64                xTaskGetSchedulerState
 .text.xTaskPriorityDisinherit
                0x08006a84       0x90 build/tasks.o
                0x08006a84                xTaskPriorityDisinherit
 .text.prvGetNextExpireTime
                0x08006b14       0x20 build/timers.o
 .text.prvInsertTimerInActiveList
                0x08006b34       0x48 build/timers.o
 .text.prvCheckForValidListAndQueue
                0x08006b7c       0x70 build/timers.o
 .text.xTimerCreateTimerTask
                0x08006bec       0x64 build/timers.o
                0x08006bec                xTimerCreateTimerTask
 .text.xTimerGenericCommand
                0x08006c50       0x6c build/timers.o
                0x08006c50                xTimerGenericCommand
 .text.prvSwitchTimerLists
                0x08006cbc       0x7c build/timers.o
 .text.prvSampleTimeNow
                0x08006d38       0x2c build/timers.o
 .text.prvProcessExpiredTimer
                0x08006d64       0x6c build/timers.o
 .text.prvProcessTimerOrBlockTask
                0x08006dd0       0x74 build/timers.o
 .text.prvProcessReceivedCommands
                0x08006e44      0x10c build/timers.o
 .text.prvTimerTask
                0x08006f50       0x16 build/timers.o
 .text.SysTick_Handler
                0x08006f66       0x18 build/cmsis_os2.o
                0x08006f66                SysTick_Handler
 *fill*         0x08006f7e        0x2 
 .text.osKernelInitialize
                0x08006f80       0x24 build/cmsis_os2.o
                0x08006f80                osKernelInitialize
 .text.osKernelStart
                0x08006fa4       0x38 build/cmsis_os2.o
                0x08006fa4                osKernelStart
 .text.osThreadNew
                0x08006fdc       0xb4 build/cmsis_os2.o
                0x08006fdc                osThreadNew
 .text.osDelay  0x08007090       0x1c build/cmsis_os2.o
                0x08007090                osDelay
 .text.vApplicationGetIdleTaskMemory
                0x080070ac       0x18 build/cmsis_os2.o
                0x080070ac                vApplicationGetIdleTaskMemory
 .text.vApplicationGetTimerTaskMemory
                0x080070c4       0x18 build/cmsis_os2.o
                0x080070c4                vApplicationGetTimerTaskMemory
 .text.prvHeapInit
                0x080070dc       0x64 build/heap_4.o
 .text.prvInsertBlockIntoFreeList
                0x08007140       0x60 build/heap_4.o
 .text.pvPortMalloc
                0x080071a0      0x104 build/heap_4.o
                0x080071a0                pvPortMalloc
 .text.vPortFree
                0x080072a4       0x7c build/heap_4.o
                0x080072a4                vPortFree
 .text.prvTaskExitError
                0x08007320       0x40 build/port.o
 .text.prvPortStartFirstTask
                0x08007360       0x20 build/port.o
 .text.pxPortInitialiseStack
                0x08007380       0x24 build/port.o
                0x08007380                pxPortInitialiseStack
 *fill*         0x080073a4        0xc 
 .text.SVC_Handler
                0x080073b0       0x24 build/port.o
                0x080073b0                SVC_Handler
 .text.vPortEnterCritical
                0x080073d4       0x44 build/port.o
                0x080073d4                vPortEnterCritical
 .text.vPortExitCritical
                0x08007418       0x2c build/port.o
                0x08007418                vPortExitCritical
 *fill*         0x08007444        0xc 
 .text.PendSV_Handler
                0x08007450       0x44 build/port.o
                0x08007450                PendSV_Handler
 .text.xPortSysTickHandler
                0x08007494       0x2c build/port.o
                0x08007494                xPortSysTickHandler
 .text.vPortSetupTimerInterrupt
                0x080074c0       0x28 build/port.o
                0x080074c0                vPortSetupTimerInterrupt
 .text.xPortStartScheduler
                0x080074e8       0xc0 build/port.o
                0x080074e8                xPortStartScheduler
 .text.vPortValidateInterruptPriority
                0x080075a8       0x5c build/port.o
                0x080075a8                vPortValidateInterruptPriority
 .text.vSendLogProcessTask
                0x08007604       0x48 build/SendLog.o
                0x08007604                vSendLogProcessTask
 .text.vCreateReceiveLogQueueTask
                0x0800764c       0x18 build/SendLog.o
                0x0800764c                vCreateReceiveLogQueueTask
 .text.vCreateSendLogTask
                0x08007664       0x3c build/SendLog.o
                0x08007664                vCreateSendLogTask
 .text.QueueSendfmt
                0x080076a0       0x4c build/SendLog.o
                0x080076a0                QueueSendfmt
 .text.Reset_Handler
                0x080076ec       0x48 build/startup_stm32f103xg.o
                0x080076ec                Reset_Handler
 .text.Default_Handler
                0x08007734        0x2 build/startup_stm32f103xg.o
                0x08007734                RTC_Alarm_IRQHandler
                0x08007734                EXTI2_IRQHandler
                0x08007734                TIM8_CC_IRQHandler
                0x08007734                TIM1_CC_IRQHandler
                0x08007734                PVD_IRQHandler
                0x08007734                SDIO_IRQHandler
                0x08007734                EXTI3_IRQHandler
                0x08007734                TIM8_TRG_COM_TIM14_IRQHandler
                0x08007734                TIM1_UP_TIM10_IRQHandler
                0x08007734                TIM8_UP_TIM13_IRQHandler
                0x08007734                EXTI0_IRQHandler
                0x08007734                I2C2_EV_IRQHandler
                0x08007734                ADC1_2_IRQHandler
                0x08007734                SPI1_IRQHandler
                0x08007734                TAMPER_IRQHandler
                0x08007734                TIM1_BRK_TIM9_IRQHandler
                0x08007734                DMA2_Channel2_IRQHandler
                0x08007734                DMA1_Channel4_IRQHandler
                0x08007734                USART3_IRQHandler
                0x08007734                RTC_IRQHandler
                0x08007734                DMA1_Channel7_IRQHandler
                0x08007734                CAN1_RX1_IRQHandler
                0x08007734                UART5_IRQHandler
                0x08007734                ADC3_IRQHandler
                0x08007734                TIM4_IRQHandler
                0x08007734                DMA2_Channel1_IRQHandler
                0x08007734                I2C1_EV_IRQHandler
                0x08007734                DMA1_Channel6_IRQHandler
                0x08007734                UART4_IRQHandler
                0x08007734                TIM3_IRQHandler
                0x08007734                RCC_IRQHandler
                0x08007734                TIM8_BRK_TIM12_IRQHandler
                0x08007734                Default_Handler
                0x08007734                EXTI15_10_IRQHandler
                0x08007734                TIM7_IRQHandler
                0x08007734                TIM5_IRQHandler
                0x08007734                EXTI9_5_IRQHandler
                0x08007734                SPI2_IRQHandler
                0x08007734                DMA1_Channel5_IRQHandler
                0x08007734                EXTI4_IRQHandler
                0x08007734                USB_HP_CAN1_TX_IRQHandler
                0x08007734                DMA1_Channel3_IRQHandler
                0x08007734                FSMC_IRQHandler
                0x08007734                WWDG_IRQHandler
                0x08007734                TIM2_IRQHandler
                0x08007734                TIM1_TRG_COM_TIM11_IRQHandler
                0x08007734                EXTI1_IRQHandler
                0x08007734                DMA2_Channel4_5_IRQHandler
                0x08007734                USART2_IRQHandler
                0x08007734                I2C2_ER_IRQHandler
                0x08007734                DMA1_Channel2_IRQHandler
                0x08007734                CAN1_SCE_IRQHandler
                0x08007734                FLASH_IRQHandler
                0x08007734                USART1_IRQHandler
                0x08007734                SPI3_IRQHandler
                0x08007734                I2C1_ER_IRQHandler
                0x08007734                USBWakeUp_IRQHandler
                0x08007734                DMA2_Channel3_IRQHandler
 .text.__cvt    0x08007736       0xc8 D:/gcc-arm/14.3 rel1/bin/../lib/gcc/arm-none-eabi/14.3.1/../../../../arm-none-eabi/lib/thumb/v7-m/nofp\libc_nano.a(libc_a-nano-vfprintf_float.o)
                0x08007736                __cvt
 .text.__exponent
                0x080077fe       0x74 D:/gcc-arm/14.3 rel1/bin/../lib/gcc/arm-none-eabi/14.3.1/../../../../arm-none-eabi/lib/thumb/v7-m/nofp\libc_nano.a(libc_a-nano-vfprintf_float.o)
                0x080077fe                __exponent
 *fill*         0x08007872        0x2 
 .text._printf_float
                0x08007874      0x458 D:/gcc-arm/14.3 rel1/bin/../lib/gcc/arm-none-eabi/14.3.1/../../../../arm-none-eabi/lib/thumb/v7-m/nofp\libc_nano.a(libc_a-nano-vfprintf_float.o)
                0x08007874                _printf_float
 .text._printf_common
                0x08007ccc       0xe4 D:/gcc-arm/14.3 rel1/bin/../lib/gcc/arm-none-eabi/14.3.1/../../../../arm-none-eabi/lib/thumb/v7-m/nofp\libc_nano.a(libc_a-nano-vfprintf_i.o)
                0x08007ccc                _printf_common
 .text._printf_i
                0x08007db0      0x24c D:/gcc-arm/14.3 rel1/bin/../lib/gcc/arm-none-eabi/14.3.1/../../../../arm-none-eabi/lib/thumb/v7-m/nofp\libc_nano.a(libc_a-nano-vfprintf_i.o)
                0x08007db0                _printf_i
 .text._scanf_float
                0x08007ffc      0x414 D:/gcc-arm/14.3 rel1/bin/../lib/gcc/arm-none-eabi/14.3.1/../../../../arm-none-eabi/lib/thumb/v7-m/nofp\libc_nano.a(libc_a-nano-vfscanf_float.o)
                0x08007ffc                _scanf_float
 .text.std      0x08008410       0x6c D:/gcc-arm/14.3 rel1/bin/../lib/gcc/arm-none-eabi/14.3.1/../../../../arm-none-eabi/lib/thumb/v7-m/nofp\libc_nano.a(libc_a-findfp.o)
 .text.stdio_exit_handler
                0x0800847c       0x18 D:/gcc-arm/14.3 rel1/bin/../lib/gcc/arm-none-eabi/14.3.1/../../../../arm-none-eabi/lib/thumb/v7-m/nofp\libc_nano.a(libc_a-findfp.o)
 .text.cleanup_stdio
                0x08008494       0x40 D:/gcc-arm/14.3 rel1/bin/../lib/gcc/arm-none-eabi/14.3.1/../../../../arm-none-eabi/lib/thumb/v7-m/nofp\libc_nano.a(libc_a-findfp.o)
 .text.global_stdio_init.part.0
                0x080084d4       0x40 D:/gcc-arm/14.3 rel1/bin/../lib/gcc/arm-none-eabi/14.3.1/../../../../arm-none-eabi/lib/thumb/v7-m/nofp\libc_nano.a(libc_a-findfp.o)
 .text.__sfp_lock_acquire
                0x08008514        0xc D:/gcc-arm/14.3 rel1/bin/../lib/gcc/arm-none-eabi/14.3.1/../../../../arm-none-eabi/lib/thumb/v7-m/nofp\libc_nano.a(libc_a-findfp.o)
                0x08008514                __sfp_lock_acquire
 .text.__sfp_lock_release
                0x08008520        0xc D:/gcc-arm/14.3 rel1/bin/../lib/gcc/arm-none-eabi/14.3.1/../../../../arm-none-eabi/lib/thumb/v7-m/nofp\libc_nano.a(libc_a-findfp.o)
                0x08008520                __sfp_lock_release
 .text.__sinit  0x0800852c       0x30 D:/gcc-arm/14.3 rel1/bin/../lib/gcc/arm-none-eabi/14.3.1/../../../../arm-none-eabi/lib/thumb/v7-m/nofp\libc_nano.a(libc_a-findfp.o)
                0x0800852c                __sinit
 .text._fwalk_sglue
                0x0800855c       0x3c D:/gcc-arm/14.3 rel1/bin/../lib/gcc/arm-none-eabi/14.3.1/../../../../arm-none-eabi/lib/thumb/v7-m/nofp\libc_nano.a(libc_a-fwalk.o)
                0x0800855c                _fwalk_sglue
 .text.sprintf  0x08008598       0x44 D:/gcc-arm/14.3 rel1/bin/../lib/gcc/arm-none-eabi/14.3.1/../../../../arm-none-eabi/lib/thumb/v7-m/nofp\libc_nano.a(libc_a-sprintf.o)
                0x08008598                siprintf
                0x08008598                sprintf
 .text.__sread  0x080085dc       0x22 D:/gcc-arm/14.3 rel1/bin/../lib/gcc/arm-none-eabi/14.3.1/../../../../arm-none-eabi/lib/thumb/v7-m/nofp\libc_nano.a(libc_a-stdio.o)
                0x080085dc                __sread
 .text.__swrite
                0x080085fe       0x38 D:/gcc-arm/14.3 rel1/bin/../lib/gcc/arm-none-eabi/14.3.1/../../../../arm-none-eabi/lib/thumb/v7-m/nofp\libc_nano.a(libc_a-stdio.o)
                0x080085fe                __swrite
 .text.__sseek  0x08008636       0x26 D:/gcc-arm/14.3 rel1/bin/../lib/gcc/arm-none-eabi/14.3.1/../../../../arm-none-eabi/lib/thumb/v7-m/nofp\libc_nano.a(libc_a-stdio.o)
                0x08008636                __sseek
 .text.__sclose
                0x0800865c        0x8 D:/gcc-arm/14.3 rel1/bin/../lib/gcc/arm-none-eabi/14.3.1/../../../../arm-none-eabi/lib/thumb/v7-m/nofp\libc_nano.a(libc_a-stdio.o)
                0x0800865c                __sclose
 .text._vsnprintf_r
                0x08008664       0x5c D:/gcc-arm/14.3 rel1/bin/../lib/gcc/arm-none-eabi/14.3.1/../../../../arm-none-eabi/lib/thumb/v7-m/nofp\libc_nano.a(libc_a-vsnprintf.o)
                0x08008664                _vsniprintf_r
                0x08008664                _vsnprintf_r
 .text.vsnprintf
                0x080086c0       0x1c D:/gcc-arm/14.3 rel1/bin/../lib/gcc/arm-none-eabi/14.3.1/../../../../arm-none-eabi/lib/thumb/v7-m/nofp\libc_nano.a(libc_a-vsnprintf.o)
                0x080086c0                vsniprintf
                0x080086c0                vsnprintf
 .text.memset   0x080086dc       0x10 D:/gcc-arm/14.3 rel1/bin/../lib/gcc/arm-none-eabi/14.3.1/../../../../arm-none-eabi/lib/thumb/v7-m/nofp\libc_nano.a(libc_a-memset.o)
                0x080086dc                memset
 .text._localeconv_r
                0x080086ec        0x8 D:/gcc-arm/14.3 rel1/bin/../lib/gcc/arm-none-eabi/14.3.1/../../../../arm-none-eabi/lib/thumb/v7-m/nofp\libc_nano.a(libc_a-localeconv.o)
                0x080086ec                _localeconv_r
 .text._close_r
                0x080086f4       0x20 D:/gcc-arm/14.3 rel1/bin/../lib/gcc/arm-none-eabi/14.3.1/../../../../arm-none-eabi/lib/thumb/v7-m/nofp\libc_nano.a(libc_a-closer.o)
                0x080086f4                _close_r
 .text._lseek_r
                0x08008714       0x24 D:/gcc-arm/14.3 rel1/bin/../lib/gcc/arm-none-eabi/14.3.1/../../../../arm-none-eabi/lib/thumb/v7-m/nofp\libc_nano.a(libc_a-lseekr.o)
                0x08008714                _lseek_r
 .text._read_r  0x08008738       0x24 D:/gcc-arm/14.3 rel1/bin/../lib/gcc/arm-none-eabi/14.3.1/../../../../arm-none-eabi/lib/thumb/v7-m/nofp\libc_nano.a(libc_a-readr.o)
                0x08008738                _read_r
 .text._write_r
                0x0800875c       0x24 D:/gcc-arm/14.3 rel1/bin/../lib/gcc/arm-none-eabi/14.3.1/../../../../arm-none-eabi/lib/thumb/v7-m/nofp\libc_nano.a(libc_a-writer.o)
                0x0800875c                _write_r
 .text.__errno  0x08008780        0xc D:/gcc-arm/14.3 rel1/bin/../lib/gcc/arm-none-eabi/14.3.1/../../../../arm-none-eabi/lib/thumb/v7-m/nofp\libc_nano.a(libc_a-errno.o)
                0x08008780                __errno
 .text.__libc_init_array
                0x0800878c       0x48 D:/gcc-arm/14.3 rel1/bin/../lib/gcc/arm-none-eabi/14.3.1/../../../../arm-none-eabi/lib/thumb/v7-m/nofp\libc_nano.a(libc_a-init.o)
                0x0800878c                __libc_init_array
 .text.__retarget_lock_init_recursive
                0x080087d4        0x2 D:/gcc-arm/14.3 rel1/bin/../lib/gcc/arm-none-eabi/14.3.1/../../../../arm-none-eabi/lib/thumb/v7-m/nofp\libc_nano.a(libc_a-lock.o)
                0x080087d4                __retarget_lock_init_recursive
 .text.__retarget_lock_acquire_recursive
                0x080087d6        0x2 D:/gcc-arm/14.3 rel1/bin/../lib/gcc/arm-none-eabi/14.3.1/../../../../arm-none-eabi/lib/thumb/v7-m/nofp\libc_nano.a(libc_a-lock.o)
                0x080087d6                __retarget_lock_acquire_recursive
 .text.__retarget_lock_release_recursive
                0x080087d8        0x2 D:/gcc-arm/14.3 rel1/bin/../lib/gcc/arm-none-eabi/14.3.1/../../../../arm-none-eabi/lib/thumb/v7-m/nofp\libc_nano.a(libc_a-lock.o)
                0x080087d8                __retarget_lock_release_recursive
 .text.memchr   0x080087da       0x1c D:/gcc-arm/14.3 rel1/bin/../lib/gcc/arm-none-eabi/14.3.1/../../../../arm-none-eabi/lib/thumb/v7-m/nofp\libc_nano.a(libc_a-memchr-stub.o)
                0x080087da                memchr
 .text.memcpy   0x080087f6       0x1c D:/gcc-arm/14.3 rel1/bin/../lib/gcc/arm-none-eabi/14.3.1/../../../../arm-none-eabi/lib/thumb/v7-m/nofp\libc_nano.a(libc_a-memcpy-stub.o)
                0x080087f6                memcpy
 *fill*         0x08008812        0x2 
 .text.nanf     0x08008814        0x8 D:/gcc-arm/14.3 rel1/bin/../lib/gcc/arm-none-eabi/14.3.1/../../../../arm-none-eabi/lib/thumb/v7-m/nofp\libc_nano.a(libm_a-sf_nan.o)
                0x08008814                nanf
 .text.quorem   0x0800881c      0x110 D:/gcc-arm/14.3 rel1/bin/../lib/gcc/arm-none-eabi/14.3.1/../../../../arm-none-eabi/lib/thumb/v7-m/nofp\libc_nano.a(libc_a-dtoa.o)
 *fill*         0x0800892c        0x4 
 .text._dtoa_r  0x08008930      0xbcc D:/gcc-arm/14.3 rel1/bin/../lib/gcc/arm-none-eabi/14.3.1/../../../../arm-none-eabi/lib/thumb/v7-m/nofp\libc_nano.a(libc_a-dtoa.o)
                0x08008930                _dtoa_r
 .text._free_r  0x080094fc       0x90 D:/gcc-arm/14.3 rel1/bin/../lib/gcc/arm-none-eabi/14.3.1/../../../../arm-none-eabi/lib/thumb/v7-m/nofp\libc_nano.a(libc_a-freer.o)
                0x080094fc                _free_r
 .text.malloc   0x0800958c       0x10 D:/gcc-arm/14.3 rel1/bin/../lib/gcc/arm-none-eabi/14.3.1/../../../../arm-none-eabi/lib/thumb/v7-m/nofp\libc_nano.a(libc_a-malloc.o)
                0x0800958c                malloc
 .text.sbrk_aligned
                0x0800959c       0x44 D:/gcc-arm/14.3 rel1/bin/../lib/gcc/arm-none-eabi/14.3.1/../../../../arm-none-eabi/lib/thumb/v7-m/nofp\libc_nano.a(libc_a-mallocr.o)
 .text._malloc_r
                0x080095e0      0x100 D:/gcc-arm/14.3 rel1/bin/../lib/gcc/arm-none-eabi/14.3.1/../../../../arm-none-eabi/lib/thumb/v7-m/nofp\libc_nano.a(libc_a-mallocr.o)
                0x080095e0                _malloc_r
 .text.__malloc_lock
                0x080096e0        0xc D:/gcc-arm/14.3 rel1/bin/../lib/gcc/arm-none-eabi/14.3.1/../../../../arm-none-eabi/lib/thumb/v7-m/nofp\libc_nano.a(libc_a-mlock.o)
                0x080096e0                __malloc_lock
 .text.__malloc_unlock
                0x080096ec        0xc D:/gcc-arm/14.3 rel1/bin/../lib/gcc/arm-none-eabi/14.3.1/../../../../arm-none-eabi/lib/thumb/v7-m/nofp\libc_nano.a(libc_a-mlock.o)
                0x080096ec                __malloc_unlock
 .text._Balloc  0x080096f8       0x7c D:/gcc-arm/14.3 rel1/bin/../lib/gcc/arm-none-eabi/14.3.1/../../../../arm-none-eabi/lib/thumb/v7-m/nofp\libc_nano.a(libc_a-mprec.o)
                0x080096f8                _Balloc
 .text._Bfree   0x08009774       0x44 D:/gcc-arm/14.3 rel1/bin/../lib/gcc/arm-none-eabi/14.3.1/../../../../arm-none-eabi/lib/thumb/v7-m/nofp\libc_nano.a(libc_a-mprec.o)
                0x08009774                _Bfree
 .text.__multadd
                0x080097b8       0x8c D:/gcc-arm/14.3 rel1/bin/../lib/gcc/arm-none-eabi/14.3.1/../../../../arm-none-eabi/lib/thumb/v7-m/nofp\libc_nano.a(libc_a-mprec.o)
                0x080097b8                __multadd
 .text.__s2b    0x08009844       0x94 D:/gcc-arm/14.3 rel1/bin/../lib/gcc/arm-none-eabi/14.3.1/../../../../arm-none-eabi/lib/thumb/v7-m/nofp\libc_nano.a(libc_a-mprec.o)
                0x08009844                __s2b
 .text.__hi0bits
                0x080098d8       0x3e D:/gcc-arm/14.3 rel1/bin/../lib/gcc/arm-none-eabi/14.3.1/../../../../arm-none-eabi/lib/thumb/v7-m/nofp\libc_nano.a(libc_a-mprec.o)
                0x080098d8                __hi0bits
 .text.__lo0bits
                0x08009916       0x5a D:/gcc-arm/14.3 rel1/bin/../lib/gcc/arm-none-eabi/14.3.1/../../../../arm-none-eabi/lib/thumb/v7-m/nofp\libc_nano.a(libc_a-mprec.o)
                0x08009916                __lo0bits
 .text.__i2b    0x08009970       0x2c D:/gcc-arm/14.3 rel1/bin/../lib/gcc/arm-none-eabi/14.3.1/../../../../arm-none-eabi/lib/thumb/v7-m/nofp\libc_nano.a(libc_a-mprec.o)
                0x08009970                __i2b
 .text.__multiply
                0x0800999c      0x150 D:/gcc-arm/14.3 rel1/bin/../lib/gcc/arm-none-eabi/14.3.1/../../../../arm-none-eabi/lib/thumb/v7-m/nofp\libc_nano.a(libc_a-mprec.o)
                0x0800999c                __multiply
 .text.__pow5mult
                0x08009aec       0xb8 D:/gcc-arm/14.3 rel1/bin/../lib/gcc/arm-none-eabi/14.3.1/../../../../arm-none-eabi/lib/thumb/v7-m/nofp\libc_nano.a(libc_a-mprec.o)
                0x08009aec                __pow5mult
 .text.__lshift
                0x08009ba4       0xd8 D:/gcc-arm/14.3 rel1/bin/../lib/gcc/arm-none-eabi/14.3.1/../../../../arm-none-eabi/lib/thumb/v7-m/nofp\libc_nano.a(libc_a-mprec.o)
                0x08009ba4                __lshift
 .text.__mcmp   0x08009c7c       0x36 D:/gcc-arm/14.3 rel1/bin/../lib/gcc/arm-none-eabi/14.3.1/../../../../arm-none-eabi/lib/thumb/v7-m/nofp\libc_nano.a(libc_a-mprec.o)
                0x08009c7c                __mcmp
 *fill*         0x08009cb2        0x2 
 .text.__mdiff  0x08009cb4      0x130 D:/gcc-arm/14.3 rel1/bin/../lib/gcc/arm-none-eabi/14.3.1/../../../../arm-none-eabi/lib/thumb/v7-m/nofp\libc_nano.a(libc_a-mprec.o)
                0x08009cb4                __mdiff
 .text.__ulp    0x08009de4       0x40 D:/gcc-arm/14.3 rel1/bin/../lib/gcc/arm-none-eabi/14.3.1/../../../../arm-none-eabi/lib/thumb/v7-m/nofp\libc_nano.a(libc_a-mprec.o)
                0x08009de4                __ulp
 .text.__b2d    0x08009e24       0x90 D:/gcc-arm/14.3 rel1/bin/../lib/gcc/arm-none-eabi/14.3.1/../../../../arm-none-eabi/lib/thumb/v7-m/nofp\libc_nano.a(libc_a-mprec.o)
                0x08009e24                __b2d
 .text.__d2b    0x08009eb4       0xb0 D:/gcc-arm/14.3 rel1/bin/../lib/gcc/arm-none-eabi/14.3.1/../../../../arm-none-eabi/lib/thumb/v7-m/nofp\libc_nano.a(libc_a-mprec.o)
                0x08009eb4                __d2b
 .text.__ratio  0x08009f64       0x60 D:/gcc-arm/14.3 rel1/bin/../lib/gcc/arm-none-eabi/14.3.1/../../../../arm-none-eabi/lib/thumb/v7-m/nofp\libc_nano.a(libc_a-mprec.o)
                0x08009f64                __ratio
 .text.__copybits
                0x08009fc4       0x46 D:/gcc-arm/14.3 rel1/bin/../lib/gcc/arm-none-eabi/14.3.1/../../../../arm-none-eabi/lib/thumb/v7-m/nofp\libc_nano.a(libc_a-mprec.o)
                0x08009fc4                __copybits
 .text.__any_on
                0x0800a00a       0x42 D:/gcc-arm/14.3 rel1/bin/../lib/gcc/arm-none-eabi/14.3.1/../../../../arm-none-eabi/lib/thumb/v7-m/nofp\libc_nano.a(libc_a-mprec.o)
                0x0800a00a                __any_on
 .text.sulp     0x0800a04c       0x42 D:/gcc-arm/14.3 rel1/bin/../lib/gcc/arm-none-eabi/14.3.1/../../../../arm-none-eabi/lib/thumb/v7-m/nofp\libc_nano.a(libc_a-strtod.o)
 *fill*         0x0800a08e        0x2 
 .text._strtod_l
                0x0800a090      0xba8 D:/gcc-arm/14.3 rel1/bin/../lib/gcc/arm-none-eabi/14.3.1/../../../../arm-none-eabi/lib/thumb/v7-m/nofp\libc_nano.a(libc_a-strtod.o)
                0x0800a090                _strtod_l
 .text._strtod_r
                0x0800ac38        0xc D:/gcc-arm/14.3 rel1/bin/../lib/gcc/arm-none-eabi/14.3.1/../../../../arm-none-eabi/lib/thumb/v7-m/nofp\libc_nano.a(libc_a-strtod.o)
                0x0800ac38                _strtod_r
 .text._strtol_l.isra.0
                0x0800ac44       0xf4 D:/gcc-arm/14.3 rel1/bin/../lib/gcc/arm-none-eabi/14.3.1/../../../../arm-none-eabi/lib/thumb/v7-m/nofp\libc_nano.a(libc_a-strtol.o)
 .text._strtol_r
                0x0800ad38        0x4 D:/gcc-arm/14.3 rel1/bin/../lib/gcc/arm-none-eabi/14.3.1/../../../../arm-none-eabi/lib/thumb/v7-m/nofp\libc_nano.a(libc_a-strtol.o)
                0x0800ad38                _strtol_r
 .text.__ssputs_r
                0x0800ad3c       0xc0 D:/gcc-arm/14.3 rel1/bin/../lib/gcc/arm-none-eabi/14.3.1/../../../../arm-none-eabi/lib/thumb/v7-m/nofp\libc_nano.a(libc_a-nano-svfprintf.o)
                0x0800ad3c                __ssputs_r
 .text._svfprintf_r
                0x0800adfc      0x1f0 D:/gcc-arm/14.3 rel1/bin/../lib/gcc/arm-none-eabi/14.3.1/../../../../arm-none-eabi/lib/thumb/v7-m/nofp\libc_nano.a(libc_a-nano-svfprintf.o)
                0x0800adfc                _svfiprintf_r
                0x0800adfc                _svfprintf_r
 .text.__sflush_r
                0x0800afec       0xfc D:/gcc-arm/14.3 rel1/bin/../lib/gcc/arm-none-eabi/14.3.1/../../../../arm-none-eabi/lib/thumb/v7-m/nofp\libc_nano.a(libc_a-fflush.o)
                0x0800afec                __sflush_r
 .text._fflush_r
                0x0800b0e8       0x50 D:/gcc-arm/14.3 rel1/bin/../lib/gcc/arm-none-eabi/14.3.1/../../../../arm-none-eabi/lib/thumb/v7-m/nofp\libc_nano.a(libc_a-fflush.o)
                0x0800b0e8                _fflush_r
 .text.memmove  0x0800b138       0x32 D:/gcc-arm/14.3 rel1/bin/../lib/gcc/arm-none-eabi/14.3.1/../../../../arm-none-eabi/lib/thumb/v7-m/nofp\libc_nano.a(libc_a-memmove.o)
                0x0800b138                memmove
 .text.strncmp  0x0800b16a       0x24 D:/gcc-arm/14.3 rel1/bin/../lib/gcc/arm-none-eabi/14.3.1/../../../../arm-none-eabi/lib/thumb/v7-m/nofp\libc_nano.a(libc_a-strncmp.o)
                0x0800b16a                strncmp
 *fill*         0x0800b18e        0x2 
 .text._sbrk_r  0x0800b190       0x20 D:/gcc-arm/14.3 rel1/bin/../lib/gcc/arm-none-eabi/14.3.1/../../../../arm-none-eabi/lib/thumb/v7-m/nofp\libc_nano.a(libc_a-sbrkr.o)
                0x0800b190                _sbrk_r
 .text.nan      0x0800b1b0        0xc D:/gcc-arm/14.3 rel1/bin/../lib/gcc/arm-none-eabi/14.3.1/../../../../arm-none-eabi/lib/thumb/v7-m/nofp\libc_nano.a(libm_a-s_nan.o)
                0x0800b1b0                nan
 .text.__assert_func
                0x0800b1bc       0x3c D:/gcc-arm/14.3 rel1/bin/../lib/gcc/arm-none-eabi/14.3.1/../../../../arm-none-eabi/lib/thumb/v7-m/nofp\libc_nano.a(libc_a-assert.o)
                0x0800b1bc                __assert_func
 .text._calloc_r
                0x0800b1f8       0x28 D:/gcc-arm/14.3 rel1/bin/../lib/gcc/arm-none-eabi/14.3.1/../../../../arm-none-eabi/lib/thumb/v7-m/nofp\libc_nano.a(libc_a-callocr.o)
                0x0800b1f8                _calloc_r
 .text.rshift   0x0800b220       0xa6 D:/gcc-arm/14.3 rel1/bin/../lib/gcc/arm-none-eabi/14.3.1/../../../../arm-none-eabi/lib/thumb/v7-m/nofp\libc_nano.a(libc_a-gdtoa-gethex.o)
 .text.__hexdig_fun
                0x0800b2c6       0x2a D:/gcc-arm/14.3 rel1/bin/../lib/gcc/arm-none-eabi/14.3.1/../../../../arm-none-eabi/lib/thumb/v7-m/nofp\libc_nano.a(libc_a-gdtoa-gethex.o)
                0x0800b2c6                __hexdig_fun
 .text.__gethex
                0x0800b2f0      0x420 D:/gcc-arm/14.3 rel1/bin/../lib/gcc/arm-none-eabi/14.3.1/../../../../arm-none-eabi/lib/thumb/v7-m/nofp\libc_nano.a(libc_a-gdtoa-gethex.o)
                0x0800b2f0                __gethex
 .text.L_shift  0x0800b710       0x24 D:/gcc-arm/14.3 rel1/bin/../lib/gcc/arm-none-eabi/14.3.1/../../../../arm-none-eabi/lib/thumb/v7-m/nofp\libc_nano.a(libc_a-gdtoa-hexnan.o)
 .text.__match  0x0800b734       0x28 D:/gcc-arm/14.3 rel1/bin/../lib/gcc/arm-none-eabi/14.3.1/../../../../arm-none-eabi/lib/thumb/v7-m/nofp\libc_nano.a(libc_a-gdtoa-hexnan.o)
                0x0800b734                __match
 .text.__hexnan
                0x0800b75c      0x13a D:/gcc-arm/14.3 rel1/bin/../lib/gcc/arm-none-eabi/14.3.1/../../../../arm-none-eabi/lib/thumb/v7-m/nofp\libc_nano.a(libc_a-gdtoa-hexnan.o)
                0x0800b75c                __hexnan
 .text.__ascii_mbtowc
                0x0800b896       0x24 D:/gcc-arm/14.3 rel1/bin/../lib/gcc/arm-none-eabi/14.3.1/../../../../arm-none-eabi/lib/thumb/v7-m/nofp\libc_nano.a(libc_a-mbtowc_r.o)
                0x0800b896                __ascii_mbtowc
 .text._realloc_r
                0x0800b8ba       0x5c D:/gcc-arm/14.3 rel1/bin/../lib/gcc/arm-none-eabi/14.3.1/../../../../arm-none-eabi/lib/thumb/v7-m/nofp\libc_nano.a(libc_a-reallocr.o)
                0x0800b8ba                _realloc_r
 .text.__ascii_wctomb
                0x0800b916       0x1a D:/gcc-arm/14.3 rel1/bin/../lib/gcc/arm-none-eabi/14.3.1/../../../../arm-none-eabi/lib/thumb/v7-m/nofp\libc_nano.a(libc_a-wctomb_r.o)
                0x0800b916                __ascii_wctomb
 .text.fprintf  0x0800b930       0x24 D:/gcc-arm/14.3 rel1/bin/../lib/gcc/arm-none-eabi/14.3.1/../../../../arm-none-eabi/lib/thumb/v7-m/nofp\libc_nano.a(libc_a-fprintf.o)
                0x0800b930                fiprintf
                0x0800b930                fprintf
 .text.abort    0x0800b954        0xe D:/gcc-arm/14.3 rel1/bin/../lib/gcc/arm-none-eabi/14.3.1/../../../../arm-none-eabi/lib/thumb/v7-m/nofp\libc_nano.a(libc_a-abort.o)
                0x0800b954                abort
 .text._malloc_usable_size_r
                0x0800b962       0x10 D:/gcc-arm/14.3 rel1/bin/../lib/gcc/arm-none-eabi/14.3.1/../../../../arm-none-eabi/lib/thumb/v7-m/nofp\libc_nano.a(libc_a-msizer.o)
                0x0800b962                _malloc_usable_size_r
 .text.__sfputc_r
                0x0800b972       0x2a D:/gcc-arm/14.3 rel1/bin/../lib/gcc/arm-none-eabi/14.3.1/../../../../arm-none-eabi/lib/thumb/v7-m/nofp\libc_nano.a(libc_a-nano-vfprintf.o)
 .text.__sfputs_r
                0x0800b99c       0x24 D:/gcc-arm/14.3 rel1/bin/../lib/gcc/arm-none-eabi/14.3.1/../../../../arm-none-eabi/lib/thumb/v7-m/nofp\libc_nano.a(libc_a-nano-vfprintf.o)
                0x0800b99c                __sfputs_r
 .text._vfprintf_r
                0x0800b9c0      0x228 D:/gcc-arm/14.3 rel1/bin/../lib/gcc/arm-none-eabi/14.3.1/../../../../arm-none-eabi/lib/thumb/v7-m/nofp\libc_nano.a(libc_a-nano-vfprintf.o)
                0x0800b9c0                _vfprintf_r
                0x0800b9c0                _vfiprintf_r
 .text.__swbuf_r
                0x0800bbe8       0x7c D:/gcc-arm/14.3 rel1/bin/../lib/gcc/arm-none-eabi/14.3.1/../../../../arm-none-eabi/lib/thumb/v7-m/nofp\libc_nano.a(libc_a-wbuf.o)
                0x0800bbe8                __swbuf_r
 .text.__swsetup_r
                0x0800bc64       0xa8 D:/gcc-arm/14.3 rel1/bin/../lib/gcc/arm-none-eabi/14.3.1/../../../../arm-none-eabi/lib/thumb/v7-m/nofp\libc_nano.a(libc_a-wsetup.o)
                0x0800bc64                __swsetup_r
 .text._raise_r
                0x0800bd0c       0x50 D:/gcc-arm/14.3 rel1/bin/../lib/gcc/arm-none-eabi/14.3.1/../../../../arm-none-eabi/lib/thumb/v7-m/nofp\libc_nano.a(libc_a-signal.o)
                0x0800bd0c                _raise_r
 .text.raise    0x0800bd5c       0x10 D:/gcc-arm/14.3 rel1/bin/../lib/gcc/arm-none-eabi/14.3.1/../../../../arm-none-eabi/lib/thumb/v7-m/nofp\libc_nano.a(libc_a-signal.o)
                0x0800bd5c                raise
 .text._kill_r  0x0800bd6c       0x24 D:/gcc-arm/14.3 rel1/bin/../lib/gcc/arm-none-eabi/14.3.1/../../../../arm-none-eabi/lib/thumb/v7-m/nofp\libc_nano.a(libc_a-signalr.o)
                0x0800bd6c                _kill_r
 .text._getpid_r
                0x0800bd90        0x4 D:/gcc-arm/14.3 rel1/bin/../lib/gcc/arm-none-eabi/14.3.1/../../../../arm-none-eabi/lib/thumb/v7-m/nofp\libc_nano.a(libc_a-signalr.o)
                0x0800bd90                _getpid_r
 .text.__swhatbuf_r
                0x0800bd94       0x48 D:/gcc-arm/14.3 rel1/bin/../lib/gcc/arm-none-eabi/14.3.1/../../../../arm-none-eabi/lib/thumb/v7-m/nofp\libc_nano.a(libc_a-makebuf.o)
                0x0800bd94                __swhatbuf_r
 .text.__smakebuf_r
                0x0800bddc       0x72 D:/gcc-arm/14.3 rel1/bin/../lib/gcc/arm-none-eabi/14.3.1/../../../../arm-none-eabi/lib/thumb/v7-m/nofp\libc_nano.a(libc_a-makebuf.o)
                0x0800bddc                __smakebuf_r
 *fill*         0x0800be4e        0x2 
 .text._fstat_r
                0x0800be50       0x24 D:/gcc-arm/14.3 rel1/bin/../lib/gcc/arm-none-eabi/14.3.1/../../../../arm-none-eabi/lib/thumb/v7-m/nofp\libc_nano.a(libc_a-fstatr.o)
                0x0800be50                _fstat_r
 .text._isatty_r
                0x0800be74       0x20 D:/gcc-arm/14.3 rel1/bin/../lib/gcc/arm-none-eabi/14.3.1/../../../../arm-none-eabi/lib/thumb/v7-m/nofp\libc_nano.a(libc_a-isattyr.o)
                0x0800be74                _isatty_r
 .text.__fixdfdi
                0x0800be94       0x30 D:/gcc-arm/14.3 rel1/bin/../lib/gcc/arm-none-eabi/14.3.1/thumb/v7-m/nofp\libgcc.a(_fixdfdi.o)
                0x0800be94                __fixdfdi
                0x0800be94                __aeabi_d2lz
 .text.__fixunsdfdi
                0x0800bec4       0x3c D:/gcc-arm/14.3 rel1/bin/../lib/gcc/arm-none-eabi/14.3.1/thumb/v7-m/nofp\libgcc.a(_fixunsdfdi.o)
                0x0800bec4                __fixunsdfdi
                0x0800bec4                __aeabi_d2ulz
 *(.glue_7)
 .glue_7        0x0800bf00        0x0 linker stubs
 *(.glue_7t)
 .glue_7t       0x0800bf00        0x0 linker stubs
 *(.eh_frame)
 .eh_frame      0x0800bf00        0x0 D:/gcc-arm/14.3 rel1/bin/../lib/gcc/arm-none-eabi/14.3.1/thumb/v7-m/nofp/crtbegin.o
 *(.init)
 .init          0x0800bf00        0x4 D:/gcc-arm/14.3 rel1/bin/../lib/gcc/arm-none-eabi/14.3.1/thumb/v7-m/nofp/crti.o
                0x0800bf00                _init
 .init          0x0800bf04        0x8 D:/gcc-arm/14.3 rel1/bin/../lib/gcc/arm-none-eabi/14.3.1/thumb/v7-m/nofp/crtn.o
 *(.fini)
 .fini          0x0800bf0c        0x4 D:/gcc-arm/14.3 rel1/bin/../lib/gcc/arm-none-eabi/14.3.1/thumb/v7-m/nofp/crti.o
                0x0800bf0c                _fini
 .fini          0x0800bf10        0x8 D:/gcc-arm/14.3 rel1/bin/../lib/gcc/arm-none-eabi/14.3.1/thumb/v7-m/nofp/crtn.o
                0x0800bf18                        . = ALIGN (0x4)
                0x0800bf18                        _etext = .

.vfp11_veneer   0x0800bf18        0x0
 .vfp11_veneer  0x0800bf18        0x0 linker stubs

.v4_bx          0x0800bf18        0x0
 .v4_bx         0x0800bf18        0x0 linker stubs

.iplt           0x0800bf18        0x0
 .iplt          0x0800bf18        0x0 D:/gcc-arm/14.3 rel1/bin/../lib/gcc/arm-none-eabi/14.3.1/thumb/v7-m/nofp/crtbegin.o

.rodata         0x0800bf18      0x564
                0x0800bf18                        . = ALIGN (0x4)
 *(.rodata)
 *(.rodata*)
 .rodata.USBD_FS_ProductStrDescriptor.str1.4
                0x0800bf18       0xe4 build/usbd_desc.o
                                 0x16 (size before relaxing)
 .rodata.USBD_FS_ManufacturerStrDescriptor.str1.4
                0x0800bffc       0x13 build/usbd_desc.o
 .rodata.USBD_FS_ConfigStrDescriptor.str1.4
                0x0800bffc        0xb build/usbd_desc.o
 .rodata.USBD_FS_InterfaceStrDescriptor.str1.4
                0x0800bffc        0xe build/usbd_desc.o
 .rodata.aPredivFactorTable.0
                0x0800bffc        0x2 build/stm32f1xx_hal_rcc.o
 *fill*         0x0800bffe        0x2 
 .rodata.aPLLMULFactorTable.1
                0x0800c000       0x10 build/stm32f1xx_hal_rcc.o
 .rodata.APBPrescTable
                0x0800c010        0x8 build/system_stm32f1xx.o
                0x0800c010                APBPrescTable
 .rodata.AHBPrescTable
                0x0800c018       0x10 build/system_stm32f1xx.o
                0x0800c018                AHBPrescTable
 .rodata.vCreateReceiveDataTask.str1.4
                0x0800c028       0x18 build/ReceiveDataProcess.o
 .rodata.vParseReceivedDataPacket.str1.4
                0x0800c028       0x4c build/ReceiveDataProcess.o
 .rodata.str1.4
                0x0800c028        0xc build/freertos.o
 .rodata.defaultTask_attributes
                0x0800c028       0x24 build/freertos.o
                0x0800c028                defaultTask_attributes
 .rodata.vTaskStartScheduler.str1.4
                0x0800c04c        0x5 build/tasks.o
 .rodata.prvCheckForValidListAndQueue.str1.4
                0x0800c04c        0x5 build/timers.o
 .rodata.xTimerCreateTimerTask.str1.4
                0x0800c04c        0x8 build/timers.o
 .rodata.vCreateSendLogTask.str1.4
                0x0800c04c       0x14 build/SendLog.o
 .rodata._printf_float.str1.1
                0x0800c04c      0x1d9 D:/gcc-arm/14.3 rel1/bin/../lib/gcc/arm-none-eabi/14.3.1/../../../../arm-none-eabi/lib/thumb/v7-m/nofp\libc_nano.a(libc_a-nano-vfprintf_float.o)
                                 0x12 (size before relaxing)
 .rodata._printf_i.str1.1
                0x0800c225       0x22 D:/gcc-arm/14.3 rel1/bin/../lib/gcc/arm-none-eabi/14.3.1/../../../../arm-none-eabi/lib/thumb/v7-m/nofp\libc_nano.a(libc_a-nano-vfprintf_i.o)
 .rodata._scanf_float.str1.1
                0x0800c225        0x6 D:/gcc-arm/14.3 rel1/bin/../lib/gcc/arm-none-eabi/14.3.1/../../../../arm-none-eabi/lib/thumb/v7-m/nofp\libc_nano.a(libc_a-nano-vfscanf_float.o)
 .rodata._dtoa_r.str1.1
                0x0800c225       0x90 D:/gcc-arm/14.3 rel1/bin/../lib/gcc/arm-none-eabi/14.3.1/../../../../arm-none-eabi/lib/thumb/v7-m/nofp\libc_nano.a(libc_a-dtoa.o)
 .rodata._Balloc.str1.1
                0x0800c225       0x71 D:/gcc-arm/14.3 rel1/bin/../lib/gcc/arm-none-eabi/14.3.1/../../../../arm-none-eabi/lib/thumb/v7-m/nofp\libc_nano.a(libc_a-mprec.o)
 .rodata.__multadd.str1.1
                0x0800c225       0x11 D:/gcc-arm/14.3 rel1/bin/../lib/gcc/arm-none-eabi/14.3.1/../../../../arm-none-eabi/lib/thumb/v7-m/nofp\libc_nano.a(libc_a-mprec.o)
 *fill*         0x0800c225        0x3 
 .rodata.p05.0  0x0800c228        0xc D:/gcc-arm/14.3 rel1/bin/../lib/gcc/arm-none-eabi/14.3.1/../../../../arm-none-eabi/lib/thumb/v7-m/nofp\libc_nano.a(libc_a-mprec.o)
 *fill*         0x0800c234        0x4 
 .rodata.__mprec_bigtens
                0x0800c238       0x28 D:/gcc-arm/14.3 rel1/bin/../lib/gcc/arm-none-eabi/14.3.1/../../../../arm-none-eabi/lib/thumb/v7-m/nofp\libc_nano.a(libc_a-mprec.o)
                0x0800c238                __mprec_bigtens
 .rodata.__mprec_tens
                0x0800c260       0xc8 D:/gcc-arm/14.3 rel1/bin/../lib/gcc/arm-none-eabi/14.3.1/../../../../arm-none-eabi/lib/thumb/v7-m/nofp\libc_nano.a(libc_a-mprec.o)
                0x0800c260                __mprec_tens
 .rodata._strtod_l.str1.1
                0x0800c328        0xf D:/gcc-arm/14.3 rel1/bin/../lib/gcc/arm-none-eabi/14.3.1/../../../../arm-none-eabi/lib/thumb/v7-m/nofp\libc_nano.a(libc_a-strtod.o)
 .rodata.fpinan.0
                0x0800c328       0x14 D:/gcc-arm/14.3 rel1/bin/../lib/gcc/arm-none-eabi/14.3.1/../../../../arm-none-eabi/lib/thumb/v7-m/nofp\libc_nano.a(libc_a-strtod.o)
 .rodata.fpi.1  0x0800c33c       0x14 D:/gcc-arm/14.3 rel1/bin/../lib/gcc/arm-none-eabi/14.3.1/../../../../arm-none-eabi/lib/thumb/v7-m/nofp\libc_nano.a(libc_a-strtod.o)
 .rodata.tinytens
                0x0800c350       0x28 D:/gcc-arm/14.3 rel1/bin/../lib/gcc/arm-none-eabi/14.3.1/../../../../arm-none-eabi/lib/thumb/v7-m/nofp\libc_nano.a(libc_a-strtod.o)
 .rodata._ctype_
                0x0800c378      0x101 D:/gcc-arm/14.3 rel1/bin/../lib/gcc/arm-none-eabi/14.3.1/../../../../arm-none-eabi/lib/thumb/v7-m/nofp\libc_nano.a(libc_a-ctype_.o)
                0x0800c378                _ctype_
 .rodata._svfprintf_r.str1.1
                0x0800c479       0x11 D:/gcc-arm/14.3 rel1/bin/../lib/gcc/arm-none-eabi/14.3.1/../../../../arm-none-eabi/lib/thumb/v7-m/nofp\libc_nano.a(libc_a-nano-svfprintf.o)
 .rodata._setlocale_r.str1.1
                0x0800c479        0x9 D:/gcc-arm/14.3 rel1/bin/../lib/gcc/arm-none-eabi/14.3.1/../../../../arm-none-eabi/lib/thumb/v7-m/nofp\libc_nano.a(libc_a-locale.o)
 .rodata.str1.1
                0x0800c479        0x2 D:/gcc-arm/14.3 rel1/bin/../lib/gcc/arm-none-eabi/14.3.1/../../../../arm-none-eabi/lib/thumb/v7-m/nofp\libc_nano.a(libc_a-locale.o)
 .rodata.__assert_func.str1.1
                0x0800c479       0x3d D:/gcc-arm/14.3 rel1/bin/../lib/gcc/arm-none-eabi/14.3.1/../../../../arm-none-eabi/lib/thumb/v7-m/nofp\libc_nano.a(libc_a-assert.o)
 .rodata.__gethex.str1.1
                0x0800c479       0x74 D:/gcc-arm/14.3 rel1/bin/../lib/gcc/arm-none-eabi/14.3.1/../../../../arm-none-eabi/lib/thumb/v7-m/nofp\libc_nano.a(libc_a-gdtoa-gethex.o)
 .rodata._vfprintf_r.str1.1
                0x0800c479       0x11 D:/gcc-arm/14.3 rel1/bin/../lib/gcc/arm-none-eabi/14.3.1/../../../../arm-none-eabi/lib/thumb/v7-m/nofp\libc_nano.a(libc_a-nano-vfprintf.o)
                0x0800c4f0                        . = ALIGN (0x4)
 *fill*         0x0800c479        0x3 

.ARM.extab      0x0800c47c        0x0
                0x0800c47c                        . = ALIGN (0x4)
 *(.ARM.extab* .gnu.linkonce.armextab.*)
                0x0800c47c                        . = ALIGN (0x4)

.ARM            0x0800c47c        0x8
                0x0800c47c                        . = ALIGN (0x4)
                0x0800c47c                        __exidx_start = .
 *(.ARM.exidx*)
 .ARM.exidx     0x0800c47c        0x8 D:/gcc-arm/14.3 rel1/bin/../lib/gcc/arm-none-eabi/14.3.1/../../../../arm-none-eabi/lib/thumb/v7-m/nofp\libc_nano.a(libc_a-strlen.o)
                0x0800c484                        __exidx_end = .
                0x0800c484                        . = ALIGN (0x4)

.preinit_array  0x0800c484        0x0
                0x0800c484                        . = ALIGN (0x4)
                0x0800c484                        PROVIDE (__preinit_array_start = .)
 *(.preinit_array*)
                0x0800c484                        PROVIDE (__preinit_array_end = .)
                0x0800c484                        . = ALIGN (0x4)

.init_array     0x0800c484        0x4
                0x0800c484                        . = ALIGN (0x4)
                0x0800c484                        PROVIDE (__init_array_start = .)
 *(SORT_BY_NAME(.init_array.*))
 *(.init_array*)
 .init_array    0x0800c484        0x4 D:/gcc-arm/14.3 rel1/bin/../lib/gcc/arm-none-eabi/14.3.1/thumb/v7-m/nofp/crtbegin.o
                0x0800c488                        PROVIDE (__init_array_end = .)
                0x0800c488                        . = ALIGN (0x4)

.fini_array     0x0800c488        0x4
                0x0800c488                        . = ALIGN (0x4)
                [!provide]                        PROVIDE (__fini_array_start = .)
 *(SORT_BY_NAME(.fini_array.*))
 *(.fini_array*)
 .fini_array    0x0800c488        0x4 D:/gcc-arm/14.3 rel1/bin/../lib/gcc/arm-none-eabi/14.3.1/thumb/v7-m/nofp/crtbegin.o
                [!provide]                        PROVIDE (__fini_array_end = .)
                0x0800c48c                        . = ALIGN (0x4)
                0x0800c48c                        _sidata = LOADADDR (.data)

.rel.dyn        0x0800c48c        0x0
 .rel.iplt      0x0800c48c        0x0 D:/gcc-arm/14.3 rel1/bin/../lib/gcc/arm-none-eabi/14.3.1/thumb/v7-m/nofp/crtbegin.o

.data           0x20000000      0x348 load address 0x0800c48c
                0x20000000                        . = ALIGN (0x4)
                0x20000000                        _sdata = .
 *(.data)
 *(.data*)
 .data.USBD_StringSerial
                0x20000000       0x1a build/usbd_desc.o
                0x20000000                USBD_StringSerial
 *fill*         0x2000001a        0x2 
 .data.USBD_LangIDDesc
                0x2000001c        0x4 build/usbd_desc.o
                0x2000001c                USBD_LangIDDesc
 .data.USBD_FS_DeviceDesc
                0x20000020       0x12 build/usbd_desc.o
                0x20000020                USBD_FS_DeviceDesc
 *fill*         0x20000032        0x2 
 .data.FS_Desc  0x20000034       0x1c build/usbd_desc.o
                0x20000034                FS_Desc
 .data.USBD_Interface_fops_FS
                0x20000050       0x10 build/usbd_cdc_if.o
                0x20000050                USBD_Interface_fops_FS
 .data.uwTickFreq
                0x20000060        0x1 build/stm32f1xx_hal.o
                0x20000060                uwTickFreq
 *fill*         0x20000061        0x3 
 .data.uwTickPrio
                0x20000064        0x4 build/stm32f1xx_hal.o
                0x20000064                uwTickPrio
 .data.SystemCoreClock
                0x20000068        0x4 build/system_stm32f1xx.o
                0x20000068                SystemCoreClock
 .data.USBD_CDC_OtherSpeedCfgDesc
                0x2000006c       0x43 build/usbd_cdc.o
                0x2000006c                USBD_CDC_OtherSpeedCfgDesc
 *fill*         0x200000af        0x1 
 .data.USBD_CDC_CfgFSDesc
                0x200000b0       0x43 build/usbd_cdc.o
                0x200000b0                USBD_CDC_CfgFSDesc
 *fill*         0x200000f3        0x1 
 .data.USBD_CDC_CfgHSDesc
                0x200000f4       0x43 build/usbd_cdc.o
                0x200000f4                USBD_CDC_CfgHSDesc
 *fill*         0x20000137        0x1 
 .data.USBD_CDC
                0x20000138       0x38 build/usbd_cdc.o
                0x20000138                USBD_CDC
 .data.USBD_CDC_DeviceQualifierDesc
                0x20000170        0xa build/usbd_cdc.o
 *fill*         0x2000017a        0x2 
 .data.uxCriticalNesting
                0x2000017c        0x4 build/port.o
 .data.__sglue  0x20000180        0xc D:/gcc-arm/14.3 rel1/bin/../lib/gcc/arm-none-eabi/14.3.1/../../../../arm-none-eabi/lib/thumb/v7-m/nofp\libc_nano.a(libc_a-findfp.o)
                0x20000180                __sglue
 .data._impure_ptr
                0x2000018c        0x4 D:/gcc-arm/14.3 rel1/bin/../lib/gcc/arm-none-eabi/14.3.1/../../../../arm-none-eabi/lib/thumb/v7-m/nofp\libc_nano.a(libc_a-impure.o)
                0x2000018c                _impure_ptr
 .data._impure_data
                0x20000190       0x4c D:/gcc-arm/14.3 rel1/bin/../lib/gcc/arm-none-eabi/14.3.1/../../../../arm-none-eabi/lib/thumb/v7-m/nofp\libc_nano.a(libc_a-impure.o)
                0x20000190                _impure_data
 .data.__global_locale
                0x200001dc      0x16c D:/gcc-arm/14.3 rel1/bin/../lib/gcc/arm-none-eabi/14.3.1/../../../../arm-none-eabi/lib/thumb/v7-m/nofp\libc_nano.a(libc_a-locale.o)
                0x200001dc                __global_locale
 *(.RamFunc)
 *(.RamFunc*)
                0x20000348                        . = ALIGN (0x4)
                0x20000348                        _edata = .

.tm_clone_table
                0x20000348        0x0 load address 0x0800c7d4
 .tm_clone_table
                0x20000348        0x0 D:/gcc-arm/14.3 rel1/bin/../lib/gcc/arm-none-eabi/14.3.1/thumb/v7-m/nofp/crtbegin.o
 .tm_clone_table
                0x20000348        0x0 D:/gcc-arm/14.3 rel1/bin/../lib/gcc/arm-none-eabi/14.3.1/thumb/v7-m/nofp/crtend.o

.igot.plt       0x20000348        0x0 load address 0x0800c7d4
 .igot.plt      0x20000348        0x0 D:/gcc-arm/14.3 rel1/bin/../lib/gcc/arm-none-eabi/14.3.1/thumb/v7-m/nofp/crtbegin.o
                0x20000348                        . = ALIGN (0x4)

.bss            0x20000348     0x51e0 load address 0x0800c7d4
                0x20000348                        _sbss = .
                0x20000348                        __bss_start__ = _sbss
 *(.bss)
 *(.bss*)
 .bss.completed.1
                0x20000348        0x1 D:/gcc-arm/14.3 rel1/bin/../lib/gcc/arm-none-eabi/14.3.1/thumb/v7-m/nofp/crtbegin.o
 *fill*         0x20000349        0x3 
 .bss.object.0  0x2000034c       0x18 D:/gcc-arm/14.3 rel1/bin/../lib/gcc/arm-none-eabi/14.3.1/thumb/v7-m/nofp/crtbegin.o
 .bss.hUsbDeviceFS
                0x20000364      0x2c4 build/usb_device.o
                0x20000364                hUsbDeviceFS
 .bss.USBD_StrDesc
                0x20000628      0x200 build/usbd_desc.o
                0x20000628                USBD_StrDesc
 .bss.UserTxBufferFS
                0x20000828      0x800 build/usbd_cdc_if.o
                0x20000828                UserTxBufferFS
 .bss.UserRxBufferFS
                0x20001028      0x800 build/usbd_cdc_if.o
                0x20001028                UserRxBufferFS
 .bss.mem.0     0x20001828      0x220 build/usbd_conf.o
 .bss.hpcd_USB_FS
                0x20001a48      0x2d8 build/usbd_conf.o
                0x20001a48                hpcd_USB_FS
 .bss.uwTick    0x20001d20        0x4 build/stm32f1xx_hal.o
                0x20001d20                uwTick
 .bss.cfgidx.0  0x20001d24        0x1 build/usbd_ctlreq.o
 *fill*         0x20001d25        0x3 
 .bss.__sbrk_heap_end
                0x20001d28        0x4 build/sysmem.o
 .bss.parsedDataPacket
                0x20001d2c       0x40 build/ReceiveDataProcess.o
                0x20001d2c                parsedDataPacket
 .bss.xHigherPriorityTaskWoken
                0x20001d6c        0x4 build/ReceiveDataProcess.o
                0x20001d6c                xHigherPriorityTaskWoken
 .bss.dataPacket
                0x20001d70       0x42 build/ReceiveDataProcess.o
                0x20001d70                dataPacket
 *fill*         0x20001db2        0x2 
 .bss.xReceiveDataQueue
                0x20001db4        0x4 build/ReceiveDataProcess.o
                0x20001db4                xReceiveDataQueue
 .bss.xCreateReceiveDataTaskHandle
                0x20001db8        0x4 build/ReceiveDataProcess.o
                0x20001db8                xCreateReceiveDataTaskHandle
 .bss.xCreateReceiveDataTaskReturned
                0x20001dbc        0x4 build/ReceiveDataProcess.o
                0x20001dbc                xCreateReceiveDataTaskReturned
 .bss.hdma_adc1
                0x20001dc0       0x44 build/adc.o
                0x20001dc0                hdma_adc1
 .bss.hadc1     0x20001e04       0x30 build/adc.o
                0x20001e04                hadc1
 .bss.defaultTaskHandle
                0x20001e34        0x4 build/freertos.o
                0x20001e34                defaultTaskHandle
 .bss.htim6     0x20001e38       0x48 build/stm32f1xx_hal_timebase_tim.o
                0x20001e38                htim6
 .bss.xQueueRegistry
                0x20001e80       0x40 build/queue.o
                0x20001e80                xQueueRegistry
 .bss.uxSchedulerSuspended
                0x20001ec0        0x4 build/tasks.o
 .bss.xIdleTaskHandle
                0x20001ec4        0x4 build/tasks.o
 .bss.xNextTaskUnblockTime
                0x20001ec8        0x4 build/tasks.o
 .bss.uxTaskNumber
                0x20001ecc        0x4 build/tasks.o
 .bss.xNumOfOverflows
                0x20001ed0        0x4 build/tasks.o
 .bss.xYieldPending
                0x20001ed4        0x4 build/tasks.o
 .bss.xPendedTicks
                0x20001ed8        0x4 build/tasks.o
 .bss.xSchedulerRunning
                0x20001edc        0x4 build/tasks.o
 .bss.uxTopReadyPriority
                0x20001ee0        0x4 build/tasks.o
 .bss.xTickCount
                0x20001ee4        0x4 build/tasks.o
 .bss.uxCurrentNumberOfTasks
                0x20001ee8        0x4 build/tasks.o
 .bss.xSuspendedTaskList
                0x20001eec       0x14 build/tasks.o
 .bss.uxDeletedTasksWaitingCleanUp
                0x20001f00        0x4 build/tasks.o
 .bss.xTasksWaitingTermination
                0x20001f04       0x14 build/tasks.o
 .bss.xPendingReadyList
                0x20001f18       0x14 build/tasks.o
 .bss.pxOverflowDelayedTaskList
                0x20001f2c        0x4 build/tasks.o
 .bss.pxDelayedTaskList
                0x20001f30        0x4 build/tasks.o
 .bss.xDelayedTaskList2
                0x20001f34       0x14 build/tasks.o
 .bss.xDelayedTaskList1
                0x20001f48       0x14 build/tasks.o
 .bss.pxReadyTasksLists
                0x20001f5c      0x460 build/tasks.o
 .bss.pxCurrentTCB
                0x200023bc        0x4 build/tasks.o
                0x200023bc                pxCurrentTCB
 .bss.xStaticTimerQueue.0
                0x200023c0       0x50 build/timers.o
 .bss.ucStaticTimerQueueStorage.1
                0x20002410       0xa0 build/timers.o
 .bss.xLastTime.2
                0x200024b0        0x4 build/timers.o
 .bss.xTimerTaskHandle
                0x200024b4        0x4 build/timers.o
 .bss.xTimerQueue
                0x200024b8        0x4 build/timers.o
 .bss.pxOverflowTimerList
                0x200024bc        0x4 build/timers.o
 .bss.pxCurrentTimerList
                0x200024c0        0x4 build/timers.o
 .bss.xActiveTimerList2
                0x200024c4       0x14 build/timers.o
 .bss.xActiveTimerList1
                0x200024d8       0x14 build/timers.o
 .bss.Timer_Stack.0
                0x200024ec      0x400 build/cmsis_os2.o
 .bss.Timer_TCB.1
                0x200028ec       0x5c build/cmsis_os2.o
 .bss.Idle_Stack.2
                0x20002948      0x200 build/cmsis_os2.o
 .bss.Idle_TCB.3
                0x20002b48       0x5c build/cmsis_os2.o
 .bss.KernelState
                0x20002ba4        0x4 build/cmsis_os2.o
 .bss.xBlockAllocatedBit
                0x20002ba8        0x4 build/heap_4.o
 .bss.xNumberOfSuccessfulFrees
                0x20002bac        0x4 build/heap_4.o
 .bss.xNumberOfSuccessfulAllocations
                0x20002bb0        0x4 build/heap_4.o
 .bss.xMinimumEverFreeBytesRemaining
                0x20002bb4        0x4 build/heap_4.o
 .bss.xFreeBytesRemaining
                0x20002bb8        0x4 build/heap_4.o
 .bss.pxEnd     0x20002bbc        0x4 build/heap_4.o
 .bss.xStart    0x20002bc0        0x8 build/heap_4.o
 .bss.ucHeap    0x20002bc8     0x2800 build/heap_4.o
 .bss.ulMaxPRIGROUPValue
                0x200053c8        0x4 build/port.o
 .bss.ucMaxSysCallPriority
                0x200053cc        0x1 build/port.o
 *fill*         0x200053cd        0x3 
 .bss.xReceiveLogQueue
                0x200053d0        0x4 build/SendLog.o
                0x200053d0                xReceiveLogQueue
 .bss.xCreateSendLogTaskHandle
                0x200053d4        0x4 build/SendLog.o
                0x200053d4                xCreateSendLogTaskHandle
 .bss.xCreateSendLogTaskReturned
                0x200053d8        0x4 build/SendLog.o
                0x200053d8                xCreateSendLogTaskReturned
 .bss.__sf      0x200053dc      0x138 D:/gcc-arm/14.3 rel1/bin/../lib/gcc/arm-none-eabi/14.3.1/../../../../arm-none-eabi/lib/thumb/v7-m/nofp\libc_nano.a(libc_a-findfp.o)
                0x200053dc                __sf
 .bss.__stdio_exit_handler
                0x20005514        0x4 D:/gcc-arm/14.3 rel1/bin/../lib/gcc/arm-none-eabi/14.3.1/../../../../arm-none-eabi/lib/thumb/v7-m/nofp\libc_nano.a(libc_a-findfp.o)
                0x20005514                __stdio_exit_handler
 .bss.errno     0x20005518        0x4 D:/gcc-arm/14.3 rel1/bin/../lib/gcc/arm-none-eabi/14.3.1/../../../../arm-none-eabi/lib/thumb/v7-m/nofp\libc_nano.a(libc_a-reent.o)
                0x20005518                errno
 .bss.__lock___malloc_recursive_mutex
                0x2000551c        0x1 D:/gcc-arm/14.3 rel1/bin/../lib/gcc/arm-none-eabi/14.3.1/../../../../arm-none-eabi/lib/thumb/v7-m/nofp\libc_nano.a(libc_a-lock.o)
                0x2000551c                __lock___malloc_recursive_mutex
 .bss.__lock___sfp_recursive_mutex
                0x2000551d        0x1 D:/gcc-arm/14.3 rel1/bin/../lib/gcc/arm-none-eabi/14.3.1/../../../../arm-none-eabi/lib/thumb/v7-m/nofp\libc_nano.a(libc_a-lock.o)
                0x2000551d                __lock___sfp_recursive_mutex
 *fill*         0x2000551e        0x2 
 .bss.__malloc_sbrk_start
                0x20005520        0x4 D:/gcc-arm/14.3 rel1/bin/../lib/gcc/arm-none-eabi/14.3.1/../../../../arm-none-eabi/lib/thumb/v7-m/nofp\libc_nano.a(libc_a-mallocr.o)
                0x20005520                __malloc_sbrk_start
 .bss.__malloc_free_list
                0x20005524        0x4 D:/gcc-arm/14.3 rel1/bin/../lib/gcc/arm-none-eabi/14.3.1/../../../../arm-none-eabi/lib/thumb/v7-m/nofp\libc_nano.a(libc_a-mallocr.o)
                0x20005524                __malloc_free_list
 *(COMMON)
                0x20005528                        . = ALIGN (0x4)
                0x20005528                        _ebss = .
                0x20005528                        __bss_end__ = _ebss

._user_heap_stack
                0x20005528     0x2000 load address 0x0800c7d4
                0x20005528                        . = ALIGN (0x8)
                [!provide]                        PROVIDE (end = .)
                0x20005528                        PROVIDE (_end = .)