ARM GAS  C:\Users\Administrator\AppData\Local\Temp\ccKxpFFZ.s 			page 1


   1              		.cpu cortex-m3
   2              		.arch armv7-m
   3              		.fpu softvfp
   4              		.eabi_attribute 20, 1
   5              		.eabi_attribute 21, 1
   6              		.eabi_attribute 23, 3
   7              		.eabi_attribute 24, 1
   8              		.eabi_attribute 25, 1
   9              		.eabi_attribute 26, 1
  10              		.eabi_attribute 30, 1
  11              		.eabi_attribute 34, 1
  12              		.eabi_attribute 18, 4
  13              		.file	"HWCIDri.c"
  14              		.text
  15              	.Ltext0:
  16              		.cfi_sections	.debug_frame
  17              		.file 1 "UserDriver/Source/HWCIDri.c"
  18              		.section	.text.VDDSwitch,"ax",%progbits
  19              		.align	1
  20              		.global	VDDSwitch
  21              		.syntax unified
  22              		.thumb
  23              		.thumb_func
  25              	VDDSwitch:
  26              	.LVL0:
  27              	.LFB75:
   1:UserDriver/Source/HWCIDri.c **** /*
   2:UserDriver/Source/HWCIDri.c **** 
   3:UserDriver/Source/HWCIDri.c **** 硬件电路配置文件
   4:UserDriver/Source/HWCIDri.c **** 
   5:UserDriver/Source/HWCIDri.c **** */
   6:UserDriver/Source/HWCIDri.c **** #include "HWCIDri.h"
   7:UserDriver/Source/HWCIDri.c **** 
   8:UserDriver/Source/HWCIDri.c **** 
   9:UserDriver/Source/HWCIDri.c **** /**
  10:UserDriver/Source/HWCIDri.c ****  * @函数名称       控制ESL的VDD开关
  11:UserDriver/Source/HWCIDri.c ****  * @说明           VDDStates:传入需要的VDD状态
  12:UserDriver/Source/HWCIDri.c ****  */
  13:UserDriver/Source/HWCIDri.c **** void VDDSwitch(uint8_t VDDStates)
  14:UserDriver/Source/HWCIDri.c **** {
  28              		.loc 1 14 1 view -0
  29              		.cfi_startproc
  30              		@ args = 0, pretend = 0, frame = 0
  31              		@ frame_needed = 0, uses_anonymous_args = 0
  32              		.loc 1 14 1 is_stmt 0 view .LVU1
  33 0000 10B5     		push	{r4, lr}
  34              	.LCFI0:
  35              		.cfi_def_cfa_offset 8
  36              		.cfi_offset 4, -8
  37              		.cfi_offset 14, -4
  38 0002 0446     		mov	r4, r0
  15:UserDriver/Source/HWCIDri.c ****     //打开VDD
  16:UserDriver/Source/HWCIDri.c ****     if (VDDStates == VDDON) HAL_GPIO_WritePin(VDDSwitchGPIOX, VDDSwitchPINX, GPIO_PIN_RESET);
  39              		.loc 1 16 5 is_stmt 1 view .LVU2
  40              		.loc 1 16 8 is_stmt 0 view .LVU3
  41 0004 0128     		cmp	r0, #1
  42 0006 01D0     		beq	.L5
ARM GAS  C:\Users\Administrator\AppData\Local\Temp\ccKxpFFZ.s 			page 2


  43              	.LVL1:
  44              	.L2:
  17:UserDriver/Source/HWCIDri.c ****     //关闭VDD
  18:UserDriver/Source/HWCIDri.c ****     if (VDDStates == VDDOFF) HAL_GPIO_WritePin(VDDSwitchGPIOX, VDDSwitchPINX, GPIO_PIN_SET);
  45              		.loc 1 18 5 is_stmt 1 view .LVU4
  46              		.loc 1 18 8 is_stmt 0 view .LVU5
  47 0008 34B1     		cbz	r4, .L6
  48              	.L1:
  19:UserDriver/Source/HWCIDri.c **** }
  49              		.loc 1 19 1 view .LVU6
  50 000a 10BD     		pop	{r4, pc}
  51              	.LVL2:
  52              	.L5:
  16:UserDriver/Source/HWCIDri.c ****     //关闭VDD
  53              		.loc 1 16 29 is_stmt 1 discriminator 1 view .LVU7
  54 000c 0022     		movs	r2, #0
  55 000e 0121     		movs	r1, #1
  56 0010 0448     		ldr	r0, .L7
  57              	.LVL3:
  16:UserDriver/Source/HWCIDri.c ****     //关闭VDD
  58              		.loc 1 16 29 is_stmt 0 discriminator 1 view .LVU8
  59 0012 FFF7FEFF 		bl	HAL_GPIO_WritePin
  60              	.LVL4:
  61 0016 F7E7     		b	.L2
  62              	.L6:
  18:UserDriver/Source/HWCIDri.c **** }
  63              		.loc 1 18 30 is_stmt 1 discriminator 1 view .LVU9
  64 0018 0122     		movs	r2, #1
  65 001a 1146     		mov	r1, r2
  66 001c 0148     		ldr	r0, .L7
  67 001e FFF7FEFF 		bl	HAL_GPIO_WritePin
  68              	.LVL5:
  69              		.loc 1 19 1 is_stmt 0 view .LVU10
  70 0022 F2E7     		b	.L1
  71              	.L8:
  72              		.align	2
  73              	.L7:
  74 0024 00080140 		.word	1073809408
  75              		.cfi_endproc
  76              	.LFE75:
  78              		.section	.text.LVSwitch,"ax",%progbits
  79              		.align	1
  80              		.global	LVSwitch
  81              		.syntax unified
  82              		.thumb
  83              		.thumb_func
  85              	LVSwitch:
  86              	.LVL6:
  87              	.LFB76:
  20:UserDriver/Source/HWCIDri.c **** 
  21:UserDriver/Source/HWCIDri.c **** /**
  22:UserDriver/Source/HWCIDri.c ****  * @函数名称       电平转换芯片的使能
  23:UserDriver/Source/HWCIDri.c ****  * @说明           LVSwitch:传入需要的LV状态
  24:UserDriver/Source/HWCIDri.c ****  */
  25:UserDriver/Source/HWCIDri.c **** void LVSwitch(uint8_t LVSwitch)
  26:UserDriver/Source/HWCIDri.c **** {
  88              		.loc 1 26 1 is_stmt 1 view -0
ARM GAS  C:\Users\Administrator\AppData\Local\Temp\ccKxpFFZ.s 			page 3


  89              		.cfi_startproc
  90              		@ args = 0, pretend = 0, frame = 0
  91              		@ frame_needed = 0, uses_anonymous_args = 0
  92              		.loc 1 26 1 is_stmt 0 view .LVU12
  93 0000 10B5     		push	{r4, lr}
  94              	.LCFI1:
  95              		.cfi_def_cfa_offset 8
  96              		.cfi_offset 4, -8
  97              		.cfi_offset 14, -4
  98 0002 0446     		mov	r4, r0
  27:UserDriver/Source/HWCIDri.c ****     //打开LV
  28:UserDriver/Source/HWCIDri.c ****     if (LVSwitch == LVON) HAL_GPIO_WritePin(LVSwitchGPIOX, LVSwitchPINX, GPIO_PIN_SET);
  99              		.loc 1 28 5 is_stmt 1 view .LVU13
 100              		.loc 1 28 8 is_stmt 0 view .LVU14
 101 0004 0128     		cmp	r0, #1
 102 0006 01D0     		beq	.L13
 103              	.LVL7:
 104              	.L10:
  29:UserDriver/Source/HWCIDri.c ****     //关闭LV
  30:UserDriver/Source/HWCIDri.c ****     if (LVSwitch == LVOFF) HAL_GPIO_WritePin(LVSwitchGPIOX, LVSwitchPINX, GPIO_PIN_RESET);
 105              		.loc 1 30 5 is_stmt 1 view .LVU15
 106              		.loc 1 30 8 is_stmt 0 view .LVU16
 107 0008 3CB1     		cbz	r4, .L14
 108              	.L9:
  31:UserDriver/Source/HWCIDri.c **** }
 109              		.loc 1 31 1 view .LVU17
 110 000a 10BD     		pop	{r4, pc}
 111              	.LVL8:
 112              	.L13:
  28:UserDriver/Source/HWCIDri.c ****     //关闭LV
 113              		.loc 1 28 27 is_stmt 1 discriminator 1 view .LVU18
 114 000c 0122     		movs	r2, #1
 115 000e 4FF40051 		mov	r1, #8192
 116 0012 0548     		ldr	r0, .L15
 117              	.LVL9:
  28:UserDriver/Source/HWCIDri.c ****     //关闭LV
 118              		.loc 1 28 27 is_stmt 0 discriminator 1 view .LVU19
 119 0014 FFF7FEFF 		bl	HAL_GPIO_WritePin
 120              	.LVL10:
 121 0018 F6E7     		b	.L10
 122              	.L14:
  30:UserDriver/Source/HWCIDri.c **** }
 123              		.loc 1 30 28 is_stmt 1 discriminator 1 view .LVU20
 124 001a 0022     		movs	r2, #0
 125 001c 4FF40051 		mov	r1, #8192
 126 0020 0148     		ldr	r0, .L15
 127 0022 FFF7FEFF 		bl	HAL_GPIO_WritePin
 128              	.LVL11:
 129              		.loc 1 31 1 is_stmt 0 view .LVU21
 130 0026 F0E7     		b	.L9
 131              	.L16:
 132              		.align	2
 133              	.L15:
 134 0028 00100140 		.word	1073811456
 135              		.cfi_endproc
 136              	.LFE76:
 138              		.section	.text.SelectInductor,"ax",%progbits
ARM GAS  C:\Users\Administrator\AppData\Local\Temp\ccKxpFFZ.s 			page 4


 139              		.align	1
 140              		.global	SelectInductor
 141              		.syntax unified
 142              		.thumb
 143              		.thumb_func
 145              	SelectInductor:
 146              	.LVL12:
 147              	.LFB77:
  32:UserDriver/Source/HWCIDri.c **** 
  33:UserDriver/Source/HWCIDri.c **** /**
  34:UserDriver/Source/HWCIDri.c ****  * @函数名称       选择电感
  35:UserDriver/Source/HWCIDri.c ****  * @说明           InductorParameter:电感参数
  36:UserDriver/Source/HWCIDri.c ****  */
  37:UserDriver/Source/HWCIDri.c **** void SelectInductor(uint8_t InductorParameter)
  38:UserDriver/Source/HWCIDri.c **** {
 148              		.loc 1 38 1 is_stmt 1 view -0
 149              		.cfi_startproc
 150              		@ args = 0, pretend = 0, frame = 0
 151              		@ frame_needed = 0, uses_anonymous_args = 0
 152              		.loc 1 38 1 is_stmt 0 view .LVU23
 153 0000 38B5     		push	{r3, r4, r5, lr}
 154              	.LCFI2:
 155              		.cfi_def_cfa_offset 16
 156              		.cfi_offset 3, -16
 157              		.cfi_offset 4, -12
 158              		.cfi_offset 5, -8
 159              		.cfi_offset 14, -4
  39:UserDriver/Source/HWCIDri.c ****     if (InductorParameter == P47uH)
 160              		.loc 1 39 5 is_stmt 1 view .LVU24
 161              		.loc 1 39 8 is_stmt 0 view .LVU25
 162 0002 0446     		mov	r4, r0
 163 0004 10B1     		cbz	r0, .L21
 164              	.LVL13:
 165              	.L18:
  40:UserDriver/Source/HWCIDri.c ****     {
  41:UserDriver/Source/HWCIDri.c ****         HAL_GPIO_WritePin(SelectInductorIN1GPIOX, SelectInductorIN1PINX, GPIO_PIN_RESET);
  42:UserDriver/Source/HWCIDri.c ****         HAL_GPIO_WritePin(SelectInductorIN2GPIOX, SelectInductorIN2PINX, GPIO_PIN_SET);
  43:UserDriver/Source/HWCIDri.c ****     }
  44:UserDriver/Source/HWCIDri.c ****     if (InductorParameter == P10uH)
 166              		.loc 1 44 5 is_stmt 1 view .LVU26
 167              		.loc 1 44 8 is_stmt 0 view .LVU27
 168 0006 012C     		cmp	r4, #1
 169 0008 0CD0     		beq	.L22
 170              	.LVL14:
 171              	.L17:
  45:UserDriver/Source/HWCIDri.c ****     {
  46:UserDriver/Source/HWCIDri.c ****         HAL_GPIO_WritePin(SelectInductorIN1GPIOX, SelectInductorIN1PINX, GPIO_PIN_SET);
  47:UserDriver/Source/HWCIDri.c ****         HAL_GPIO_WritePin(SelectInductorIN2GPIOX, SelectInductorIN2PINX, GPIO_PIN_RESET);
  48:UserDriver/Source/HWCIDri.c ****     }
  49:UserDriver/Source/HWCIDri.c **** }
 172              		.loc 1 49 1 view .LVU28
 173 000a 38BD     		pop	{r3, r4, r5, pc}
 174              	.LVL15:
 175              	.L21:
  41:UserDriver/Source/HWCIDri.c ****         HAL_GPIO_WritePin(SelectInductorIN2GPIOX, SelectInductorIN2PINX, GPIO_PIN_SET);
 176              		.loc 1 41 9 is_stmt 1 view .LVU29
 177 000c 0B4D     		ldr	r5, .L23
ARM GAS  C:\Users\Administrator\AppData\Local\Temp\ccKxpFFZ.s 			page 5


 178 000e 0022     		movs	r2, #0
 179 0010 0121     		movs	r1, #1
 180 0012 2846     		mov	r0, r5
 181              	.LVL16:
  41:UserDriver/Source/HWCIDri.c ****         HAL_GPIO_WritePin(SelectInductorIN2GPIOX, SelectInductorIN2PINX, GPIO_PIN_SET);
 182              		.loc 1 41 9 is_stmt 0 view .LVU30
 183 0014 FFF7FEFF 		bl	HAL_GPIO_WritePin
 184              	.LVL17:
  42:UserDriver/Source/HWCIDri.c ****     }
 185              		.loc 1 42 9 is_stmt 1 view .LVU31
 186 0018 0122     		movs	r2, #1
 187 001a 0221     		movs	r1, #2
 188 001c 2846     		mov	r0, r5
 189 001e FFF7FEFF 		bl	HAL_GPIO_WritePin
 190              	.LVL18:
 191 0022 F0E7     		b	.L18
 192              	.L22:
  46:UserDriver/Source/HWCIDri.c ****         HAL_GPIO_WritePin(SelectInductorIN2GPIOX, SelectInductorIN2PINX, GPIO_PIN_RESET);
 193              		.loc 1 46 9 view .LVU32
 194 0024 054C     		ldr	r4, .L23
 195              	.LVL19:
  46:UserDriver/Source/HWCIDri.c ****         HAL_GPIO_WritePin(SelectInductorIN2GPIOX, SelectInductorIN2PINX, GPIO_PIN_RESET);
 196              		.loc 1 46 9 is_stmt 0 view .LVU33
 197 0026 0122     		movs	r2, #1
 198 0028 1146     		mov	r1, r2
 199 002a 2046     		mov	r0, r4
 200 002c FFF7FEFF 		bl	HAL_GPIO_WritePin
 201              	.LVL20:
  47:UserDriver/Source/HWCIDri.c ****     }
 202              		.loc 1 47 9 is_stmt 1 view .LVU34
 203 0030 0022     		movs	r2, #0
 204 0032 0221     		movs	r1, #2
 205 0034 2046     		mov	r0, r4
 206 0036 FFF7FEFF 		bl	HAL_GPIO_WritePin
 207              	.LVL21:
 208              		.loc 1 49 1 is_stmt 0 view .LVU35
 209 003a E6E7     		b	.L17
 210              	.L24:
 211              		.align	2
 212              	.L23:
 213 003c 00100140 		.word	1073811456
 214              		.cfi_endproc
 215              	.LFE77:
 217              		.section	.text.SelectResistance,"ax",%progbits
 218              		.align	1
 219              		.global	SelectResistance
 220              		.syntax unified
 221              		.thumb
 222              		.thumb_func
 224              	SelectResistance:
 225              	.LVL22:
 226              	.LFB78:
  50:UserDriver/Source/HWCIDri.c **** 
  51:UserDriver/Source/HWCIDri.c **** /**
  52:UserDriver/Source/HWCIDri.c ****  * @函数名称       选择电阻
  53:UserDriver/Source/HWCIDri.c ****  * @说明           ResistanceParameter:电阻参数
  54:UserDriver/Source/HWCIDri.c ****  */
ARM GAS  C:\Users\Administrator\AppData\Local\Temp\ccKxpFFZ.s 			page 6


  55:UserDriver/Source/HWCIDri.c **** void SelectResistance(uint8_t ResistanceParameter)
  56:UserDriver/Source/HWCIDri.c **** {
 227              		.loc 1 56 1 is_stmt 1 view -0
 228              		.cfi_startproc
 229              		@ args = 0, pretend = 0, frame = 0
 230              		@ frame_needed = 0, uses_anonymous_args = 0
 231              		.loc 1 56 1 is_stmt 0 view .LVU37
 232 0000 38B5     		push	{r3, r4, r5, lr}
 233              	.LCFI3:
 234              		.cfi_def_cfa_offset 16
 235              		.cfi_offset 3, -16
 236              		.cfi_offset 4, -12
 237              		.cfi_offset 5, -8
 238              		.cfi_offset 14, -4
  57:UserDriver/Source/HWCIDri.c ****     if (ResistanceParameter == P2p2ohm)
 239              		.loc 1 57 5 is_stmt 1 view .LVU38
 240              		.loc 1 57 8 is_stmt 0 view .LVU39
 241 0002 0446     		mov	r4, r0
 242 0004 20B1     		cbz	r0, .L30
 243              	.LVL23:
 244              	.L26:
  58:UserDriver/Source/HWCIDri.c ****     {
  59:UserDriver/Source/HWCIDri.c ****         HAL_GPIO_WritePin(SelectResistanceIN1GPIOX, SelectResistanceIN1PINX, GPIO_PIN_SET);
  60:UserDriver/Source/HWCIDri.c ****         HAL_GPIO_WritePin(SelectResistanceIN2GPIOX, SelectResistanceIN2PINX, GPIO_PIN_SET);
  61:UserDriver/Source/HWCIDri.c ****     }
  62:UserDriver/Source/HWCIDri.c ****     if (ResistanceParameter == P0p47ohm)
 245              		.loc 1 62 5 is_stmt 1 view .LVU40
 246              		.loc 1 62 8 is_stmt 0 view .LVU41
 247 0006 012C     		cmp	r4, #1
 248 0008 10D0     		beq	.L31
 249              	.L27:
  63:UserDriver/Source/HWCIDri.c ****     {
  64:UserDriver/Source/HWCIDri.c ****         HAL_GPIO_WritePin(SelectResistanceIN1GPIOX, SelectResistanceIN1PINX, GPIO_PIN_SET);
  65:UserDriver/Source/HWCIDri.c ****         HAL_GPIO_WritePin(SelectResistanceIN2GPIOX, SelectResistanceIN2PINX, GPIO_PIN_RESET);
  66:UserDriver/Source/HWCIDri.c ****     }
  67:UserDriver/Source/HWCIDri.c ****     if (ResistanceParameter == P0ohm)
 250              		.loc 1 67 5 is_stmt 1 view .LVU42
 251              		.loc 1 67 8 is_stmt 0 view .LVU43
 252 000a 022C     		cmp	r4, #2
 253 000c 1CD0     		beq	.L32
 254              	.LVL24:
 255              	.L25:
  68:UserDriver/Source/HWCIDri.c ****     {
  69:UserDriver/Source/HWCIDri.c ****         HAL_GPIO_WritePin(SelectResistanceIN1GPIOX, SelectResistanceIN1PINX, GPIO_PIN_RESET);
  70:UserDriver/Source/HWCIDri.c ****         HAL_GPIO_WritePin(SelectResistanceIN2GPIOX, SelectResistanceIN2PINX, GPIO_PIN_SET);
  71:UserDriver/Source/HWCIDri.c ****     }
  72:UserDriver/Source/HWCIDri.c **** }
 256              		.loc 1 72 1 view .LVU44
 257 000e 38BD     		pop	{r3, r4, r5, pc}
 258              	.LVL25:
 259              	.L30:
  59:UserDriver/Source/HWCIDri.c ****         HAL_GPIO_WritePin(SelectResistanceIN2GPIOX, SelectResistanceIN2PINX, GPIO_PIN_SET);
 260              		.loc 1 59 9 is_stmt 1 view .LVU45
 261 0010 144D     		ldr	r5, .L33
 262 0012 0122     		movs	r2, #1
 263 0014 4FF40071 		mov	r1, #512
 264 0018 2846     		mov	r0, r5
ARM GAS  C:\Users\Administrator\AppData\Local\Temp\ccKxpFFZ.s 			page 7


 265              	.LVL26:
  59:UserDriver/Source/HWCIDri.c ****         HAL_GPIO_WritePin(SelectResistanceIN2GPIOX, SelectResistanceIN2PINX, GPIO_PIN_SET);
 266              		.loc 1 59 9 is_stmt 0 view .LVU46
 267 001a FFF7FEFF 		bl	HAL_GPIO_WritePin
 268              	.LVL27:
  60:UserDriver/Source/HWCIDri.c ****     }
 269              		.loc 1 60 9 is_stmt 1 view .LVU47
 270 001e 0122     		movs	r2, #1
 271 0020 4FF48071 		mov	r1, #256
 272 0024 2846     		mov	r0, r5
 273 0026 FFF7FEFF 		bl	HAL_GPIO_WritePin
 274              	.LVL28:
 275 002a ECE7     		b	.L26
 276              	.L31:
  64:UserDriver/Source/HWCIDri.c ****         HAL_GPIO_WritePin(SelectResistanceIN2GPIOX, SelectResistanceIN2PINX, GPIO_PIN_RESET);
 277              		.loc 1 64 9 view .LVU48
 278 002c 0D4D     		ldr	r5, .L33
 279 002e 0122     		movs	r2, #1
 280 0030 4FF40071 		mov	r1, #512
 281 0034 2846     		mov	r0, r5
 282 0036 FFF7FEFF 		bl	HAL_GPIO_WritePin
 283              	.LVL29:
  65:UserDriver/Source/HWCIDri.c ****     }
 284              		.loc 1 65 9 view .LVU49
 285 003a 0022     		movs	r2, #0
 286 003c 4FF48071 		mov	r1, #256
 287 0040 2846     		mov	r0, r5
 288 0042 FFF7FEFF 		bl	HAL_GPIO_WritePin
 289              	.LVL30:
 290 0046 E0E7     		b	.L27
 291              	.L32:
  69:UserDriver/Source/HWCIDri.c ****         HAL_GPIO_WritePin(SelectResistanceIN2GPIOX, SelectResistanceIN2PINX, GPIO_PIN_SET);
 292              		.loc 1 69 9 view .LVU50
 293 0048 064C     		ldr	r4, .L33
 294              	.LVL31:
  69:UserDriver/Source/HWCIDri.c ****         HAL_GPIO_WritePin(SelectResistanceIN2GPIOX, SelectResistanceIN2PINX, GPIO_PIN_SET);
 295              		.loc 1 69 9 is_stmt 0 view .LVU51
 296 004a 0022     		movs	r2, #0
 297 004c 4FF40071 		mov	r1, #512
 298 0050 2046     		mov	r0, r4
 299 0052 FFF7FEFF 		bl	HAL_GPIO_WritePin
 300              	.LVL32:
  70:UserDriver/Source/HWCIDri.c ****     }
 301              		.loc 1 70 9 is_stmt 1 view .LVU52
 302 0056 0122     		movs	r2, #1
 303 0058 4FF48071 		mov	r1, #256
 304 005c 2046     		mov	r0, r4
 305 005e FFF7FEFF 		bl	HAL_GPIO_WritePin
 306              	.LVL33:
 307              		.loc 1 72 1 is_stmt 0 view .LVU53
 308 0062 D4E7     		b	.L25
 309              	.L34:
 310              		.align	2
 311              	.L33:
 312 0064 000C0140 		.word	1073810432
 313              		.cfi_endproc
 314              	.LFE78:
ARM GAS  C:\Users\Administrator\AppData\Local\Temp\ccKxpFFZ.s 			page 8


 316              		.section	.text.SelectESLSPI,"ax",%progbits
 317              		.align	1
 318              		.global	SelectESLSPI
 319              		.syntax unified
 320              		.thumb
 321              		.thumb_func
 323              	SelectESLSPI:
 324              	.LVL34:
 325              	.LFB79:
  73:UserDriver/Source/HWCIDri.c **** 
  74:UserDriver/Source/HWCIDri.c **** /**
  75:UserDriver/Source/HWCIDri.c ****  * @函数名称       控制U4的模拟开关芯片，选择SPI
  76:UserDriver/Source/HWCIDri.c ****  * @说明           ResistanceParameter:电阻参数
  77:UserDriver/Source/HWCIDri.c ****  */
  78:UserDriver/Source/HWCIDri.c **** void SelectESLSPI(uint8_t SPIXLine)
  79:UserDriver/Source/HWCIDri.c **** {
 326              		.loc 1 79 1 is_stmt 1 view -0
 327              		.cfi_startproc
 328              		@ args = 0, pretend = 0, frame = 0
 329              		@ frame_needed = 0, uses_anonymous_args = 0
 330              		.loc 1 79 1 is_stmt 0 view .LVU55
 331 0000 10B5     		push	{r4, lr}
 332              	.LCFI4:
 333              		.cfi_def_cfa_offset 8
 334              		.cfi_offset 4, -8
 335              		.cfi_offset 14, -4
 336 0002 0446     		mov	r4, r0
  80:UserDriver/Source/HWCIDri.c ****     if (SPIXLine == ESL4SPI)
 337              		.loc 1 80 5 is_stmt 1 view .LVU56
 338              		.loc 1 80 8 is_stmt 0 view .LVU57
 339 0004 0128     		cmp	r0, #1
 340 0006 01D0     		beq	.L39
 341              	.LVL35:
 342              	.L36:
  81:UserDriver/Source/HWCIDri.c ****     {
  82:UserDriver/Source/HWCIDri.c ****         HAL_GPIO_WritePin(SelectESLSPIIN1GPIOX, SelectESLSPIIN1PINX, GPIO_PIN_RESET);
  83:UserDriver/Source/HWCIDri.c ****         HAL_GPIO_WritePin(SelectESLSPIIN2GPIOX, SelectESLSPIIN2PINX, GPIO_PIN_SET);
  84:UserDriver/Source/HWCIDri.c ****     }
  85:UserDriver/Source/HWCIDri.c ****     if (SPIXLine == ESL3SPI)
 343              		.loc 1 85 5 is_stmt 1 view .LVU58
 344              		.loc 1 85 8 is_stmt 0 view .LVU59
 345 0008 64B1     		cbz	r4, .L40
 346              	.L35:
  86:UserDriver/Source/HWCIDri.c ****     {
  87:UserDriver/Source/HWCIDri.c ****         HAL_GPIO_WritePin(SelectESLSPIIN1GPIOX, SelectESLSPIIN1PINX, GPIO_PIN_SET);
  88:UserDriver/Source/HWCIDri.c ****         HAL_GPIO_WritePin(SelectESLSPIIN2GPIOX, SelectESLSPIIN2PINX, GPIO_PIN_RESET);
  89:UserDriver/Source/HWCIDri.c ****     }
  90:UserDriver/Source/HWCIDri.c **** }
 347              		.loc 1 90 1 view .LVU60
 348 000a 10BD     		pop	{r4, pc}
 349              	.LVL36:
 350              	.L39:
  82:UserDriver/Source/HWCIDri.c ****         HAL_GPIO_WritePin(SelectESLSPIIN2GPIOX, SelectESLSPIIN2PINX, GPIO_PIN_SET);
 351              		.loc 1 82 9 is_stmt 1 view .LVU61
 352 000c 0022     		movs	r2, #0
 353 000e 4021     		movs	r1, #64
 354 0010 0A48     		ldr	r0, .L41
ARM GAS  C:\Users\Administrator\AppData\Local\Temp\ccKxpFFZ.s 			page 9


 355              	.LVL37:
  82:UserDriver/Source/HWCIDri.c ****         HAL_GPIO_WritePin(SelectESLSPIIN2GPIOX, SelectESLSPIIN2PINX, GPIO_PIN_SET);
 356              		.loc 1 82 9 is_stmt 0 view .LVU62
 357 0012 FFF7FEFF 		bl	HAL_GPIO_WritePin
 358              	.LVL38:
  83:UserDriver/Source/HWCIDri.c ****     }
 359              		.loc 1 83 9 is_stmt 1 view .LVU63
 360 0016 0122     		movs	r2, #1
 361 0018 4FF40041 		mov	r1, #32768
 362 001c 0848     		ldr	r0, .L41+4
 363 001e FFF7FEFF 		bl	HAL_GPIO_WritePin
 364              	.LVL39:
 365 0022 F1E7     		b	.L36
 366              	.L40:
  87:UserDriver/Source/HWCIDri.c ****         HAL_GPIO_WritePin(SelectESLSPIIN2GPIOX, SelectESLSPIIN2PINX, GPIO_PIN_RESET);
 367              		.loc 1 87 9 view .LVU64
 368 0024 0122     		movs	r2, #1
 369 0026 4021     		movs	r1, #64
 370 0028 0448     		ldr	r0, .L41
 371 002a FFF7FEFF 		bl	HAL_GPIO_WritePin
 372              	.LVL40:
  88:UserDriver/Source/HWCIDri.c ****     }
 373              		.loc 1 88 9 view .LVU65
 374 002e 0022     		movs	r2, #0
 375 0030 4FF40041 		mov	r1, #32768
 376 0034 0248     		ldr	r0, .L41+4
 377 0036 FFF7FEFF 		bl	HAL_GPIO_WritePin
 378              	.LVL41:
 379              		.loc 1 90 1 is_stmt 0 view .LVU66
 380 003a E6E7     		b	.L35
 381              	.L42:
 382              		.align	2
 383              	.L41:
 384 003c 00100140 		.word	1073811456
 385 0040 000C0140 		.word	1073810432
 386              		.cfi_endproc
 387              	.LFE79:
 389              		.section	.text.VDDOrAAVSPL2,"ax",%progbits
 390              		.align	1
 391              		.global	VDDOrAAVSPL2
 392              		.syntax unified
 393              		.thumb
 394              		.thumb_func
 396              	VDDOrAAVSPL2:
 397              	.LVL42:
 398              	.LFB80:
  91:UserDriver/Source/HWCIDri.c **** 
  92:UserDriver/Source/HWCIDri.c **** /**
  93:UserDriver/Source/HWCIDri.c ****  * @函数名称       控制U7的模拟开关芯片，选择VSPL2还是VDD
  94:UserDriver/Source/HWCIDri.c ****  * @说明           SelectU4HW:选择电路
  95:UserDriver/Source/HWCIDri.c ****  */
  96:UserDriver/Source/HWCIDri.c **** void VDDOrAAVSPL2(uint8_t SelectU4HW)
  97:UserDriver/Source/HWCIDri.c **** {
 399              		.loc 1 97 1 is_stmt 1 view -0
 400              		.cfi_startproc
 401              		@ args = 0, pretend = 0, frame = 0
 402              		@ frame_needed = 0, uses_anonymous_args = 0
ARM GAS  C:\Users\Administrator\AppData\Local\Temp\ccKxpFFZ.s 			page 10


 403              		.loc 1 97 1 is_stmt 0 view .LVU68
 404 0000 38B5     		push	{r3, r4, r5, lr}
 405              	.LCFI5:
 406              		.cfi_def_cfa_offset 16
 407              		.cfi_offset 3, -16
 408              		.cfi_offset 4, -12
 409              		.cfi_offset 5, -8
 410              		.cfi_offset 14, -4
 411 0002 0446     		mov	r4, r0
  98:UserDriver/Source/HWCIDri.c ****     if (SelectU4HW == VDD)
 412              		.loc 1 98 5 is_stmt 1 view .LVU69
 413              		.loc 1 98 8 is_stmt 0 view .LVU70
 414 0004 0128     		cmp	r0, #1
 415 0006 01D0     		beq	.L47
 416              	.LVL43:
 417              	.L44:
  99:UserDriver/Source/HWCIDri.c ****     {
 100:UserDriver/Source/HWCIDri.c ****         HAL_GPIO_WritePin(VDDOrAAVSPL2IN1GPIOX, VDDOrAAVSPL2IN1PINX, GPIO_PIN_RESET);
 101:UserDriver/Source/HWCIDri.c ****         HAL_GPIO_WritePin(VDDOrAAVSPL2IN2GPIOX, VDDOrAAVSPL2IN2PINX, GPIO_PIN_SET);
 102:UserDriver/Source/HWCIDri.c ****     }   
 103:UserDriver/Source/HWCIDri.c ****     if (SelectU4HW == AAVSPL2)
 418              		.loc 1 103 5 is_stmt 1 view .LVU71
 419              		.loc 1 103 8 is_stmt 0 view .LVU72
 420 0008 74B1     		cbz	r4, .L48
 421              	.LVL44:
 422              	.L43:
 104:UserDriver/Source/HWCIDri.c ****     {
 105:UserDriver/Source/HWCIDri.c ****         HAL_GPIO_WritePin(VDDOrAAVSPL2IN1GPIOX, VDDOrAAVSPL2IN1PINX, GPIO_PIN_SET);
 106:UserDriver/Source/HWCIDri.c ****         HAL_GPIO_WritePin(VDDOrAAVSPL2IN2GPIOX, VDDOrAAVSPL2IN2PINX, GPIO_PIN_RESET);
 107:UserDriver/Source/HWCIDri.c ****     }
 108:UserDriver/Source/HWCIDri.c **** }
 423              		.loc 1 108 1 view .LVU73
 424 000a 38BD     		pop	{r3, r4, r5, pc}
 425              	.LVL45:
 426              	.L47:
 100:UserDriver/Source/HWCIDri.c ****         HAL_GPIO_WritePin(VDDOrAAVSPL2IN2GPIOX, VDDOrAAVSPL2IN2PINX, GPIO_PIN_SET);
 427              		.loc 1 100 9 is_stmt 1 view .LVU74
 428 000c 0F4D     		ldr	r5, .L49
 429 000e 0022     		movs	r2, #0
 430 0010 4FF40041 		mov	r1, #32768
 431 0014 2846     		mov	r0, r5
 432              	.LVL46:
 100:UserDriver/Source/HWCIDri.c ****         HAL_GPIO_WritePin(VDDOrAAVSPL2IN2GPIOX, VDDOrAAVSPL2IN2PINX, GPIO_PIN_SET);
 433              		.loc 1 100 9 is_stmt 0 view .LVU75
 434 0016 FFF7FEFF 		bl	HAL_GPIO_WritePin
 435              	.LVL47:
 101:UserDriver/Source/HWCIDri.c ****     }   
 436              		.loc 1 101 9 is_stmt 1 view .LVU76
 437 001a 0122     		movs	r2, #1
 438 001c 4FF48041 		mov	r1, #16384
 439 0020 2846     		mov	r0, r5
 440 0022 FFF7FEFF 		bl	HAL_GPIO_WritePin
 441              	.LVL48:
 442 0026 EFE7     		b	.L44
 443              	.L48:
 105:UserDriver/Source/HWCIDri.c ****         HAL_GPIO_WritePin(VDDOrAAVSPL2IN2GPIOX, VDDOrAAVSPL2IN2PINX, GPIO_PIN_RESET);
 444              		.loc 1 105 9 view .LVU77
ARM GAS  C:\Users\Administrator\AppData\Local\Temp\ccKxpFFZ.s 			page 11


 445 0028 04F18044 		add	r4, r4, #1073741824
 446              	.LVL49:
 105:UserDriver/Source/HWCIDri.c ****         HAL_GPIO_WritePin(VDDOrAAVSPL2IN2GPIOX, VDDOrAAVSPL2IN2PINX, GPIO_PIN_RESET);
 447              		.loc 1 105 9 is_stmt 0 view .LVU78
 448 002c 04F58434 		add	r4, r4, #67584
 449              	.LVL50:
 105:UserDriver/Source/HWCIDri.c ****         HAL_GPIO_WritePin(VDDOrAAVSPL2IN2GPIOX, VDDOrAAVSPL2IN2PINX, GPIO_PIN_RESET);
 450              		.loc 1 105 9 view .LVU79
 451 0030 0122     		movs	r2, #1
 452 0032 4FF40041 		mov	r1, #32768
 453 0036 2046     		mov	r0, r4
 454 0038 FFF7FEFF 		bl	HAL_GPIO_WritePin
 455              	.LVL51:
 106:UserDriver/Source/HWCIDri.c ****     }
 456              		.loc 1 106 9 is_stmt 1 view .LVU80
 457 003c 0022     		movs	r2, #0
 458 003e 4FF48041 		mov	r1, #16384
 459 0042 2046     		mov	r0, r4
 460 0044 FFF7FEFF 		bl	HAL_GPIO_WritePin
 461              	.LVL52:
 462              		.loc 1 108 1 is_stmt 0 view .LVU81
 463 0048 DFE7     		b	.L43
 464              	.L50:
 465 004a 00BF     		.align	2
 466              	.L49:
 467 004c 00080140 		.word	1073809408
 468              		.cfi_endproc
 469              	.LFE80:
 471              		.section	.text.VDDLOrHiz,"ax",%progbits
 472              		.align	1
 473              		.global	VDDLOrHiz
 474              		.syntax unified
 475              		.thumb
 476              		.thumb_func
 478              	VDDLOrHiz:
 479              	.LVL53:
 480              	.LFB81:
 109:UserDriver/Source/HWCIDri.c **** 
 110:UserDriver/Source/HWCIDri.c **** 
 111:UserDriver/Source/HWCIDri.c **** /**
 112:UserDriver/Source/HWCIDri.c ****  * @函数名称       控制U2的模拟开关芯片，选择VDDL还是NULL
 113:UserDriver/Source/HWCIDri.c ****  * @说明           SelectU2HW:选择电路
 114:UserDriver/Source/HWCIDri.c ****  */
 115:UserDriver/Source/HWCIDri.c **** void VDDLOrHiz(uint8_t SelectU2HW)
 116:UserDriver/Source/HWCIDri.c **** {
 481              		.loc 1 116 1 is_stmt 1 view -0
 482              		.cfi_startproc
 483              		@ args = 0, pretend = 0, frame = 0
 484              		@ frame_needed = 0, uses_anonymous_args = 0
 485              		.loc 1 116 1 is_stmt 0 view .LVU83
 486 0000 38B5     		push	{r3, r4, r5, lr}
 487              	.LCFI6:
 488              		.cfi_def_cfa_offset 16
 489              		.cfi_offset 3, -16
 490              		.cfi_offset 4, -12
 491              		.cfi_offset 5, -8
 492              		.cfi_offset 14, -4
ARM GAS  C:\Users\Administrator\AppData\Local\Temp\ccKxpFFZ.s 			page 12


 493 0002 0446     		mov	r4, r0
 117:UserDriver/Source/HWCIDri.c ****     if (SelectU2HW == VDDL)
 494              		.loc 1 117 5 is_stmt 1 view .LVU84
 495              		.loc 1 117 8 is_stmt 0 view .LVU85
 496 0004 0128     		cmp	r0, #1
 497 0006 01D0     		beq	.L55
 498              	.LVL54:
 499              	.L52:
 118:UserDriver/Source/HWCIDri.c ****     {
 119:UserDriver/Source/HWCIDri.c ****         HAL_GPIO_WritePin(VDDLOrHizIN1GPIOX, VDDLOrHizIN1PINX, GPIO_PIN_RESET);
 120:UserDriver/Source/HWCIDri.c ****         HAL_GPIO_WritePin(VDDLOrHizIN2GPIOX, VDDLOrHizIN2PINX, GPIO_PIN_SET);
 121:UserDriver/Source/HWCIDri.c ****     }   
 122:UserDriver/Source/HWCIDri.c ****     if (SelectU2HW == U2Hiz)
 500              		.loc 1 122 5 is_stmt 1 view .LVU86
 501              		.loc 1 122 8 is_stmt 0 view .LVU87
 502 0008 74B1     		cbz	r4, .L56
 503              	.LVL55:
 504              	.L51:
 123:UserDriver/Source/HWCIDri.c ****     {
 124:UserDriver/Source/HWCIDri.c ****         HAL_GPIO_WritePin(VDDLOrHizIN1GPIOX, VDDLOrHizIN1PINX, GPIO_PIN_SET);
 125:UserDriver/Source/HWCIDri.c ****         HAL_GPIO_WritePin(VDDLOrHizIN2GPIOX, VDDLOrHizIN2PINX, GPIO_PIN_RESET);
 126:UserDriver/Source/HWCIDri.c ****     }
 127:UserDriver/Source/HWCIDri.c **** }
 505              		.loc 1 127 1 view .LVU88
 506 000a 38BD     		pop	{r3, r4, r5, pc}
 507              	.LVL56:
 508              	.L55:
 119:UserDriver/Source/HWCIDri.c ****         HAL_GPIO_WritePin(VDDLOrHizIN2GPIOX, VDDLOrHizIN2PINX, GPIO_PIN_SET);
 509              		.loc 1 119 9 is_stmt 1 view .LVU89
 510 000c 0D4D     		ldr	r5, .L57
 511 000e 0022     		movs	r2, #0
 512 0010 4FF48061 		mov	r1, #1024
 513 0014 2846     		mov	r0, r5
 514              	.LVL57:
 119:UserDriver/Source/HWCIDri.c ****         HAL_GPIO_WritePin(VDDLOrHizIN2GPIOX, VDDLOrHizIN2PINX, GPIO_PIN_SET);
 515              		.loc 1 119 9 is_stmt 0 view .LVU90
 516 0016 FFF7FEFF 		bl	HAL_GPIO_WritePin
 517              	.LVL58:
 120:UserDriver/Source/HWCIDri.c ****     }   
 518              		.loc 1 120 9 is_stmt 1 view .LVU91
 519 001a 0122     		movs	r2, #1
 520 001c 4FF40061 		mov	r1, #2048
 521 0020 2846     		mov	r0, r5
 522 0022 FFF7FEFF 		bl	HAL_GPIO_WritePin
 523              	.LVL59:
 524 0026 EFE7     		b	.L52
 525              	.L56:
 124:UserDriver/Source/HWCIDri.c ****         HAL_GPIO_WritePin(VDDLOrHizIN2GPIOX, VDDLOrHizIN2PINX, GPIO_PIN_RESET);
 526              		.loc 1 124 9 view .LVU92
 527 0028 064C     		ldr	r4, .L57
 528              	.LVL60:
 124:UserDriver/Source/HWCIDri.c ****         HAL_GPIO_WritePin(VDDLOrHizIN2GPIOX, VDDLOrHizIN2PINX, GPIO_PIN_RESET);
 529              		.loc 1 124 9 is_stmt 0 view .LVU93
 530 002a 0122     		movs	r2, #1
 531 002c 4FF48061 		mov	r1, #1024
 532 0030 2046     		mov	r0, r4
 533 0032 FFF7FEFF 		bl	HAL_GPIO_WritePin
ARM GAS  C:\Users\Administrator\AppData\Local\Temp\ccKxpFFZ.s 			page 13


 534              	.LVL61:
 125:UserDriver/Source/HWCIDri.c ****     }
 535              		.loc 1 125 9 is_stmt 1 view .LVU94
 536 0036 0022     		movs	r2, #0
 537 0038 4FF40061 		mov	r1, #2048
 538 003c 2046     		mov	r0, r4
 539 003e FFF7FEFF 		bl	HAL_GPIO_WritePin
 540              	.LVL62:
 541              		.loc 1 127 1 is_stmt 0 view .LVU95
 542 0042 E2E7     		b	.L51
 543              	.L58:
 544              		.align	2
 545              	.L57:
 546 0044 000C0140 		.word	1073810432
 547              		.cfi_endproc
 548              	.LFE81:
 550              		.section	.text.TSCLOrVSPL2OrHiz,"ax",%progbits
 551              		.align	1
 552              		.global	TSCLOrVSPL2OrHiz
 553              		.syntax unified
 554              		.thumb
 555              		.thumb_func
 557              	TSCLOrVSPL2OrHiz:
 558              	.LVL63:
 559              	.LFB82:
 128:UserDriver/Source/HWCIDri.c **** 
 129:UserDriver/Source/HWCIDri.c **** /**
 130:UserDriver/Source/HWCIDri.c ****  * @函数名称       控制U3的模拟开关芯片，选择TSCL还是VSPL2
 131:UserDriver/Source/HWCIDri.c ****  * @说明           SelectU3HW:选择电路
 132:UserDriver/Source/HWCIDri.c ****  */
 133:UserDriver/Source/HWCIDri.c **** void TSCLOrVSPL2OrHiz(uint8_t SelectU3HW)
 134:UserDriver/Source/HWCIDri.c **** {
 560              		.loc 1 134 1 is_stmt 1 view -0
 561              		.cfi_startproc
 562              		@ args = 0, pretend = 0, frame = 0
 563              		@ frame_needed = 0, uses_anonymous_args = 0
 564              		.loc 1 134 1 is_stmt 0 view .LVU97
 565 0000 38B5     		push	{r3, r4, r5, lr}
 566              	.LCFI7:
 567              		.cfi_def_cfa_offset 16
 568              		.cfi_offset 3, -16
 569              		.cfi_offset 4, -12
 570              		.cfi_offset 5, -8
 571              		.cfi_offset 14, -4
 572 0002 0446     		mov	r4, r0
 135:UserDriver/Source/HWCIDri.c ****     if (SelectU3HW == VAVSPL2)
 573              		.loc 1 135 5 is_stmt 1 view .LVU98
 574              		.loc 1 135 8 is_stmt 0 view .LVU99
 575 0004 0128     		cmp	r0, #1
 576 0006 03D0     		beq	.L64
 577              	.LVL64:
 578              	.L60:
 136:UserDriver/Source/HWCIDri.c ****     {
 137:UserDriver/Source/HWCIDri.c ****         HAL_GPIO_WritePin(TSCLOrVSPL2IN1GPIOX, TSCLOrVSPL2IN1PINX, GPIO_PIN_RESET);
 138:UserDriver/Source/HWCIDri.c ****         HAL_GPIO_WritePin(TSCLOrVSPL2IN2GPIOX, TSCLOrVSPL2IN2PINX, GPIO_PIN_SET);
 139:UserDriver/Source/HWCIDri.c ****     }   
 140:UserDriver/Source/HWCIDri.c ****     if (SelectU3HW == TSCL)
ARM GAS  C:\Users\Administrator\AppData\Local\Temp\ccKxpFFZ.s 			page 14


 579              		.loc 1 140 5 is_stmt 1 view .LVU100
 580              		.loc 1 140 8 is_stmt 0 view .LVU101
 581 0008 84B1     		cbz	r4, .L65
 582              	.L61:
 141:UserDriver/Source/HWCIDri.c ****     {
 142:UserDriver/Source/HWCIDri.c ****         HAL_GPIO_WritePin(TSCLOrVSPL2IN1GPIOX, TSCLOrVSPL2IN1PINX, GPIO_PIN_SET);
 143:UserDriver/Source/HWCIDri.c ****         HAL_GPIO_WritePin(TSCLOrVSPL2IN2GPIOX, TSCLOrVSPL2IN2PINX, GPIO_PIN_RESET);
 144:UserDriver/Source/HWCIDri.c ****     }
 145:UserDriver/Source/HWCIDri.c ****     if (SelectU3HW == U3Hiz)
 583              		.loc 1 145 5 is_stmt 1 view .LVU102
 584              		.loc 1 145 8 is_stmt 0 view .LVU103
 585 000a 022C     		cmp	r4, #2
 586 000c 1CD0     		beq	.L66
 587              	.LVL65:
 588              	.L59:
 146:UserDriver/Source/HWCIDri.c ****     {
 147:UserDriver/Source/HWCIDri.c ****         HAL_GPIO_WritePin(TSCLOrVSPL2IN1GPIOX, TSCLOrVSPL2IN1PINX, GPIO_PIN_SET);
 148:UserDriver/Source/HWCIDri.c ****         HAL_GPIO_WritePin(TSCLOrVSPL2IN2GPIOX, TSCLOrVSPL2IN2PINX, GPIO_PIN_SET);
 149:UserDriver/Source/HWCIDri.c ****     }
 150:UserDriver/Source/HWCIDri.c **** }
 589              		.loc 1 150 1 view .LVU104
 590 000e 38BD     		pop	{r3, r4, r5, pc}
 591              	.LVL66:
 592              	.L64:
 137:UserDriver/Source/HWCIDri.c ****         HAL_GPIO_WritePin(TSCLOrVSPL2IN2GPIOX, TSCLOrVSPL2IN2PINX, GPIO_PIN_SET);
 593              		.loc 1 137 9 is_stmt 1 view .LVU105
 594 0010 144D     		ldr	r5, .L67
 595 0012 0022     		movs	r2, #0
 596 0014 4FF40051 		mov	r1, #8192
 597 0018 2846     		mov	r0, r5
 598              	.LVL67:
 137:UserDriver/Source/HWCIDri.c ****         HAL_GPIO_WritePin(TSCLOrVSPL2IN2GPIOX, TSCLOrVSPL2IN2PINX, GPIO_PIN_SET);
 599              		.loc 1 137 9 is_stmt 0 view .LVU106
 600 001a FFF7FEFF 		bl	HAL_GPIO_WritePin
 601              	.LVL68:
 138:UserDriver/Source/HWCIDri.c ****     }   
 602              		.loc 1 138 9 is_stmt 1 view .LVU107
 603 001e 0122     		movs	r2, #1
 604 0020 4FF48041 		mov	r1, #16384
 605 0024 2846     		mov	r0, r5
 606 0026 FFF7FEFF 		bl	HAL_GPIO_WritePin
 607              	.LVL69:
 608 002a EDE7     		b	.L60
 609              	.L65:
 142:UserDriver/Source/HWCIDri.c ****         HAL_GPIO_WritePin(TSCLOrVSPL2IN2GPIOX, TSCLOrVSPL2IN2PINX, GPIO_PIN_RESET);
 610              		.loc 1 142 9 view .LVU108
 611 002c 0D4D     		ldr	r5, .L67
 612 002e 0122     		movs	r2, #1
 613 0030 4FF40051 		mov	r1, #8192
 614 0034 2846     		mov	r0, r5
 615 0036 FFF7FEFF 		bl	HAL_GPIO_WritePin
 616              	.LVL70:
 143:UserDriver/Source/HWCIDri.c ****     }
 617              		.loc 1 143 9 view .LVU109
 618 003a 0022     		movs	r2, #0
 619 003c 4FF48041 		mov	r1, #16384
 620 0040 2846     		mov	r0, r5
ARM GAS  C:\Users\Administrator\AppData\Local\Temp\ccKxpFFZ.s 			page 15


 621 0042 FFF7FEFF 		bl	HAL_GPIO_WritePin
 622              	.LVL71:
 623 0046 E0E7     		b	.L61
 624              	.L66:
 147:UserDriver/Source/HWCIDri.c ****         HAL_GPIO_WritePin(TSCLOrVSPL2IN2GPIOX, TSCLOrVSPL2IN2PINX, GPIO_PIN_SET);
 625              		.loc 1 147 9 view .LVU110
 626 0048 064C     		ldr	r4, .L67
 627              	.LVL72:
 147:UserDriver/Source/HWCIDri.c ****         HAL_GPIO_WritePin(TSCLOrVSPL2IN2GPIOX, TSCLOrVSPL2IN2PINX, GPIO_PIN_SET);
 628              		.loc 1 147 9 is_stmt 0 view .LVU111
 629 004a 0122     		movs	r2, #1
 630 004c 4FF40051 		mov	r1, #8192
 631 0050 2046     		mov	r0, r4
 632 0052 FFF7FEFF 		bl	HAL_GPIO_WritePin
 633              	.LVL73:
 148:UserDriver/Source/HWCIDri.c ****     }
 634              		.loc 1 148 9 is_stmt 1 view .LVU112
 635 0056 0122     		movs	r2, #1
 636 0058 4FF48041 		mov	r1, #16384
 637 005c 2046     		mov	r0, r4
 638 005e FFF7FEFF 		bl	HAL_GPIO_WritePin
 639              	.LVL74:
 640              		.loc 1 150 1 is_stmt 0 view .LVU113
 641 0062 D4E7     		b	.L59
 642              	.L68:
 643              		.align	2
 644              	.L67:
 645 0064 000C0140 		.word	1073810432
 646              		.cfi_endproc
 647              	.LFE82:
 649              		.section	.text.VSNL2rVMTP,"ax",%progbits
 650              		.align	1
 651              		.global	VSNL2rVMTP
 652              		.syntax unified
 653              		.thumb
 654              		.thumb_func
 656              	VSNL2rVMTP:
 657              	.LVL75:
 658              	.LFB83:
 151:UserDriver/Source/HWCIDri.c **** 
 152:UserDriver/Source/HWCIDri.c **** /**
 153:UserDriver/Source/HWCIDri.c ****  * @函数名称       控制U8的模拟开关芯片，选择VSNL2还是VMTP
 154:UserDriver/Source/HWCIDri.c ****  * @说明           SelectU8HW:选择电路
 155:UserDriver/Source/HWCIDri.c ****  */
 156:UserDriver/Source/HWCIDri.c **** void VSNL2rVMTP(uint8_t SelectU8HW)
 157:UserDriver/Source/HWCIDri.c **** {
 659              		.loc 1 157 1 is_stmt 1 view -0
 660              		.cfi_startproc
 661              		@ args = 0, pretend = 0, frame = 0
 662              		@ frame_needed = 0, uses_anonymous_args = 0
 663              		.loc 1 157 1 is_stmt 0 view .LVU115
 664 0000 38B5     		push	{r3, r4, r5, lr}
 665              	.LCFI8:
 666              		.cfi_def_cfa_offset 16
 667              		.cfi_offset 3, -16
 668              		.cfi_offset 4, -12
 669              		.cfi_offset 5, -8
ARM GAS  C:\Users\Administrator\AppData\Local\Temp\ccKxpFFZ.s 			page 16


 670              		.cfi_offset 14, -4
 671 0002 0446     		mov	r4, r0
 158:UserDriver/Source/HWCIDri.c ****     if (SelectU8HW == VMTP)
 672              		.loc 1 158 5 is_stmt 1 view .LVU116
 673              		.loc 1 158 8 is_stmt 0 view .LVU117
 674 0004 0128     		cmp	r0, #1
 675 0006 01D0     		beq	.L73
 676              	.LVL76:
 677              	.L70:
 159:UserDriver/Source/HWCIDri.c ****     {
 160:UserDriver/Source/HWCIDri.c ****         HAL_GPIO_WritePin(TSCLOrVSPL2IN1GPIOX, TSCLOrVSPL2IN1PINX, GPIO_PIN_RESET);
 161:UserDriver/Source/HWCIDri.c ****         HAL_GPIO_WritePin(TSCLOrVSPL2IN2GPIOX, TSCLOrVSPL2IN2PINX, GPIO_PIN_SET);
 162:UserDriver/Source/HWCIDri.c ****     }   
 163:UserDriver/Source/HWCIDri.c ****     if (SelectU8HW == VSNL2)
 678              		.loc 1 163 5 is_stmt 1 view .LVU118
 679              		.loc 1 163 8 is_stmt 0 view .LVU119
 680 0008 74B1     		cbz	r4, .L74
 681              	.LVL77:
 682              	.L69:
 164:UserDriver/Source/HWCIDri.c ****     {
 165:UserDriver/Source/HWCIDri.c ****         HAL_GPIO_WritePin(TSCLOrVSPL2IN1GPIOX, TSCLOrVSPL2IN1PINX, GPIO_PIN_SET);
 166:UserDriver/Source/HWCIDri.c ****         HAL_GPIO_WritePin(TSCLOrVSPL2IN2GPIOX, TSCLOrVSPL2IN2PINX, GPIO_PIN_RESET);
 167:UserDriver/Source/HWCIDri.c ****     }
 168:UserDriver/Source/HWCIDri.c **** }
 683              		.loc 1 168 1 view .LVU120
 684 000a 38BD     		pop	{r3, r4, r5, pc}
 685              	.LVL78:
 686              	.L73:
 160:UserDriver/Source/HWCIDri.c ****         HAL_GPIO_WritePin(TSCLOrVSPL2IN2GPIOX, TSCLOrVSPL2IN2PINX, GPIO_PIN_SET);
 687              		.loc 1 160 9 is_stmt 1 view .LVU121
 688 000c 0D4D     		ldr	r5, .L75
 689 000e 0022     		movs	r2, #0
 690 0010 4FF40051 		mov	r1, #8192
 691 0014 2846     		mov	r0, r5
 692              	.LVL79:
 160:UserDriver/Source/HWCIDri.c ****         HAL_GPIO_WritePin(TSCLOrVSPL2IN2GPIOX, TSCLOrVSPL2IN2PINX, GPIO_PIN_SET);
 693              		.loc 1 160 9 is_stmt 0 view .LVU122
 694 0016 FFF7FEFF 		bl	HAL_GPIO_WritePin
 695              	.LVL80:
 161:UserDriver/Source/HWCIDri.c ****     }   
 696              		.loc 1 161 9 is_stmt 1 view .LVU123
 697 001a 0122     		movs	r2, #1
 698 001c 4FF48041 		mov	r1, #16384
 699 0020 2846     		mov	r0, r5
 700 0022 FFF7FEFF 		bl	HAL_GPIO_WritePin
 701              	.LVL81:
 702 0026 EFE7     		b	.L70
 703              	.L74:
 165:UserDriver/Source/HWCIDri.c ****         HAL_GPIO_WritePin(TSCLOrVSPL2IN2GPIOX, TSCLOrVSPL2IN2PINX, GPIO_PIN_RESET);
 704              		.loc 1 165 9 view .LVU124
 705 0028 064C     		ldr	r4, .L75
 706              	.LVL82:
 165:UserDriver/Source/HWCIDri.c ****         HAL_GPIO_WritePin(TSCLOrVSPL2IN2GPIOX, TSCLOrVSPL2IN2PINX, GPIO_PIN_RESET);
 707              		.loc 1 165 9 is_stmt 0 view .LVU125
 708 002a 0122     		movs	r2, #1
 709 002c 4FF40051 		mov	r1, #8192
 710 0030 2046     		mov	r0, r4
ARM GAS  C:\Users\Administrator\AppData\Local\Temp\ccKxpFFZ.s 			page 17


 711 0032 FFF7FEFF 		bl	HAL_GPIO_WritePin
 712              	.LVL83:
 166:UserDriver/Source/HWCIDri.c ****     }
 713              		.loc 1 166 9 is_stmt 1 view .LVU126
 714 0036 0022     		movs	r2, #0
 715 0038 4FF48041 		mov	r1, #16384
 716 003c 2046     		mov	r0, r4
 717 003e FFF7FEFF 		bl	HAL_GPIO_WritePin
 718              	.LVL84:
 719              		.loc 1 168 1 is_stmt 0 view .LVU127
 720 0042 E2E7     		b	.L69
 721              	.L76:
 722              		.align	2
 723              	.L75:
 724 0044 000C0140 		.word	1073810432
 725              		.cfi_endproc
 726              	.LFE83:
 728              		.section	.text.ICTypeSelect,"ax",%progbits
 729              		.align	1
 730              		.global	ICTypeSelect
 731              		.syntax unified
 732              		.thumb
 733              		.thumb_func
 735              	ICTypeSelect:
 736              	.LVL85:
 737              	.LFB84:
 169:UserDriver/Source/HWCIDri.c **** 
 170:UserDriver/Source/HWCIDri.c **** 
 171:UserDriver/Source/HWCIDri.c **** /**
 172:UserDriver/Source/HWCIDri.c ****  * @函数名称       选择IC类型
 173:UserDriver/Source/HWCIDri.c ****  * @说明           ICType:选择IC类型
 174:UserDriver/Source/HWCIDri.c ****  */
 175:UserDriver/Source/HWCIDri.c **** void ICTypeSelect(uint8_t ICType)
 176:UserDriver/Source/HWCIDri.c **** {
 738              		.loc 1 176 1 is_stmt 1 view -0
 739              		.cfi_startproc
 740              		@ args = 0, pretend = 0, frame = 0
 741              		@ frame_needed = 0, uses_anonymous_args = 0
 742              		.loc 1 176 1 is_stmt 0 view .LVU129
 743 0000 10B5     		push	{r4, lr}
 744              	.LCFI9:
 745              		.cfi_def_cfa_offset 8
 746              		.cfi_offset 4, -8
 747              		.cfi_offset 14, -4
 177:UserDriver/Source/HWCIDri.c ****     if (ICType == E52bit)
 748              		.loc 1 177 5 is_stmt 1 view .LVU130
 749              		.loc 1 177 8 is_stmt 0 view .LVU131
 750 0002 0446     		mov	r4, r0
 751 0004 20B1     		cbz	r0, .L82
 752              	.LVL86:
 753              	.L78:
 178:UserDriver/Source/HWCIDri.c ****     {
 179:UserDriver/Source/HWCIDri.c ****         VDDLOrHiz(U2Hiz);
 180:UserDriver/Source/HWCIDri.c ****         TSCLOrVSPL2OrHiz(TSCL);
 181:UserDriver/Source/HWCIDri.c ****         VDDOrAAVSPL2(VDD);
 182:UserDriver/Source/HWCIDri.c ****         VSNL2rVMTP(VMTP);
 183:UserDriver/Source/HWCIDri.c ****     }   
ARM GAS  C:\Users\Administrator\AppData\Local\Temp\ccKxpFFZ.s 			page 18


 184:UserDriver/Source/HWCIDri.c ****     if (ICType == E53bitAA)
 754              		.loc 1 184 5 is_stmt 1 view .LVU132
 755              		.loc 1 184 8 is_stmt 0 view .LVU133
 756 0006 012C     		cmp	r4, #1
 757 0008 0ED0     		beq	.L83
 758              	.L79:
 185:UserDriver/Source/HWCIDri.c ****     {
 186:UserDriver/Source/HWCIDri.c ****         VDDLOrHiz(VDDL);
 187:UserDriver/Source/HWCIDri.c ****         TSCLOrVSPL2OrHiz(U3Hiz);
 188:UserDriver/Source/HWCIDri.c ****         VDDOrAAVSPL2(AAVSPL2);
 189:UserDriver/Source/HWCIDri.c ****         VSNL2rVMTP(VSNL2);
 190:UserDriver/Source/HWCIDri.c ****     }
 191:UserDriver/Source/HWCIDri.c ****     if (ICType == E53bitVA)
 759              		.loc 1 191 5 is_stmt 1 view .LVU134
 760              		.loc 1 191 8 is_stmt 0 view .LVU135
 761 000a 022C     		cmp	r4, #2
 762 000c 19D0     		beq	.L84
 763              	.L77:
 192:UserDriver/Source/HWCIDri.c ****     {
 193:UserDriver/Source/HWCIDri.c ****         VDDLOrHiz(VDDL);
 194:UserDriver/Source/HWCIDri.c ****         TSCLOrVSPL2OrHiz(VSNL2);
 195:UserDriver/Source/HWCIDri.c ****         VDDOrAAVSPL2(VDD);
 196:UserDriver/Source/HWCIDri.c ****         VSNL2rVMTP(VSNL2);
 197:UserDriver/Source/HWCIDri.c ****     }
 198:UserDriver/Source/HWCIDri.c **** }
 764              		.loc 1 198 1 view .LVU136
 765 000e 10BD     		pop	{r4, pc}
 766              	.LVL87:
 767              	.L82:
 179:UserDriver/Source/HWCIDri.c ****         TSCLOrVSPL2OrHiz(TSCL);
 768              		.loc 1 179 9 is_stmt 1 view .LVU137
 769 0010 FFF7FEFF 		bl	VDDLOrHiz
 770              	.LVL88:
 180:UserDriver/Source/HWCIDri.c ****         VDDOrAAVSPL2(VDD);
 771              		.loc 1 180 9 view .LVU138
 772 0014 0020     		movs	r0, #0
 773 0016 FFF7FEFF 		bl	TSCLOrVSPL2OrHiz
 774              	.LVL89:
 181:UserDriver/Source/HWCIDri.c ****         VSNL2rVMTP(VMTP);
 775              		.loc 1 181 9 view .LVU139
 776 001a 0120     		movs	r0, #1
 777 001c FFF7FEFF 		bl	VDDOrAAVSPL2
 778              	.LVL90:
 182:UserDriver/Source/HWCIDri.c ****     }   
 779              		.loc 1 182 9 view .LVU140
 780 0020 0120     		movs	r0, #1
 781 0022 FFF7FEFF 		bl	VSNL2rVMTP
 782              	.LVL91:
 783 0026 EEE7     		b	.L78
 784              	.L83:
 186:UserDriver/Source/HWCIDri.c ****         TSCLOrVSPL2OrHiz(U3Hiz);
 785              		.loc 1 186 9 view .LVU141
 786 0028 0120     		movs	r0, #1
 787 002a FFF7FEFF 		bl	VDDLOrHiz
 788              	.LVL92:
 187:UserDriver/Source/HWCIDri.c ****         VDDOrAAVSPL2(AAVSPL2);
 789              		.loc 1 187 9 view .LVU142
ARM GAS  C:\Users\Administrator\AppData\Local\Temp\ccKxpFFZ.s 			page 19


 790 002e 0220     		movs	r0, #2
 791 0030 FFF7FEFF 		bl	TSCLOrVSPL2OrHiz
 792              	.LVL93:
 188:UserDriver/Source/HWCIDri.c ****         VSNL2rVMTP(VSNL2);
 793              		.loc 1 188 9 view .LVU143
 794 0034 0020     		movs	r0, #0
 795 0036 FFF7FEFF 		bl	VDDOrAAVSPL2
 796              	.LVL94:
 189:UserDriver/Source/HWCIDri.c ****     }
 797              		.loc 1 189 9 view .LVU144
 798 003a 0020     		movs	r0, #0
 799 003c FFF7FEFF 		bl	VSNL2rVMTP
 800              	.LVL95:
 801 0040 E3E7     		b	.L79
 802              	.L84:
 193:UserDriver/Source/HWCIDri.c ****         TSCLOrVSPL2OrHiz(VSNL2);
 803              		.loc 1 193 9 view .LVU145
 804 0042 0120     		movs	r0, #1
 805 0044 FFF7FEFF 		bl	VDDLOrHiz
 806              	.LVL96:
 194:UserDriver/Source/HWCIDri.c ****         VDDOrAAVSPL2(VDD);
 807              		.loc 1 194 9 view .LVU146
 808 0048 0020     		movs	r0, #0
 809 004a FFF7FEFF 		bl	TSCLOrVSPL2OrHiz
 810              	.LVL97:
 195:UserDriver/Source/HWCIDri.c ****         VSNL2rVMTP(VSNL2);
 811              		.loc 1 195 9 view .LVU147
 812 004e 0120     		movs	r0, #1
 813 0050 FFF7FEFF 		bl	VDDOrAAVSPL2
 814              	.LVL98:
 196:UserDriver/Source/HWCIDri.c ****     }
 815              		.loc 1 196 9 view .LVU148
 816 0054 0020     		movs	r0, #0
 817 0056 FFF7FEFF 		bl	VSNL2rVMTP
 818              	.LVL99:
 819              		.loc 1 198 1 is_stmt 0 view .LVU149
 820 005a D8E7     		b	.L77
 821              		.cfi_endproc
 822              	.LFE84:
 824              		.text
 825              	.Letext0:
 826              		.file 2 "D:/gcc-arm/14.3 rel1/arm-none-eabi/include/machine/_default_types.h"
 827              		.file 3 "D:/gcc-arm/14.3 rel1/arm-none-eabi/include/sys/_stdint.h"
 828              		.file 4 "Drivers/CMSIS/Device/ST/STM32F1xx/Include/stm32f103xg.h"
 829              		.file 5 "Drivers/STM32F1xx_HAL_Driver/Inc/stm32f1xx_hal_gpio.h"
ARM GAS  C:\Users\Administrator\AppData\Local\Temp\ccKxpFFZ.s 			page 20


DEFINED SYMBOLS
                            *ABS*:00000000 HWCIDri.c
C:\Users\Administrator\AppData\Local\Temp\ccKxpFFZ.s:19     .text.VDDSwitch:00000000 $t
C:\Users\Administrator\AppData\Local\Temp\ccKxpFFZ.s:25     .text.VDDSwitch:00000000 VDDSwitch
C:\Users\Administrator\AppData\Local\Temp\ccKxpFFZ.s:74     .text.VDDSwitch:00000024 $d
C:\Users\Administrator\AppData\Local\Temp\ccKxpFFZ.s:79     .text.LVSwitch:00000000 $t
C:\Users\Administrator\AppData\Local\Temp\ccKxpFFZ.s:85     .text.LVSwitch:00000000 LVSwitch
C:\Users\Administrator\AppData\Local\Temp\ccKxpFFZ.s:134    .text.LVSwitch:00000028 $d
C:\Users\Administrator\AppData\Local\Temp\ccKxpFFZ.s:139    .text.SelectInductor:00000000 $t
C:\Users\Administrator\AppData\Local\Temp\ccKxpFFZ.s:145    .text.SelectInductor:00000000 SelectInductor
C:\Users\Administrator\AppData\Local\Temp\ccKxpFFZ.s:213    .text.SelectInductor:0000003c $d
C:\Users\Administrator\AppData\Local\Temp\ccKxpFFZ.s:218    .text.SelectResistance:00000000 $t
C:\Users\Administrator\AppData\Local\Temp\ccKxpFFZ.s:224    .text.SelectResistance:00000000 SelectResistance
C:\Users\Administrator\AppData\Local\Temp\ccKxpFFZ.s:312    .text.SelectResistance:00000064 $d
C:\Users\Administrator\AppData\Local\Temp\ccKxpFFZ.s:317    .text.SelectESLSPI:00000000 $t
C:\Users\Administrator\AppData\Local\Temp\ccKxpFFZ.s:323    .text.SelectESLSPI:00000000 SelectESLSPI
C:\Users\Administrator\AppData\Local\Temp\ccKxpFFZ.s:384    .text.SelectESLSPI:0000003c $d
C:\Users\Administrator\AppData\Local\Temp\ccKxpFFZ.s:390    .text.VDDOrAAVSPL2:00000000 $t
C:\Users\Administrator\AppData\Local\Temp\ccKxpFFZ.s:396    .text.VDDOrAAVSPL2:00000000 VDDOrAAVSPL2
C:\Users\Administrator\AppData\Local\Temp\ccKxpFFZ.s:467    .text.VDDOrAAVSPL2:0000004c $d
C:\Users\Administrator\AppData\Local\Temp\ccKxpFFZ.s:472    .text.VDDLOrHiz:00000000 $t
C:\Users\Administrator\AppData\Local\Temp\ccKxpFFZ.s:478    .text.VDDLOrHiz:00000000 VDDLOrHiz
C:\Users\Administrator\AppData\Local\Temp\ccKxpFFZ.s:546    .text.VDDLOrHiz:00000044 $d
C:\Users\Administrator\AppData\Local\Temp\ccKxpFFZ.s:551    .text.TSCLOrVSPL2OrHiz:00000000 $t
C:\Users\Administrator\AppData\Local\Temp\ccKxpFFZ.s:557    .text.TSCLOrVSPL2OrHiz:00000000 TSCLOrVSPL2OrHiz
C:\Users\Administrator\AppData\Local\Temp\ccKxpFFZ.s:645    .text.TSCLOrVSPL2OrHiz:00000064 $d
C:\Users\Administrator\AppData\Local\Temp\ccKxpFFZ.s:650    .text.VSNL2rVMTP:00000000 $t
C:\Users\Administrator\AppData\Local\Temp\ccKxpFFZ.s:656    .text.VSNL2rVMTP:00000000 VSNL2rVMTP
C:\Users\Administrator\AppData\Local\Temp\ccKxpFFZ.s:724    .text.VSNL2rVMTP:00000044 $d
C:\Users\Administrator\AppData\Local\Temp\ccKxpFFZ.s:729    .text.ICTypeSelect:00000000 $t
C:\Users\Administrator\AppData\Local\Temp\ccKxpFFZ.s:735    .text.ICTypeSelect:00000000 ICTypeSelect

UNDEFINED SYMBOLS
HAL_GPIO_WritePin
