ARM GAS  C:\Users\Administrator\AppData\Local\Temp\ccClFtls.s 			page 1


   1              		.cpu cortex-m3
   2              		.arch armv7-m
   3              		.fpu softvfp
   4              		.eabi_attribute 20, 1
   5              		.eabi_attribute 21, 1
   6              		.eabi_attribute 23, 3
   7              		.eabi_attribute 24, 1
   8              		.eabi_attribute 25, 1
   9              		.eabi_attribute 26, 1
  10              		.eabi_attribute 30, 1
  11              		.eabi_attribute 34, 1
  12              		.eabi_attribute 18, 4
  13              		.file	"main.c"
  14              		.text
  15              	.Ltext0:
  16              		.cfi_sections	.debug_frame
  17              		.file 1 "Core/Src/main.c"
  18              		.section	.text.HAL_TIM_PeriodElapsedCallback,"ax",%progbits
  19              		.align	1
  20              		.global	HAL_TIM_PeriodElapsedCallback
  21              		.syntax unified
  22              		.thumb
  23              		.thumb_func
  25              	HAL_TIM_PeriodElapsedCallback:
  26              	.LVL0:
  27              	.LFB81:
   1:Core/Src/main.c **** /* USER CODE BEGIN Header */
   2:Core/Src/main.c **** /**
   3:Core/Src/main.c ****   ******************************************************************************
   4:Core/Src/main.c ****   * @file           : main.c
   5:Core/Src/main.c ****   * @brief          : Main program body
   6:Core/Src/main.c ****   ******************************************************************************
   7:Core/Src/main.c ****   * @attention
   8:Core/Src/main.c ****   *
   9:Core/Src/main.c ****   * Copyright (c) 2025 STMicroelectronics.
  10:Core/Src/main.c ****   * All rights reserved.
  11:Core/Src/main.c ****   *
  12:Core/Src/main.c ****   * This software is licensed under terms that can be found in the LICENSE file
  13:Core/Src/main.c ****   * in the root directory of this software component.
  14:Core/Src/main.c ****   * If no LICENSE file comes with this software, it is provided AS-IS.
  15:Core/Src/main.c ****   *
  16:Core/Src/main.c ****   ******************************************************************************
  17:Core/Src/main.c ****   */
  18:Core/Src/main.c **** /* USER CODE END Header */
  19:Core/Src/main.c **** /* Includes ------------------------------------------------------------------*/
  20:Core/Src/main.c **** #include "main.h"
  21:Core/Src/main.c **** #include "cmsis_os.h"
  22:Core/Src/main.c **** #include "adc.h"
  23:Core/Src/main.c **** #include "dma.h"
  24:Core/Src/main.c **** #include "usb_device.h"
  25:Core/Src/main.c **** #include "gpio.h"
  26:Core/Src/main.c **** 
  27:Core/Src/main.c **** /* Private includes ----------------------------------------------------------*/
  28:Core/Src/main.c **** /* USER CODE BEGIN Includes */
  29:Core/Src/main.c **** #include "ReceiveDataProcess.h"
  30:Core/Src/main.c **** #include "SendDataProcess.h"
  31:Core/Src/main.c **** #include "ADCAPP.h"
ARM GAS  C:\Users\Administrator\AppData\Local\Temp\ccClFtls.s 			page 2


  32:Core/Src/main.c **** #include "TaskList.h"
  33:Core/Src/main.c **** /* USER CODE END Includes */
  34:Core/Src/main.c **** 
  35:Core/Src/main.c **** /* Private typedef -----------------------------------------------------------*/
  36:Core/Src/main.c **** /* USER CODE BEGIN PTD */
  37:Core/Src/main.c **** 
  38:Core/Src/main.c **** /* USER CODE END PTD */
  39:Core/Src/main.c **** 
  40:Core/Src/main.c **** /* Private define ------------------------------------------------------------*/
  41:Core/Src/main.c **** /* USER CODE BEGIN PD */
  42:Core/Src/main.c **** 
  43:Core/Src/main.c **** /* USER CODE END PD */
  44:Core/Src/main.c **** 
  45:Core/Src/main.c **** /* Private macro -------------------------------------------------------------*/
  46:Core/Src/main.c **** /* USER CODE BEGIN PM */
  47:Core/Src/main.c **** 
  48:Core/Src/main.c **** /* USER CODE END PM */
  49:Core/Src/main.c **** 
  50:Core/Src/main.c **** /* Private variables ---------------------------------------------------------*/
  51:Core/Src/main.c **** 
  52:Core/Src/main.c **** /* USER CODE BEGIN PV */
  53:Core/Src/main.c **** 
  54:Core/Src/main.c **** /* USER CODE END PV */
  55:Core/Src/main.c **** 
  56:Core/Src/main.c **** /* Private function prototypes -----------------------------------------------*/
  57:Core/Src/main.c **** void SystemClock_Config(void);
  58:Core/Src/main.c **** void MX_FREERTOS_Init(void);
  59:Core/Src/main.c **** /* USER CODE BEGIN PFP */
  60:Core/Src/main.c **** 
  61:Core/Src/main.c **** /* USER CODE END PFP */
  62:Core/Src/main.c **** 
  63:Core/Src/main.c **** /* Private user code ---------------------------------------------------------*/
  64:Core/Src/main.c **** /* USER CODE BEGIN 0 */
  65:Core/Src/main.c **** 
  66:Core/Src/main.c **** /* USER CODE END 0 */
  67:Core/Src/main.c **** 
  68:Core/Src/main.c **** /**
  69:Core/Src/main.c ****   * @brief  The application entry point.
  70:Core/Src/main.c ****   * @retval int
  71:Core/Src/main.c ****   */
  72:Core/Src/main.c **** int main(void)
  73:Core/Src/main.c **** {
  74:Core/Src/main.c **** 
  75:Core/Src/main.c ****   /* USER CODE BEGIN 1 */
  76:Core/Src/main.c ****   
  77:Core/Src/main.c ****   /* USER CODE END 1 */
  78:Core/Src/main.c **** 
  79:Core/Src/main.c ****   /* MCU Configuration--------------------------------------------------------*/
  80:Core/Src/main.c **** 
  81:Core/Src/main.c ****   /* Reset of all peripherals, Initializes the Flash interface and the Systick. */
  82:Core/Src/main.c ****   HAL_Init();
  83:Core/Src/main.c **** 
  84:Core/Src/main.c ****   /* USER CODE BEGIN Init */
  85:Core/Src/main.c **** 
  86:Core/Src/main.c ****   /* USER CODE END Init */
  87:Core/Src/main.c **** 
  88:Core/Src/main.c ****   /* Configure the system clock */
ARM GAS  C:\Users\Administrator\AppData\Local\Temp\ccClFtls.s 			page 3


  89:Core/Src/main.c ****   SystemClock_Config();
  90:Core/Src/main.c **** 
  91:Core/Src/main.c ****   /* USER CODE BEGIN SysInit */
  92:Core/Src/main.c **** 
  93:Core/Src/main.c ****   /* USER CODE END SysInit */
  94:Core/Src/main.c **** 
  95:Core/Src/main.c ****   /* Initialize all configured peripherals */
  96:Core/Src/main.c ****   MX_GPIO_Init();
  97:Core/Src/main.c ****   MX_DMA_Init();
  98:Core/Src/main.c ****   MX_ADC1_Init();
  99:Core/Src/main.c ****   MX_USB_DEVICE_Init();
 100:Core/Src/main.c ****   /* USER CODE BEGIN 2 */
 101:Core/Src/main.c **** 
 102:Core/Src/main.c ****   vCreateReceiveDataTask();
 103:Core/Src/main.c ****   vCreateSendLogTask();
 104:Core/Src/main.c ****   vCreateHWCIProcessTask();
 105:Core/Src/main.c ****   vCreateADCTask();
 106:Core/Src/main.c ****   
 107:Core/Src/main.c ****   /* USER CODE END 2 */
 108:Core/Src/main.c **** 
 109:Core/Src/main.c ****   /* Init scheduler */
 110:Core/Src/main.c ****   osKernelInitialize();  /* Call init function for freertos objects (in cmsis_os2.c) */
 111:Core/Src/main.c ****   MX_FREERTOS_Init();
 112:Core/Src/main.c **** 
 113:Core/Src/main.c ****   /* Start scheduler */
 114:Core/Src/main.c ****   osKernelStart();
 115:Core/Src/main.c **** 
 116:Core/Src/main.c ****   /* We should never get here as control is now taken by the scheduler */
 117:Core/Src/main.c **** 
 118:Core/Src/main.c ****   /* Infinite loop */
 119:Core/Src/main.c ****   /* USER CODE BEGIN WHILE */
 120:Core/Src/main.c ****   while (1)
 121:Core/Src/main.c ****   {
 122:Core/Src/main.c ****     /* USER CODE END WHILE */
 123:Core/Src/main.c **** 
 124:Core/Src/main.c ****     /* USER CODE BEGIN 3 */
 125:Core/Src/main.c ****     
 126:Core/Src/main.c ****   }
 127:Core/Src/main.c ****   /* USER CODE END 3 */
 128:Core/Src/main.c **** }
 129:Core/Src/main.c **** 
 130:Core/Src/main.c **** /**
 131:Core/Src/main.c ****   * @brief System Clock Configuration
 132:Core/Src/main.c ****   * @retval None
 133:Core/Src/main.c ****   */
 134:Core/Src/main.c **** void SystemClock_Config(void)
 135:Core/Src/main.c **** {
 136:Core/Src/main.c ****   RCC_OscInitTypeDef RCC_OscInitStruct = {0};
 137:Core/Src/main.c ****   RCC_ClkInitTypeDef RCC_ClkInitStruct = {0};
 138:Core/Src/main.c ****   RCC_PeriphCLKInitTypeDef PeriphClkInit = {0};
 139:Core/Src/main.c **** 
 140:Core/Src/main.c ****   /** Initializes the RCC Oscillators according to the specified parameters
 141:Core/Src/main.c ****   * in the RCC_OscInitTypeDef structure.
 142:Core/Src/main.c ****   */
 143:Core/Src/main.c ****   RCC_OscInitStruct.OscillatorType = RCC_OSCILLATORTYPE_HSE;
 144:Core/Src/main.c ****   RCC_OscInitStruct.HSEState = RCC_HSE_ON;
 145:Core/Src/main.c ****   RCC_OscInitStruct.HSEPredivValue = RCC_HSE_PREDIV_DIV1;
ARM GAS  C:\Users\Administrator\AppData\Local\Temp\ccClFtls.s 			page 4


 146:Core/Src/main.c ****   RCC_OscInitStruct.HSIState = RCC_HSI_ON;
 147:Core/Src/main.c ****   RCC_OscInitStruct.PLL.PLLState = RCC_PLL_ON;
 148:Core/Src/main.c ****   RCC_OscInitStruct.PLL.PLLSource = RCC_PLLSOURCE_HSE;
 149:Core/Src/main.c ****   RCC_OscInitStruct.PLL.PLLMUL = RCC_PLL_MUL9;
 150:Core/Src/main.c ****   if (HAL_RCC_OscConfig(&RCC_OscInitStruct) != HAL_OK)
 151:Core/Src/main.c ****   {
 152:Core/Src/main.c ****     Error_Handler();
 153:Core/Src/main.c ****   }
 154:Core/Src/main.c **** 
 155:Core/Src/main.c ****   /** Initializes the CPU, AHB and APB buses clocks
 156:Core/Src/main.c ****   */
 157:Core/Src/main.c ****   RCC_ClkInitStruct.ClockType = RCC_CLOCKTYPE_HCLK|RCC_CLOCKTYPE_SYSCLK
 158:Core/Src/main.c ****                               |RCC_CLOCKTYPE_PCLK1|RCC_CLOCKTYPE_PCLK2;
 159:Core/Src/main.c ****   RCC_ClkInitStruct.SYSCLKSource = RCC_SYSCLKSOURCE_PLLCLK;
 160:Core/Src/main.c ****   RCC_ClkInitStruct.AHBCLKDivider = RCC_SYSCLK_DIV1;
 161:Core/Src/main.c ****   RCC_ClkInitStruct.APB1CLKDivider = RCC_HCLK_DIV2;
 162:Core/Src/main.c ****   RCC_ClkInitStruct.APB2CLKDivider = RCC_HCLK_DIV1;
 163:Core/Src/main.c **** 
 164:Core/Src/main.c ****   if (HAL_RCC_ClockConfig(&RCC_ClkInitStruct, FLASH_LATENCY_2) != HAL_OK)
 165:Core/Src/main.c ****   {
 166:Core/Src/main.c ****     Error_Handler();
 167:Core/Src/main.c ****   }
 168:Core/Src/main.c ****   PeriphClkInit.PeriphClockSelection = RCC_PERIPHCLK_ADC|RCC_PERIPHCLK_USB;
 169:Core/Src/main.c ****   PeriphClkInit.AdcClockSelection = RCC_ADCPCLK2_DIV6;
 170:Core/Src/main.c ****   PeriphClkInit.UsbClockSelection = RCC_USBCLKSOURCE_PLL_DIV1_5;
 171:Core/Src/main.c ****   if (HAL_RCCEx_PeriphCLKConfig(&PeriphClkInit) != HAL_OK)
 172:Core/Src/main.c ****   {
 173:Core/Src/main.c ****     Error_Handler();
 174:Core/Src/main.c ****   }
 175:Core/Src/main.c **** }
 176:Core/Src/main.c **** 
 177:Core/Src/main.c **** /* USER CODE BEGIN 4 */
 178:Core/Src/main.c **** 
 179:Core/Src/main.c **** /* USER CODE END 4 */
 180:Core/Src/main.c **** 
 181:Core/Src/main.c **** /**
 182:Core/Src/main.c ****   * @brief  Period elapsed callback in non blocking mode
 183:Core/Src/main.c ****   * @note   This function is called  when TIM6 interrupt took place, inside
 184:Core/Src/main.c ****   * HAL_TIM_IRQHandler(). It makes a direct call to HAL_IncTick() to increment
 185:Core/Src/main.c ****   * a global variable "uwTick" used as application time base.
 186:Core/Src/main.c ****   * @param  htim : TIM handle
 187:Core/Src/main.c ****   * @retval None
 188:Core/Src/main.c ****   */
 189:Core/Src/main.c **** void HAL_TIM_PeriodElapsedCallback(TIM_HandleTypeDef *htim)
 190:Core/Src/main.c **** {
  28              		.loc 1 190 1 view -0
  29              		.cfi_startproc
  30              		@ args = 0, pretend = 0, frame = 0
  31              		@ frame_needed = 0, uses_anonymous_args = 0
  32              		.loc 1 190 1 is_stmt 0 view .LVU1
  33 0000 08B5     		push	{r3, lr}
  34              	.LCFI0:
  35              		.cfi_def_cfa_offset 8
  36              		.cfi_offset 3, -8
  37              		.cfi_offset 14, -4
 191:Core/Src/main.c ****   /* USER CODE BEGIN Callback 0 */
 192:Core/Src/main.c **** 
ARM GAS  C:\Users\Administrator\AppData\Local\Temp\ccClFtls.s 			page 5


 193:Core/Src/main.c ****   /* USER CODE END Callback 0 */
 194:Core/Src/main.c ****   if (htim->Instance == TIM6)
  38              		.loc 1 194 3 is_stmt 1 view .LVU2
  39              		.loc 1 194 11 is_stmt 0 view .LVU3
  40 0002 0268     		ldr	r2, [r0]
  41              		.loc 1 194 6 view .LVU4
  42 0004 034B     		ldr	r3, .L5
  43 0006 9A42     		cmp	r2, r3
  44 0008 00D0     		beq	.L4
  45              	.LVL1:
  46              	.L1:
 195:Core/Src/main.c ****   {
 196:Core/Src/main.c ****     HAL_IncTick();
 197:Core/Src/main.c ****   }
 198:Core/Src/main.c ****   /* USER CODE BEGIN Callback 1 */
 199:Core/Src/main.c **** 
 200:Core/Src/main.c ****   /* USER CODE END Callback 1 */
 201:Core/Src/main.c **** }
  47              		.loc 1 201 1 view .LVU5
  48 000a 08BD     		pop	{r3, pc}
  49              	.LVL2:
  50              	.L4:
 196:Core/Src/main.c ****   }
  51              		.loc 1 196 5 is_stmt 1 view .LVU6
  52 000c FFF7FEFF 		bl	HAL_IncTick
  53              	.LVL3:
  54              		.loc 1 201 1 is_stmt 0 view .LVU7
  55 0010 FBE7     		b	.L1
  56              	.L6:
  57 0012 00BF     		.align	2
  58              	.L5:
  59 0014 00100040 		.word	1073745920
  60              		.cfi_endproc
  61              	.LFE81:
  63              		.section	.text.Error_Handler,"ax",%progbits
  64              		.align	1
  65              		.global	Error_Handler
  66              		.syntax unified
  67              		.thumb
  68              		.thumb_func
  70              	Error_Handler:
  71              	.LFB82:
 202:Core/Src/main.c **** 
 203:Core/Src/main.c **** /**
 204:Core/Src/main.c ****   * @brief  This function is executed in case of error occurrence.
 205:Core/Src/main.c ****   * @retval None
 206:Core/Src/main.c ****   */
 207:Core/Src/main.c **** void Error_Handler(void)
 208:Core/Src/main.c **** {
  72              		.loc 1 208 1 is_stmt 1 view -0
  73              		.cfi_startproc
  74              		@ Volatile: function does not return.
  75              		@ args = 0, pretend = 0, frame = 0
  76              		@ frame_needed = 0, uses_anonymous_args = 0
  77              		@ link register save eliminated.
 209:Core/Src/main.c ****   /* USER CODE BEGIN Error_Handler_Debug */
 210:Core/Src/main.c ****   /* User can add his own implementation to report the HAL error return state */
ARM GAS  C:\Users\Administrator\AppData\Local\Temp\ccClFtls.s 			page 6


 211:Core/Src/main.c ****   __disable_irq();
  78              		.loc 1 211 3 view .LVU9
  79              	.LBB4:
  80              	.LBI4:
  81              		.file 2 "Drivers/CMSIS/Include/cmsis_gcc.h"
   1:Drivers/CMSIS/Include/cmsis_gcc.h **** /**************************************************************************//**
   2:Drivers/CMSIS/Include/cmsis_gcc.h ****  * @file     cmsis_gcc.h
   3:Drivers/CMSIS/Include/cmsis_gcc.h ****  * @brief    CMSIS compiler GCC header file
   4:Drivers/CMSIS/Include/cmsis_gcc.h ****  * @version  V5.0.4
   5:Drivers/CMSIS/Include/cmsis_gcc.h ****  * @date     09. April 2018
   6:Drivers/CMSIS/Include/cmsis_gcc.h ****  ******************************************************************************/
   7:Drivers/CMSIS/Include/cmsis_gcc.h **** /*
   8:Drivers/CMSIS/Include/cmsis_gcc.h ****  * Copyright (c) 2009-2018 Arm Limited. All rights reserved.
   9:Drivers/CMSIS/Include/cmsis_gcc.h ****  *
  10:Drivers/CMSIS/Include/cmsis_gcc.h ****  * SPDX-License-Identifier: Apache-2.0
  11:Drivers/CMSIS/Include/cmsis_gcc.h ****  *
  12:Drivers/CMSIS/Include/cmsis_gcc.h ****  * Licensed under the Apache License, Version 2.0 (the License); you may
  13:Drivers/CMSIS/Include/cmsis_gcc.h ****  * not use this file except in compliance with the License.
  14:Drivers/CMSIS/Include/cmsis_gcc.h ****  * You may obtain a copy of the License at
  15:Drivers/CMSIS/Include/cmsis_gcc.h ****  *
  16:Drivers/CMSIS/Include/cmsis_gcc.h ****  * www.apache.org/licenses/LICENSE-2.0
  17:Drivers/CMSIS/Include/cmsis_gcc.h ****  *
  18:Drivers/CMSIS/Include/cmsis_gcc.h ****  * Unless required by applicable law or agreed to in writing, software
  19:Drivers/CMSIS/Include/cmsis_gcc.h ****  * distributed under the License is distributed on an AS IS BASIS, WITHOUT
  20:Drivers/CMSIS/Include/cmsis_gcc.h ****  * WARRANTIES OR CONDITIONS OF ANY KIND, either express or implied.
  21:Drivers/CMSIS/Include/cmsis_gcc.h ****  * See the License for the specific language governing permissions and
  22:Drivers/CMSIS/Include/cmsis_gcc.h ****  * limitations under the License.
  23:Drivers/CMSIS/Include/cmsis_gcc.h ****  */
  24:Drivers/CMSIS/Include/cmsis_gcc.h **** 
  25:Drivers/CMSIS/Include/cmsis_gcc.h **** #ifndef __CMSIS_GCC_H
  26:Drivers/CMSIS/Include/cmsis_gcc.h **** #define __CMSIS_GCC_H
  27:Drivers/CMSIS/Include/cmsis_gcc.h **** 
  28:Drivers/CMSIS/Include/cmsis_gcc.h **** /* ignore some GCC warnings */
  29:Drivers/CMSIS/Include/cmsis_gcc.h **** #pragma GCC diagnostic push
  30:Drivers/CMSIS/Include/cmsis_gcc.h **** #pragma GCC diagnostic ignored "-Wsign-conversion"
  31:Drivers/CMSIS/Include/cmsis_gcc.h **** #pragma GCC diagnostic ignored "-Wconversion"
  32:Drivers/CMSIS/Include/cmsis_gcc.h **** #pragma GCC diagnostic ignored "-Wunused-parameter"
  33:Drivers/CMSIS/Include/cmsis_gcc.h **** 
  34:Drivers/CMSIS/Include/cmsis_gcc.h **** /* Fallback for __has_builtin */
  35:Drivers/CMSIS/Include/cmsis_gcc.h **** #ifndef __has_builtin
  36:Drivers/CMSIS/Include/cmsis_gcc.h ****   #define __has_builtin(x) (0)
  37:Drivers/CMSIS/Include/cmsis_gcc.h **** #endif
  38:Drivers/CMSIS/Include/cmsis_gcc.h **** 
  39:Drivers/CMSIS/Include/cmsis_gcc.h **** /* CMSIS compiler specific defines */
  40:Drivers/CMSIS/Include/cmsis_gcc.h **** #ifndef   __ASM
  41:Drivers/CMSIS/Include/cmsis_gcc.h ****   #define __ASM                                  __asm
  42:Drivers/CMSIS/Include/cmsis_gcc.h **** #endif
  43:Drivers/CMSIS/Include/cmsis_gcc.h **** #ifndef   __INLINE
  44:Drivers/CMSIS/Include/cmsis_gcc.h ****   #define __INLINE                               inline
  45:Drivers/CMSIS/Include/cmsis_gcc.h **** #endif
  46:Drivers/CMSIS/Include/cmsis_gcc.h **** #ifndef   __STATIC_INLINE
  47:Drivers/CMSIS/Include/cmsis_gcc.h ****   #define __STATIC_INLINE                        static inline
  48:Drivers/CMSIS/Include/cmsis_gcc.h **** #endif
  49:Drivers/CMSIS/Include/cmsis_gcc.h **** #ifndef   __STATIC_FORCEINLINE                 
  50:Drivers/CMSIS/Include/cmsis_gcc.h ****   #define __STATIC_FORCEINLINE                   __attribute__((always_inline)) static inline
  51:Drivers/CMSIS/Include/cmsis_gcc.h **** #endif                                           
  52:Drivers/CMSIS/Include/cmsis_gcc.h **** #ifndef   __NO_RETURN
ARM GAS  C:\Users\Administrator\AppData\Local\Temp\ccClFtls.s 			page 7


  53:Drivers/CMSIS/Include/cmsis_gcc.h ****   #define __NO_RETURN                            __attribute__((__noreturn__))
  54:Drivers/CMSIS/Include/cmsis_gcc.h **** #endif
  55:Drivers/CMSIS/Include/cmsis_gcc.h **** #ifndef   __USED
  56:Drivers/CMSIS/Include/cmsis_gcc.h ****   #define __USED                                 __attribute__((used))
  57:Drivers/CMSIS/Include/cmsis_gcc.h **** #endif
  58:Drivers/CMSIS/Include/cmsis_gcc.h **** #ifndef   __WEAK
  59:Drivers/CMSIS/Include/cmsis_gcc.h ****   #define __WEAK                                 __attribute__((weak))
  60:Drivers/CMSIS/Include/cmsis_gcc.h **** #endif
  61:Drivers/CMSIS/Include/cmsis_gcc.h **** #ifndef   __PACKED
  62:Drivers/CMSIS/Include/cmsis_gcc.h ****   #define __PACKED                               __attribute__((packed, aligned(1)))
  63:Drivers/CMSIS/Include/cmsis_gcc.h **** #endif
  64:Drivers/CMSIS/Include/cmsis_gcc.h **** #ifndef   __PACKED_STRUCT
  65:Drivers/CMSIS/Include/cmsis_gcc.h ****   #define __PACKED_STRUCT                        struct __attribute__((packed, aligned(1)))
  66:Drivers/CMSIS/Include/cmsis_gcc.h **** #endif
  67:Drivers/CMSIS/Include/cmsis_gcc.h **** #ifndef   __PACKED_UNION
  68:Drivers/CMSIS/Include/cmsis_gcc.h ****   #define __PACKED_UNION                         union __attribute__((packed, aligned(1)))
  69:Drivers/CMSIS/Include/cmsis_gcc.h **** #endif
  70:Drivers/CMSIS/Include/cmsis_gcc.h **** #ifndef   __UNALIGNED_UINT32        /* deprecated */
  71:Drivers/CMSIS/Include/cmsis_gcc.h ****   #pragma GCC diagnostic push
  72:Drivers/CMSIS/Include/cmsis_gcc.h ****   #pragma GCC diagnostic ignored "-Wpacked"
  73:Drivers/CMSIS/Include/cmsis_gcc.h ****   #pragma GCC diagnostic ignored "-Wattributes"
  74:Drivers/CMSIS/Include/cmsis_gcc.h ****   struct __attribute__((packed)) T_UINT32 { uint32_t v; };
  75:Drivers/CMSIS/Include/cmsis_gcc.h ****   #pragma GCC diagnostic pop
  76:Drivers/CMSIS/Include/cmsis_gcc.h ****   #define __UNALIGNED_UINT32(x)                  (((struct T_UINT32 *)(x))->v)
  77:Drivers/CMSIS/Include/cmsis_gcc.h **** #endif
  78:Drivers/CMSIS/Include/cmsis_gcc.h **** #ifndef   __UNALIGNED_UINT16_WRITE
  79:Drivers/CMSIS/Include/cmsis_gcc.h ****   #pragma GCC diagnostic push
  80:Drivers/CMSIS/Include/cmsis_gcc.h ****   #pragma GCC diagnostic ignored "-Wpacked"
  81:Drivers/CMSIS/Include/cmsis_gcc.h ****   #pragma GCC diagnostic ignored "-Wattributes"
  82:Drivers/CMSIS/Include/cmsis_gcc.h ****   __PACKED_STRUCT T_UINT16_WRITE { uint16_t v; };
  83:Drivers/CMSIS/Include/cmsis_gcc.h ****   #pragma GCC diagnostic pop
  84:Drivers/CMSIS/Include/cmsis_gcc.h ****   #define __UNALIGNED_UINT16_WRITE(addr, val)    (void)((((struct T_UINT16_WRITE *)(void *)(addr))-
  85:Drivers/CMSIS/Include/cmsis_gcc.h **** #endif
  86:Drivers/CMSIS/Include/cmsis_gcc.h **** #ifndef   __UNALIGNED_UINT16_READ
  87:Drivers/CMSIS/Include/cmsis_gcc.h ****   #pragma GCC diagnostic push
  88:Drivers/CMSIS/Include/cmsis_gcc.h ****   #pragma GCC diagnostic ignored "-Wpacked"
  89:Drivers/CMSIS/Include/cmsis_gcc.h ****   #pragma GCC diagnostic ignored "-Wattributes"
  90:Drivers/CMSIS/Include/cmsis_gcc.h ****   __PACKED_STRUCT T_UINT16_READ { uint16_t v; };
  91:Drivers/CMSIS/Include/cmsis_gcc.h ****   #pragma GCC diagnostic pop
  92:Drivers/CMSIS/Include/cmsis_gcc.h ****   #define __UNALIGNED_UINT16_READ(addr)          (((const struct T_UINT16_READ *)(const void *)(add
  93:Drivers/CMSIS/Include/cmsis_gcc.h **** #endif
  94:Drivers/CMSIS/Include/cmsis_gcc.h **** #ifndef   __UNALIGNED_UINT32_WRITE
  95:Drivers/CMSIS/Include/cmsis_gcc.h ****   #pragma GCC diagnostic push
  96:Drivers/CMSIS/Include/cmsis_gcc.h ****   #pragma GCC diagnostic ignored "-Wpacked"
  97:Drivers/CMSIS/Include/cmsis_gcc.h ****   #pragma GCC diagnostic ignored "-Wattributes"
  98:Drivers/CMSIS/Include/cmsis_gcc.h ****   __PACKED_STRUCT T_UINT32_WRITE { uint32_t v; };
  99:Drivers/CMSIS/Include/cmsis_gcc.h ****   #pragma GCC diagnostic pop
 100:Drivers/CMSIS/Include/cmsis_gcc.h ****   #define __UNALIGNED_UINT32_WRITE(addr, val)    (void)((((struct T_UINT32_WRITE *)(void *)(addr))-
 101:Drivers/CMSIS/Include/cmsis_gcc.h **** #endif
 102:Drivers/CMSIS/Include/cmsis_gcc.h **** #ifndef   __UNALIGNED_UINT32_READ
 103:Drivers/CMSIS/Include/cmsis_gcc.h ****   #pragma GCC diagnostic push
 104:Drivers/CMSIS/Include/cmsis_gcc.h ****   #pragma GCC diagnostic ignored "-Wpacked"
 105:Drivers/CMSIS/Include/cmsis_gcc.h ****   #pragma GCC diagnostic ignored "-Wattributes"
 106:Drivers/CMSIS/Include/cmsis_gcc.h ****   __PACKED_STRUCT T_UINT32_READ { uint32_t v; };
 107:Drivers/CMSIS/Include/cmsis_gcc.h ****   #pragma GCC diagnostic pop
 108:Drivers/CMSIS/Include/cmsis_gcc.h ****   #define __UNALIGNED_UINT32_READ(addr)          (((const struct T_UINT32_READ *)(const void *)(add
 109:Drivers/CMSIS/Include/cmsis_gcc.h **** #endif
ARM GAS  C:\Users\Administrator\AppData\Local\Temp\ccClFtls.s 			page 8


 110:Drivers/CMSIS/Include/cmsis_gcc.h **** #ifndef   __ALIGNED
 111:Drivers/CMSIS/Include/cmsis_gcc.h ****   #define __ALIGNED(x)                           __attribute__((aligned(x)))
 112:Drivers/CMSIS/Include/cmsis_gcc.h **** #endif
 113:Drivers/CMSIS/Include/cmsis_gcc.h **** #ifndef   __RESTRICT
 114:Drivers/CMSIS/Include/cmsis_gcc.h ****   #define __RESTRICT                             __restrict
 115:Drivers/CMSIS/Include/cmsis_gcc.h **** #endif
 116:Drivers/CMSIS/Include/cmsis_gcc.h **** 
 117:Drivers/CMSIS/Include/cmsis_gcc.h **** 
 118:Drivers/CMSIS/Include/cmsis_gcc.h **** /* ###########################  Core Function Access  ########################### */
 119:Drivers/CMSIS/Include/cmsis_gcc.h **** /** \ingroup  CMSIS_Core_FunctionInterface
 120:Drivers/CMSIS/Include/cmsis_gcc.h ****     \defgroup CMSIS_Core_RegAccFunctions CMSIS Core Register Access Functions
 121:Drivers/CMSIS/Include/cmsis_gcc.h ****   @{
 122:Drivers/CMSIS/Include/cmsis_gcc.h ****  */
 123:Drivers/CMSIS/Include/cmsis_gcc.h **** 
 124:Drivers/CMSIS/Include/cmsis_gcc.h **** /**
 125:Drivers/CMSIS/Include/cmsis_gcc.h ****   \brief   Enable IRQ Interrupts
 126:Drivers/CMSIS/Include/cmsis_gcc.h ****   \details Enables IRQ interrupts by clearing the I-bit in the CPSR.
 127:Drivers/CMSIS/Include/cmsis_gcc.h ****            Can only be executed in Privileged modes.
 128:Drivers/CMSIS/Include/cmsis_gcc.h ****  */
 129:Drivers/CMSIS/Include/cmsis_gcc.h **** __STATIC_FORCEINLINE void __enable_irq(void)
 130:Drivers/CMSIS/Include/cmsis_gcc.h **** {
 131:Drivers/CMSIS/Include/cmsis_gcc.h ****   __ASM volatile ("cpsie i" : : : "memory");
 132:Drivers/CMSIS/Include/cmsis_gcc.h **** }
 133:Drivers/CMSIS/Include/cmsis_gcc.h **** 
 134:Drivers/CMSIS/Include/cmsis_gcc.h **** 
 135:Drivers/CMSIS/Include/cmsis_gcc.h **** /**
 136:Drivers/CMSIS/Include/cmsis_gcc.h ****   \brief   Disable IRQ Interrupts
 137:Drivers/CMSIS/Include/cmsis_gcc.h ****   \details Disables IRQ interrupts by setting the I-bit in the CPSR.
 138:Drivers/CMSIS/Include/cmsis_gcc.h ****            Can only be executed in Privileged modes.
 139:Drivers/CMSIS/Include/cmsis_gcc.h ****  */
 140:Drivers/CMSIS/Include/cmsis_gcc.h **** __STATIC_FORCEINLINE void __disable_irq(void)
  82              		.loc 2 140 27 view .LVU10
  83              	.LBB5:
 141:Drivers/CMSIS/Include/cmsis_gcc.h **** {
 142:Drivers/CMSIS/Include/cmsis_gcc.h ****   __ASM volatile ("cpsid i" : : : "memory");
  84              		.loc 2 142 3 view .LVU11
  85              		.syntax unified
  86              	@ 142 "Drivers/CMSIS/Include/cmsis_gcc.h" 1
  87 0000 72B6     		cpsid i
  88              	@ 0 "" 2
  89              		.thumb
  90              		.syntax unified
  91              	.L8:
  92              	.LBE5:
  93              	.LBE4:
 212:Core/Src/main.c ****   while (1)
  94              		.loc 1 212 3 view .LVU12
 213:Core/Src/main.c ****   {
 214:Core/Src/main.c ****   }
  95              		.loc 1 214 3 view .LVU13
 212:Core/Src/main.c ****   while (1)
  96              		.loc 1 212 9 view .LVU14
  97 0002 FEE7     		b	.L8
  98              		.cfi_endproc
  99              	.LFE82:
 101              		.section	.text.SystemClock_Config,"ax",%progbits
 102              		.align	1
ARM GAS  C:\Users\Administrator\AppData\Local\Temp\ccClFtls.s 			page 9


 103              		.global	SystemClock_Config
 104              		.syntax unified
 105              		.thumb
 106              		.thumb_func
 108              	SystemClock_Config:
 109              	.LFB80:
 135:Core/Src/main.c ****   RCC_OscInitTypeDef RCC_OscInitStruct = {0};
 110              		.loc 1 135 1 view -0
 111              		.cfi_startproc
 112              		@ args = 0, pretend = 0, frame = 88
 113              		@ frame_needed = 0, uses_anonymous_args = 0
 114 0000 10B5     		push	{r4, lr}
 115              	.LCFI1:
 116              		.cfi_def_cfa_offset 8
 117              		.cfi_offset 4, -8
 118              		.cfi_offset 14, -4
 119 0002 96B0     		sub	sp, sp, #88
 120              	.LCFI2:
 121              		.cfi_def_cfa_offset 96
 136:Core/Src/main.c ****   RCC_ClkInitTypeDef RCC_ClkInitStruct = {0};
 122              		.loc 1 136 3 view .LVU16
 136:Core/Src/main.c ****   RCC_ClkInitTypeDef RCC_ClkInitStruct = {0};
 123              		.loc 1 136 22 is_stmt 0 view .LVU17
 124 0004 0CAC     		add	r4, sp, #48
 125 0006 2822     		movs	r2, #40
 126 0008 0021     		movs	r1, #0
 127 000a 2046     		mov	r0, r4
 128 000c FFF7FEFF 		bl	memset
 129              	.LVL4:
 137:Core/Src/main.c ****   RCC_PeriphCLKInitTypeDef PeriphClkInit = {0};
 130              		.loc 1 137 3 is_stmt 1 view .LVU18
 137:Core/Src/main.c ****   RCC_PeriphCLKInitTypeDef PeriphClkInit = {0};
 131              		.loc 1 137 22 is_stmt 0 view .LVU19
 132 0010 0023     		movs	r3, #0
 133 0012 0793     		str	r3, [sp, #28]
 134 0014 0893     		str	r3, [sp, #32]
 135 0016 0993     		str	r3, [sp, #36]
 136 0018 0A93     		str	r3, [sp, #40]
 137 001a 0B93     		str	r3, [sp, #44]
 138:Core/Src/main.c **** 
 138              		.loc 1 138 3 is_stmt 1 view .LVU20
 138:Core/Src/main.c **** 
 139              		.loc 1 138 28 is_stmt 0 view .LVU21
 140 001c 0193     		str	r3, [sp, #4]
 141 001e 0293     		str	r3, [sp, #8]
 142 0020 0393     		str	r3, [sp, #12]
 143 0022 0493     		str	r3, [sp, #16]
 144 0024 0593     		str	r3, [sp, #20]
 145 0026 0693     		str	r3, [sp, #24]
 143:Core/Src/main.c ****   RCC_OscInitStruct.HSEState = RCC_HSE_ON;
 146              		.loc 1 143 3 is_stmt 1 view .LVU22
 143:Core/Src/main.c ****   RCC_OscInitStruct.HSEState = RCC_HSE_ON;
 147              		.loc 1 143 36 is_stmt 0 view .LVU23
 148 0028 0122     		movs	r2, #1
 149 002a 0C92     		str	r2, [sp, #48]
 144:Core/Src/main.c ****   RCC_OscInitStruct.HSEPredivValue = RCC_HSE_PREDIV_DIV1;
 150              		.loc 1 144 3 is_stmt 1 view .LVU24
ARM GAS  C:\Users\Administrator\AppData\Local\Temp\ccClFtls.s 			page 10


 144:Core/Src/main.c ****   RCC_OscInitStruct.HSEPredivValue = RCC_HSE_PREDIV_DIV1;
 151              		.loc 1 144 30 is_stmt 0 view .LVU25
 152 002c 4FF48033 		mov	r3, #65536
 153 0030 0D93     		str	r3, [sp, #52]
 145:Core/Src/main.c ****   RCC_OscInitStruct.HSIState = RCC_HSI_ON;
 154              		.loc 1 145 3 is_stmt 1 view .LVU26
 146:Core/Src/main.c ****   RCC_OscInitStruct.PLL.PLLState = RCC_PLL_ON;
 155              		.loc 1 146 3 view .LVU27
 146:Core/Src/main.c ****   RCC_OscInitStruct.PLL.PLLState = RCC_PLL_ON;
 156              		.loc 1 146 30 is_stmt 0 view .LVU28
 157 0032 1092     		str	r2, [sp, #64]
 147:Core/Src/main.c ****   RCC_OscInitStruct.PLL.PLLSource = RCC_PLLSOURCE_HSE;
 158              		.loc 1 147 3 is_stmt 1 view .LVU29
 147:Core/Src/main.c ****   RCC_OscInitStruct.PLL.PLLSource = RCC_PLLSOURCE_HSE;
 159              		.loc 1 147 34 is_stmt 0 view .LVU30
 160 0034 0222     		movs	r2, #2
 161 0036 1392     		str	r2, [sp, #76]
 148:Core/Src/main.c ****   RCC_OscInitStruct.PLL.PLLMUL = RCC_PLL_MUL9;
 162              		.loc 1 148 3 is_stmt 1 view .LVU31
 148:Core/Src/main.c ****   RCC_OscInitStruct.PLL.PLLMUL = RCC_PLL_MUL9;
 163              		.loc 1 148 35 is_stmt 0 view .LVU32
 164 0038 1493     		str	r3, [sp, #80]
 149:Core/Src/main.c ****   if (HAL_RCC_OscConfig(&RCC_OscInitStruct) != HAL_OK)
 165              		.loc 1 149 3 is_stmt 1 view .LVU33
 149:Core/Src/main.c ****   if (HAL_RCC_OscConfig(&RCC_OscInitStruct) != HAL_OK)
 166              		.loc 1 149 32 is_stmt 0 view .LVU34
 167 003a 4FF4E013 		mov	r3, #1835008
 168 003e 1593     		str	r3, [sp, #84]
 150:Core/Src/main.c ****   {
 169              		.loc 1 150 3 is_stmt 1 view .LVU35
 150:Core/Src/main.c ****   {
 170              		.loc 1 150 7 is_stmt 0 view .LVU36
 171 0040 2046     		mov	r0, r4
 172 0042 FFF7FEFF 		bl	HAL_RCC_OscConfig
 173              	.LVL5:
 150:Core/Src/main.c ****   {
 174              		.loc 1 150 6 discriminator 1 view .LVU37
 175 0046 D0B9     		cbnz	r0, .L14
 157:Core/Src/main.c ****                               |RCC_CLOCKTYPE_PCLK1|RCC_CLOCKTYPE_PCLK2;
 176              		.loc 1 157 3 is_stmt 1 view .LVU38
 157:Core/Src/main.c ****                               |RCC_CLOCKTYPE_PCLK1|RCC_CLOCKTYPE_PCLK2;
 177              		.loc 1 157 31 is_stmt 0 view .LVU39
 178 0048 0F23     		movs	r3, #15
 179 004a 0793     		str	r3, [sp, #28]
 159:Core/Src/main.c ****   RCC_ClkInitStruct.AHBCLKDivider = RCC_SYSCLK_DIV1;
 180              		.loc 1 159 3 is_stmt 1 view .LVU40
 159:Core/Src/main.c ****   RCC_ClkInitStruct.AHBCLKDivider = RCC_SYSCLK_DIV1;
 181              		.loc 1 159 34 is_stmt 0 view .LVU41
 182 004c 0221     		movs	r1, #2
 183 004e 0891     		str	r1, [sp, #32]
 160:Core/Src/main.c ****   RCC_ClkInitStruct.APB1CLKDivider = RCC_HCLK_DIV2;
 184              		.loc 1 160 3 is_stmt 1 view .LVU42
 160:Core/Src/main.c ****   RCC_ClkInitStruct.APB1CLKDivider = RCC_HCLK_DIV2;
 185              		.loc 1 160 35 is_stmt 0 view .LVU43
 186 0050 0023     		movs	r3, #0
 187 0052 0993     		str	r3, [sp, #36]
 161:Core/Src/main.c ****   RCC_ClkInitStruct.APB2CLKDivider = RCC_HCLK_DIV1;
ARM GAS  C:\Users\Administrator\AppData\Local\Temp\ccClFtls.s 			page 11


 188              		.loc 1 161 3 is_stmt 1 view .LVU44
 161:Core/Src/main.c ****   RCC_ClkInitStruct.APB2CLKDivider = RCC_HCLK_DIV1;
 189              		.loc 1 161 36 is_stmt 0 view .LVU45
 190 0054 4FF48062 		mov	r2, #1024
 191 0058 0A92     		str	r2, [sp, #40]
 162:Core/Src/main.c **** 
 192              		.loc 1 162 3 is_stmt 1 view .LVU46
 162:Core/Src/main.c **** 
 193              		.loc 1 162 36 is_stmt 0 view .LVU47
 194 005a 0B93     		str	r3, [sp, #44]
 164:Core/Src/main.c ****   {
 195              		.loc 1 164 3 is_stmt 1 view .LVU48
 164:Core/Src/main.c ****   {
 196              		.loc 1 164 7 is_stmt 0 view .LVU49
 197 005c 07A8     		add	r0, sp, #28
 198 005e FFF7FEFF 		bl	HAL_RCC_ClockConfig
 199              	.LVL6:
 164:Core/Src/main.c ****   {
 200              		.loc 1 164 6 discriminator 1 view .LVU50
 201 0062 70B9     		cbnz	r0, .L15
 168:Core/Src/main.c ****   PeriphClkInit.AdcClockSelection = RCC_ADCPCLK2_DIV6;
 202              		.loc 1 168 3 is_stmt 1 view .LVU51
 168:Core/Src/main.c ****   PeriphClkInit.AdcClockSelection = RCC_ADCPCLK2_DIV6;
 203              		.loc 1 168 38 is_stmt 0 view .LVU52
 204 0064 1223     		movs	r3, #18
 205 0066 0193     		str	r3, [sp, #4]
 169:Core/Src/main.c ****   PeriphClkInit.UsbClockSelection = RCC_USBCLKSOURCE_PLL_DIV1_5;
 206              		.loc 1 169 3 is_stmt 1 view .LVU53
 169:Core/Src/main.c ****   PeriphClkInit.UsbClockSelection = RCC_USBCLKSOURCE_PLL_DIV1_5;
 207              		.loc 1 169 35 is_stmt 0 view .LVU54
 208 0068 4FF40043 		mov	r3, #32768
 209 006c 0393     		str	r3, [sp, #12]
 170:Core/Src/main.c ****   if (HAL_RCCEx_PeriphCLKConfig(&PeriphClkInit) != HAL_OK)
 210              		.loc 1 170 3 is_stmt 1 view .LVU55
 170:Core/Src/main.c ****   if (HAL_RCCEx_PeriphCLKConfig(&PeriphClkInit) != HAL_OK)
 211              		.loc 1 170 35 is_stmt 0 view .LVU56
 212 006e 0023     		movs	r3, #0
 213 0070 0693     		str	r3, [sp, #24]
 171:Core/Src/main.c ****   {
 214              		.loc 1 171 3 is_stmt 1 view .LVU57
 171:Core/Src/main.c ****   {
 215              		.loc 1 171 7 is_stmt 0 view .LVU58
 216 0072 01A8     		add	r0, sp, #4
 217 0074 FFF7FEFF 		bl	HAL_RCCEx_PeriphCLKConfig
 218              	.LVL7:
 171:Core/Src/main.c ****   {
 219              		.loc 1 171 6 discriminator 1 view .LVU59
 220 0078 28B9     		cbnz	r0, .L16
 175:Core/Src/main.c **** 
 221              		.loc 1 175 1 view .LVU60
 222 007a 16B0     		add	sp, sp, #88
 223              	.LCFI3:
 224              		.cfi_remember_state
 225              		.cfi_def_cfa_offset 8
 226              		@ sp needed
 227 007c 10BD     		pop	{r4, pc}
 228              	.L14:
ARM GAS  C:\Users\Administrator\AppData\Local\Temp\ccClFtls.s 			page 12


 229              	.LCFI4:
 230              		.cfi_restore_state
 152:Core/Src/main.c ****   }
 231              		.loc 1 152 5 is_stmt 1 view .LVU61
 232 007e FFF7FEFF 		bl	Error_Handler
 233              	.LVL8:
 234              	.L15:
 166:Core/Src/main.c ****   }
 235              		.loc 1 166 5 view .LVU62
 236 0082 FFF7FEFF 		bl	Error_Handler
 237              	.LVL9:
 238              	.L16:
 173:Core/Src/main.c ****   }
 239              		.loc 1 173 5 view .LVU63
 240 0086 FFF7FEFF 		bl	Error_Handler
 241              	.LVL10:
 242              		.cfi_endproc
 243              	.LFE80:
 245              		.section	.text.main,"ax",%progbits
 246              		.align	1
 247              		.global	main
 248              		.syntax unified
 249              		.thumb
 250              		.thumb_func
 252              	main:
 253              	.LFB79:
  73:Core/Src/main.c **** 
 254              		.loc 1 73 1 view -0
 255              		.cfi_startproc
 256              		@ Volatile: function does not return.
 257              		@ args = 0, pretend = 0, frame = 0
 258              		@ frame_needed = 0, uses_anonymous_args = 0
 259 0000 08B5     		push	{r3, lr}
 260              	.LCFI5:
 261              		.cfi_def_cfa_offset 8
 262              		.cfi_offset 3, -8
 263              		.cfi_offset 14, -4
  82:Core/Src/main.c **** 
 264              		.loc 1 82 3 view .LVU65
 265 0002 FFF7FEFF 		bl	HAL_Init
 266              	.LVL11:
  89:Core/Src/main.c **** 
 267              		.loc 1 89 3 view .LVU66
 268 0006 FFF7FEFF 		bl	SystemClock_Config
 269              	.LVL12:
  96:Core/Src/main.c ****   MX_DMA_Init();
 270              		.loc 1 96 3 view .LVU67
 271 000a FFF7FEFF 		bl	MX_GPIO_Init
 272              	.LVL13:
  97:Core/Src/main.c ****   MX_ADC1_Init();
 273              		.loc 1 97 3 view .LVU68
 274 000e FFF7FEFF 		bl	MX_DMA_Init
 275              	.LVL14:
  98:Core/Src/main.c ****   MX_USB_DEVICE_Init();
 276              		.loc 1 98 3 view .LVU69
 277 0012 FFF7FEFF 		bl	MX_ADC1_Init
 278              	.LVL15:
ARM GAS  C:\Users\Administrator\AppData\Local\Temp\ccClFtls.s 			page 13


  99:Core/Src/main.c ****   /* USER CODE BEGIN 2 */
 279              		.loc 1 99 3 view .LVU70
 280 0016 FFF7FEFF 		bl	MX_USB_DEVICE_Init
 281              	.LVL16:
 102:Core/Src/main.c ****   vCreateSendLogTask();
 282              		.loc 1 102 3 view .LVU71
 283 001a FFF7FEFF 		bl	vCreateReceiveDataTask
 284              	.LVL17:
 103:Core/Src/main.c ****   vCreateHWCIProcessTask();
 285              		.loc 1 103 3 view .LVU72
 286 001e FFF7FEFF 		bl	vCreateSendLogTask
 287              	.LVL18:
 104:Core/Src/main.c ****   vCreateADCTask();
 288              		.loc 1 104 3 view .LVU73
 289 0022 FFF7FEFF 		bl	vCreateHWCIProcessTask
 290              	.LVL19:
 105:Core/Src/main.c ****   
 291              		.loc 1 105 3 view .LVU74
 292 0026 FFF7FEFF 		bl	vCreateADCTask
 293              	.LVL20:
 110:Core/Src/main.c ****   MX_FREERTOS_Init();
 294              		.loc 1 110 3 view .LVU75
 295 002a FFF7FEFF 		bl	osKernelInitialize
 296              	.LVL21:
 111:Core/Src/main.c **** 
 297              		.loc 1 111 3 view .LVU76
 298 002e FFF7FEFF 		bl	MX_FREERTOS_Init
 299              	.LVL22:
 114:Core/Src/main.c **** 
 300              		.loc 1 114 3 view .LVU77
 301 0032 FFF7FEFF 		bl	osKernelStart
 302              	.LVL23:
 303              	.L18:
 120:Core/Src/main.c ****   {
 304              		.loc 1 120 3 view .LVU78
 126:Core/Src/main.c ****   /* USER CODE END 3 */
 305              		.loc 1 126 3 view .LVU79
 120:Core/Src/main.c ****   {
 306              		.loc 1 120 9 view .LVU80
 307 0036 FEE7     		b	.L18
 308              		.cfi_endproc
 309              	.LFE79:
 311              		.text
 312              	.Letext0:
 313              		.file 3 "D:/gcc-arm/14.3 rel1/arm-none-eabi/include/machine/_default_types.h"
 314              		.file 4 "D:/gcc-arm/14.3 rel1/arm-none-eabi/include/sys/_stdint.h"
 315              		.file 5 "Drivers/CMSIS/Device/ST/STM32F1xx/Include/stm32f103xg.h"
 316              		.file 6 "Drivers/STM32F1xx_HAL_Driver/Inc/stm32f1xx_hal_def.h"
 317              		.file 7 "Drivers/STM32F1xx_HAL_Driver/Inc/stm32f1xx_hal_rcc.h"
 318              		.file 8 "Drivers/STM32F1xx_HAL_Driver/Inc/stm32f1xx_hal_rcc_ex.h"
 319              		.file 9 "Drivers/STM32F1xx_HAL_Driver/Inc/stm32f1xx_hal_dma.h"
 320              		.file 10 "Drivers/STM32F1xx_HAL_Driver/Inc/stm32f1xx_hal_tim.h"
 321              		.file 11 "Middlewares/Third_Party/FreeRTOS/Source/CMSIS_RTOS_V2/cmsis_os2.h"
 322              		.file 12 "Drivers/STM32F1xx_HAL_Driver/Inc/stm32f1xx_hal.h"
 323              		.file 13 "UserAPP/Include/ADCAPP.h"
 324              		.file 14 "UserAPP/Include/Tasklist.h"
 325              		.file 15 "UserAPP/Include/SendDataProcess.h"
ARM GAS  C:\Users\Administrator\AppData\Local\Temp\ccClFtls.s 			page 14


 326              		.file 16 "UserAPP/Include/ReceiveDataProcess.h"
 327              		.file 17 "USB_DEVICE/App/usb_device.h"
 328              		.file 18 "Core/Inc/adc.h"
 329              		.file 19 "Core/Inc/dma.h"
 330              		.file 20 "Core/Inc/gpio.h"
 331              		.file 21 "<built-in>"
ARM GAS  C:\Users\Administrator\AppData\Local\Temp\ccClFtls.s 			page 15


DEFINED SYMBOLS
                            *ABS*:00000000 main.c
C:\Users\Administrator\AppData\Local\Temp\ccClFtls.s:19     .text.HAL_TIM_PeriodElapsedCallback:00000000 $t
C:\Users\Administrator\AppData\Local\Temp\ccClFtls.s:25     .text.HAL_TIM_PeriodElapsedCallback:00000000 HAL_TIM_PeriodElapsedCallback
C:\Users\Administrator\AppData\Local\Temp\ccClFtls.s:59     .text.HAL_TIM_PeriodElapsedCallback:00000014 $d
C:\Users\Administrator\AppData\Local\Temp\ccClFtls.s:64     .text.Error_Handler:00000000 $t
C:\Users\Administrator\AppData\Local\Temp\ccClFtls.s:70     .text.Error_Handler:00000000 Error_Handler
C:\Users\Administrator\AppData\Local\Temp\ccClFtls.s:102    .text.SystemClock_Config:00000000 $t
C:\Users\Administrator\AppData\Local\Temp\ccClFtls.s:108    .text.SystemClock_Config:00000000 SystemClock_Config
C:\Users\Administrator\AppData\Local\Temp\ccClFtls.s:246    .text.main:00000000 $t
C:\Users\Administrator\AppData\Local\Temp\ccClFtls.s:252    .text.main:00000000 main

UNDEFINED SYMBOLS
HAL_IncTick
memset
HAL_RCC_OscConfig
HAL_RCC_ClockConfig
HAL_RCCEx_PeriphCLKConfig
HAL_Init
MX_GPIO_Init
MX_DMA_Init
MX_ADC1_Init
MX_USB_DEVICE_Init
vCreateReceiveDataTask
vCreateSendLogTask
vCreateHWCIProcessTask
vCreateADCTask
osKernelInitialize
MX_FREERTOS_Init
osKernelStart
