ARM GAS  C:\Users\Administrator\AppData\Local\Temp\ccADFwdi.s 			page 1


   1              		.cpu cortex-m3
   2              		.arch armv7-m
   3              		.fpu softvfp
   4              		.eabi_attribute 20, 1
   5              		.eabi_attribute 21, 1
   6              		.eabi_attribute 23, 3
   7              		.eabi_attribute 24, 1
   8              		.eabi_attribute 25, 1
   9              		.eabi_attribute 26, 1
  10              		.eabi_attribute 30, 1
  11              		.eabi_attribute 34, 1
  12              		.eabi_attribute 18, 4
  13              		.file	"stm32f1xx_it.c"
  14              		.text
  15              	.Ltext0:
  16              		.cfi_sections	.debug_frame
  17              		.file 1 "Core/Src/stm32f1xx_it.c"
  18              		.section	.text.NMI_Handler,"ax",%progbits
  19              		.align	1
  20              		.global	NMI_Handler
  21              		.syntax unified
  22              		.thumb
  23              		.thumb_func
  25              	NMI_Handler:
  26              	.LFB79:
   1:Core/Src/stm32f1xx_it.c **** /* USER CODE BEGIN Header */
   2:Core/Src/stm32f1xx_it.c **** /**
   3:Core/Src/stm32f1xx_it.c ****   ******************************************************************************
   4:Core/Src/stm32f1xx_it.c ****   * @file    stm32f1xx_it.c
   5:Core/Src/stm32f1xx_it.c ****   * @brief   Interrupt Service Routines.
   6:Core/Src/stm32f1xx_it.c ****   ******************************************************************************
   7:Core/Src/stm32f1xx_it.c ****   * @attention
   8:Core/Src/stm32f1xx_it.c ****   *
   9:Core/Src/stm32f1xx_it.c ****   * Copyright (c) 2025 STMicroelectronics.
  10:Core/Src/stm32f1xx_it.c ****   * All rights reserved.
  11:Core/Src/stm32f1xx_it.c ****   *
  12:Core/Src/stm32f1xx_it.c ****   * This software is licensed under terms that can be found in the LICENSE file
  13:Core/Src/stm32f1xx_it.c ****   * in the root directory of this software component.
  14:Core/Src/stm32f1xx_it.c ****   * If no LICENSE file comes with this software, it is provided AS-IS.
  15:Core/Src/stm32f1xx_it.c ****   *
  16:Core/Src/stm32f1xx_it.c ****   ******************************************************************************
  17:Core/Src/stm32f1xx_it.c ****   */
  18:Core/Src/stm32f1xx_it.c **** /* USER CODE END Header */
  19:Core/Src/stm32f1xx_it.c **** 
  20:Core/Src/stm32f1xx_it.c **** /* Includes ------------------------------------------------------------------*/
  21:Core/Src/stm32f1xx_it.c **** #include "main.h"
  22:Core/Src/stm32f1xx_it.c **** #include "stm32f1xx_it.h"
  23:Core/Src/stm32f1xx_it.c **** /* Private includes ----------------------------------------------------------*/
  24:Core/Src/stm32f1xx_it.c **** /* USER CODE BEGIN Includes */
  25:Core/Src/stm32f1xx_it.c **** #include "ReceiveDataProcess.h"
  26:Core/Src/stm32f1xx_it.c **** /* USER CODE END Includes */
  27:Core/Src/stm32f1xx_it.c **** 
  28:Core/Src/stm32f1xx_it.c **** /* Private typedef -----------------------------------------------------------*/
  29:Core/Src/stm32f1xx_it.c **** /* USER CODE BEGIN TD */
  30:Core/Src/stm32f1xx_it.c **** 
  31:Core/Src/stm32f1xx_it.c **** /* USER CODE END TD */
  32:Core/Src/stm32f1xx_it.c **** 
ARM GAS  C:\Users\Administrator\AppData\Local\Temp\ccADFwdi.s 			page 2


  33:Core/Src/stm32f1xx_it.c **** /* Private define ------------------------------------------------------------*/
  34:Core/Src/stm32f1xx_it.c **** /* USER CODE BEGIN PD */
  35:Core/Src/stm32f1xx_it.c **** 
  36:Core/Src/stm32f1xx_it.c **** /* USER CODE END PD */
  37:Core/Src/stm32f1xx_it.c **** 
  38:Core/Src/stm32f1xx_it.c **** /* Private macro -------------------------------------------------------------*/
  39:Core/Src/stm32f1xx_it.c **** /* USER CODE BEGIN PM */
  40:Core/Src/stm32f1xx_it.c **** 
  41:Core/Src/stm32f1xx_it.c **** /* USER CODE END PM */
  42:Core/Src/stm32f1xx_it.c **** 
  43:Core/Src/stm32f1xx_it.c **** /* Private variables ---------------------------------------------------------*/
  44:Core/Src/stm32f1xx_it.c **** /* USER CODE BEGIN PV */
  45:Core/Src/stm32f1xx_it.c **** 
  46:Core/Src/stm32f1xx_it.c **** /* USER CODE END PV */
  47:Core/Src/stm32f1xx_it.c **** 
  48:Core/Src/stm32f1xx_it.c **** /* Private function prototypes -----------------------------------------------*/
  49:Core/Src/stm32f1xx_it.c **** /* USER CODE BEGIN PFP */
  50:Core/Src/stm32f1xx_it.c **** 
  51:Core/Src/stm32f1xx_it.c **** /* USER CODE END PFP */
  52:Core/Src/stm32f1xx_it.c **** 
  53:Core/Src/stm32f1xx_it.c **** /* Private user code ---------------------------------------------------------*/
  54:Core/Src/stm32f1xx_it.c **** /* USER CODE BEGIN 0 */
  55:Core/Src/stm32f1xx_it.c **** 
  56:Core/Src/stm32f1xx_it.c **** /* USER CODE END 0 */
  57:Core/Src/stm32f1xx_it.c **** 
  58:Core/Src/stm32f1xx_it.c **** /* External variables --------------------------------------------------------*/
  59:Core/Src/stm32f1xx_it.c **** extern DMA_HandleTypeDef hdma_adc1;
  60:Core/Src/stm32f1xx_it.c **** extern TIM_HandleTypeDef htim6;
  61:Core/Src/stm32f1xx_it.c **** 
  62:Core/Src/stm32f1xx_it.c **** /* USER CODE BEGIN EV */
  63:Core/Src/stm32f1xx_it.c **** /* USER CODE END EV */
  64:Core/Src/stm32f1xx_it.c **** 
  65:Core/Src/stm32f1xx_it.c **** /******************************************************************************/
  66:Core/Src/stm32f1xx_it.c **** /*           Cortex-M3 Processor Interruption and Exception Handlers          */
  67:Core/Src/stm32f1xx_it.c **** /******************************************************************************/
  68:Core/Src/stm32f1xx_it.c **** /**
  69:Core/Src/stm32f1xx_it.c ****   * @brief This function handles Non maskable interrupt.
  70:Core/Src/stm32f1xx_it.c ****   */
  71:Core/Src/stm32f1xx_it.c **** void NMI_Handler(void)
  72:Core/Src/stm32f1xx_it.c **** {
  27              		.loc 1 72 1 view -0
  28              		.cfi_startproc
  29              		@ Volatile: function does not return.
  30              		@ args = 0, pretend = 0, frame = 0
  31              		@ frame_needed = 0, uses_anonymous_args = 0
  32              		@ link register save eliminated.
  33              	.L2:
  73:Core/Src/stm32f1xx_it.c ****   /* USER CODE BEGIN NonMaskableInt_IRQn 0 */
  74:Core/Src/stm32f1xx_it.c **** 
  75:Core/Src/stm32f1xx_it.c ****   /* USER CODE END NonMaskableInt_IRQn 0 */
  76:Core/Src/stm32f1xx_it.c ****   /* USER CODE BEGIN NonMaskableInt_IRQn 1 */
  77:Core/Src/stm32f1xx_it.c ****    while (1)
  34              		.loc 1 77 4 view .LVU1
  78:Core/Src/stm32f1xx_it.c ****   {
  79:Core/Src/stm32f1xx_it.c ****   }
  35              		.loc 1 79 3 view .LVU2
  77:Core/Src/stm32f1xx_it.c ****   {
ARM GAS  C:\Users\Administrator\AppData\Local\Temp\ccADFwdi.s 			page 3


  36              		.loc 1 77 10 view .LVU3
  37 0000 FEE7     		b	.L2
  38              		.cfi_endproc
  39              	.LFE79:
  41              		.section	.text.HardFault_Handler,"ax",%progbits
  42              		.align	1
  43              		.global	HardFault_Handler
  44              		.syntax unified
  45              		.thumb
  46              		.thumb_func
  48              	HardFault_Handler:
  49              	.LFB80:
  80:Core/Src/stm32f1xx_it.c ****   /* USER CODE END NonMaskableInt_IRQn 1 */
  81:Core/Src/stm32f1xx_it.c **** }
  82:Core/Src/stm32f1xx_it.c **** 
  83:Core/Src/stm32f1xx_it.c **** /**
  84:Core/Src/stm32f1xx_it.c ****   * @brief This function handles Hard fault interrupt.
  85:Core/Src/stm32f1xx_it.c ****   */
  86:Core/Src/stm32f1xx_it.c **** void HardFault_Handler(void)
  87:Core/Src/stm32f1xx_it.c **** {
  50              		.loc 1 87 1 view -0
  51              		.cfi_startproc
  52              		@ Volatile: function does not return.
  53              		@ args = 0, pretend = 0, frame = 0
  54              		@ frame_needed = 0, uses_anonymous_args = 0
  55              		@ link register save eliminated.
  56              	.L4:
  88:Core/Src/stm32f1xx_it.c ****   /* USER CODE BEGIN HardFault_IRQn 0 */
  89:Core/Src/stm32f1xx_it.c **** 
  90:Core/Src/stm32f1xx_it.c ****   /* USER CODE END HardFault_IRQn 0 */
  91:Core/Src/stm32f1xx_it.c ****   while (1)
  57              		.loc 1 91 3 view .LVU5
  92:Core/Src/stm32f1xx_it.c ****   {
  93:Core/Src/stm32f1xx_it.c ****     /* USER CODE BEGIN W1_HardFault_IRQn 0 */
  94:Core/Src/stm32f1xx_it.c ****     /* USER CODE END W1_HardFault_IRQn 0 */
  95:Core/Src/stm32f1xx_it.c ****   }
  58              		.loc 1 95 3 view .LVU6
  91:Core/Src/stm32f1xx_it.c ****   {
  59              		.loc 1 91 9 view .LVU7
  60 0000 FEE7     		b	.L4
  61              		.cfi_endproc
  62              	.LFE80:
  64              		.section	.text.MemManage_Handler,"ax",%progbits
  65              		.align	1
  66              		.global	MemManage_Handler
  67              		.syntax unified
  68              		.thumb
  69              		.thumb_func
  71              	MemManage_Handler:
  72              	.LFB81:
  96:Core/Src/stm32f1xx_it.c **** }
  97:Core/Src/stm32f1xx_it.c **** 
  98:Core/Src/stm32f1xx_it.c **** /**
  99:Core/Src/stm32f1xx_it.c ****   * @brief This function handles Memory management fault.
 100:Core/Src/stm32f1xx_it.c ****   */
 101:Core/Src/stm32f1xx_it.c **** void MemManage_Handler(void)
 102:Core/Src/stm32f1xx_it.c **** {
ARM GAS  C:\Users\Administrator\AppData\Local\Temp\ccADFwdi.s 			page 4


  73              		.loc 1 102 1 view -0
  74              		.cfi_startproc
  75              		@ Volatile: function does not return.
  76              		@ args = 0, pretend = 0, frame = 0
  77              		@ frame_needed = 0, uses_anonymous_args = 0
  78              		@ link register save eliminated.
  79              	.L6:
 103:Core/Src/stm32f1xx_it.c ****   /* USER CODE BEGIN MemoryManagement_IRQn 0 */
 104:Core/Src/stm32f1xx_it.c **** 
 105:Core/Src/stm32f1xx_it.c ****   /* USER CODE END MemoryManagement_IRQn 0 */
 106:Core/Src/stm32f1xx_it.c ****   while (1)
  80              		.loc 1 106 3 view .LVU9
 107:Core/Src/stm32f1xx_it.c ****   {
 108:Core/Src/stm32f1xx_it.c ****     /* USER CODE BEGIN W1_MemoryManagement_IRQn 0 */
 109:Core/Src/stm32f1xx_it.c ****     /* USER CODE END W1_MemoryManagement_IRQn 0 */
 110:Core/Src/stm32f1xx_it.c ****   }
  81              		.loc 1 110 3 view .LVU10
 106:Core/Src/stm32f1xx_it.c ****   {
  82              		.loc 1 106 9 view .LVU11
  83 0000 FEE7     		b	.L6
  84              		.cfi_endproc
  85              	.LFE81:
  87              		.section	.text.BusFault_Handler,"ax",%progbits
  88              		.align	1
  89              		.global	BusFault_Handler
  90              		.syntax unified
  91              		.thumb
  92              		.thumb_func
  94              	BusFault_Handler:
  95              	.LFB82:
 111:Core/Src/stm32f1xx_it.c **** }
 112:Core/Src/stm32f1xx_it.c **** 
 113:Core/Src/stm32f1xx_it.c **** /**
 114:Core/Src/stm32f1xx_it.c ****   * @brief This function handles Prefetch fault, memory access fault.
 115:Core/Src/stm32f1xx_it.c ****   */
 116:Core/Src/stm32f1xx_it.c **** void BusFault_Handler(void)
 117:Core/Src/stm32f1xx_it.c **** {
  96              		.loc 1 117 1 view -0
  97              		.cfi_startproc
  98              		@ Volatile: function does not return.
  99              		@ args = 0, pretend = 0, frame = 0
 100              		@ frame_needed = 0, uses_anonymous_args = 0
 101              		@ link register save eliminated.
 102              	.L8:
 118:Core/Src/stm32f1xx_it.c ****   /* USER CODE BEGIN BusFault_IRQn 0 */
 119:Core/Src/stm32f1xx_it.c **** 
 120:Core/Src/stm32f1xx_it.c ****   /* USER CODE END BusFault_IRQn 0 */
 121:Core/Src/stm32f1xx_it.c ****   while (1)
 103              		.loc 1 121 3 view .LVU13
 122:Core/Src/stm32f1xx_it.c ****   {
 123:Core/Src/stm32f1xx_it.c ****     /* USER CODE BEGIN W1_BusFault_IRQn 0 */
 124:Core/Src/stm32f1xx_it.c ****     /* USER CODE END W1_BusFault_IRQn 0 */
 125:Core/Src/stm32f1xx_it.c ****   }
 104              		.loc 1 125 3 view .LVU14
 121:Core/Src/stm32f1xx_it.c ****   {
 105              		.loc 1 121 9 view .LVU15
 106 0000 FEE7     		b	.L8
ARM GAS  C:\Users\Administrator\AppData\Local\Temp\ccADFwdi.s 			page 5


 107              		.cfi_endproc
 108              	.LFE82:
 110              		.section	.text.UsageFault_Handler,"ax",%progbits
 111              		.align	1
 112              		.global	UsageFault_Handler
 113              		.syntax unified
 114              		.thumb
 115              		.thumb_func
 117              	UsageFault_Handler:
 118              	.LFB83:
 126:Core/Src/stm32f1xx_it.c **** }
 127:Core/Src/stm32f1xx_it.c **** 
 128:Core/Src/stm32f1xx_it.c **** /**
 129:Core/Src/stm32f1xx_it.c ****   * @brief This function handles Undefined instruction or illegal state.
 130:Core/Src/stm32f1xx_it.c ****   */
 131:Core/Src/stm32f1xx_it.c **** void UsageFault_Handler(void)
 132:Core/Src/stm32f1xx_it.c **** {
 119              		.loc 1 132 1 view -0
 120              		.cfi_startproc
 121              		@ Volatile: function does not return.
 122              		@ args = 0, pretend = 0, frame = 0
 123              		@ frame_needed = 0, uses_anonymous_args = 0
 124              		@ link register save eliminated.
 125              	.L10:
 133:Core/Src/stm32f1xx_it.c ****   /* USER CODE BEGIN UsageFault_IRQn 0 */
 134:Core/Src/stm32f1xx_it.c **** 
 135:Core/Src/stm32f1xx_it.c ****   /* USER CODE END UsageFault_IRQn 0 */
 136:Core/Src/stm32f1xx_it.c ****   while (1)
 126              		.loc 1 136 3 view .LVU17
 137:Core/Src/stm32f1xx_it.c ****   {
 138:Core/Src/stm32f1xx_it.c ****     /* USER CODE BEGIN W1_UsageFault_IRQn 0 */
 139:Core/Src/stm32f1xx_it.c ****     /* USER CODE END W1_UsageFault_IRQn 0 */
 140:Core/Src/stm32f1xx_it.c ****   }
 127              		.loc 1 140 3 view .LVU18
 136:Core/Src/stm32f1xx_it.c ****   {
 128              		.loc 1 136 9 view .LVU19
 129 0000 FEE7     		b	.L10
 130              		.cfi_endproc
 131              	.LFE83:
 133              		.section	.text.DebugMon_Handler,"ax",%progbits
 134              		.align	1
 135              		.global	DebugMon_Handler
 136              		.syntax unified
 137              		.thumb
 138              		.thumb_func
 140              	DebugMon_Handler:
 141              	.LFB84:
 141:Core/Src/stm32f1xx_it.c **** }
 142:Core/Src/stm32f1xx_it.c **** 
 143:Core/Src/stm32f1xx_it.c **** /**
 144:Core/Src/stm32f1xx_it.c ****   * @brief This function handles Debug monitor.
 145:Core/Src/stm32f1xx_it.c ****   */
 146:Core/Src/stm32f1xx_it.c **** void DebugMon_Handler(void)
 147:Core/Src/stm32f1xx_it.c **** {
 142              		.loc 1 147 1 view -0
 143              		.cfi_startproc
 144              		@ args = 0, pretend = 0, frame = 0
ARM GAS  C:\Users\Administrator\AppData\Local\Temp\ccADFwdi.s 			page 6


 145              		@ frame_needed = 0, uses_anonymous_args = 0
 146              		@ link register save eliminated.
 148:Core/Src/stm32f1xx_it.c ****   /* USER CODE BEGIN DebugMonitor_IRQn 0 */
 149:Core/Src/stm32f1xx_it.c **** 
 150:Core/Src/stm32f1xx_it.c ****   /* USER CODE END DebugMonitor_IRQn 0 */
 151:Core/Src/stm32f1xx_it.c ****   /* USER CODE BEGIN DebugMonitor_IRQn 1 */
 152:Core/Src/stm32f1xx_it.c **** 
 153:Core/Src/stm32f1xx_it.c ****   /* USER CODE END DebugMonitor_IRQn 1 */
 154:Core/Src/stm32f1xx_it.c **** }
 147              		.loc 1 154 1 view .LVU21
 148 0000 7047     		bx	lr
 149              		.cfi_endproc
 150              	.LFE84:
 152              		.section	.text.DMA1_Channel1_IRQHandler,"ax",%progbits
 153              		.align	1
 154              		.global	DMA1_Channel1_IRQHandler
 155              		.syntax unified
 156              		.thumb
 157              		.thumb_func
 159              	DMA1_Channel1_IRQHandler:
 160              	.LFB85:
 155:Core/Src/stm32f1xx_it.c **** 
 156:Core/Src/stm32f1xx_it.c **** /******************************************************************************/
 157:Core/Src/stm32f1xx_it.c **** /* STM32F1xx Peripheral Interrupt Handlers                                    */
 158:Core/Src/stm32f1xx_it.c **** /* Add here the Interrupt Handlers for the used peripherals.                  */
 159:Core/Src/stm32f1xx_it.c **** /* For the available peripheral interrupt handler names,                      */
 160:Core/Src/stm32f1xx_it.c **** /* please refer to the startup file (startup_stm32f1xx.s).                    */
 161:Core/Src/stm32f1xx_it.c **** /******************************************************************************/
 162:Core/Src/stm32f1xx_it.c **** 
 163:Core/Src/stm32f1xx_it.c **** /**
 164:Core/Src/stm32f1xx_it.c ****   * @brief This function handles DMA1 channel1 global interrupt.
 165:Core/Src/stm32f1xx_it.c ****   */
 166:Core/Src/stm32f1xx_it.c **** void DMA1_Channel1_IRQHandler(void)
 167:Core/Src/stm32f1xx_it.c **** {
 161              		.loc 1 167 1 view -0
 162              		.cfi_startproc
 163              		@ args = 0, pretend = 0, frame = 0
 164              		@ frame_needed = 0, uses_anonymous_args = 0
 165 0000 08B5     		push	{r3, lr}
 166              	.LCFI0:
 167              		.cfi_def_cfa_offset 8
 168              		.cfi_offset 3, -8
 169              		.cfi_offset 14, -4
 168:Core/Src/stm32f1xx_it.c ****   /* USER CODE BEGIN DMA1_Channel1_IRQn 0 */
 169:Core/Src/stm32f1xx_it.c **** 
 170:Core/Src/stm32f1xx_it.c ****   /* USER CODE END DMA1_Channel1_IRQn 0 */
 171:Core/Src/stm32f1xx_it.c ****   HAL_DMA_IRQHandler(&hdma_adc1);
 170              		.loc 1 171 3 view .LVU23
 171 0002 0248     		ldr	r0, .L14
 172 0004 FFF7FEFF 		bl	HAL_DMA_IRQHandler
 173              	.LVL0:
 172:Core/Src/stm32f1xx_it.c ****   /* USER CODE BEGIN DMA1_Channel1_IRQn 1 */
 173:Core/Src/stm32f1xx_it.c **** 
 174:Core/Src/stm32f1xx_it.c ****   /* USER CODE END DMA1_Channel1_IRQn 1 */
 175:Core/Src/stm32f1xx_it.c **** }
 174              		.loc 1 175 1 is_stmt 0 view .LVU24
 175 0008 08BD     		pop	{r3, pc}
ARM GAS  C:\Users\Administrator\AppData\Local\Temp\ccADFwdi.s 			page 7


 176              	.L15:
 177 000a 00BF     		.align	2
 178              	.L14:
 179 000c 00000000 		.word	hdma_adc1
 180              		.cfi_endproc
 181              	.LFE85:
 183              		.section	.text.USB_LP_CAN1_RX0_IRQHandler,"ax",%progbits
 184              		.align	1
 185              		.global	USB_LP_CAN1_RX0_IRQHandler
 186              		.syntax unified
 187              		.thumb
 188              		.thumb_func
 190              	USB_LP_CAN1_RX0_IRQHandler:
 191              	.LFB86:
 176:Core/Src/stm32f1xx_it.c **** 
 177:Core/Src/stm32f1xx_it.c **** /**
 178:Core/Src/stm32f1xx_it.c ****   * @brief This function handles USB low priority or CAN RX0 interrupts.
 179:Core/Src/stm32f1xx_it.c ****   */
 180:Core/Src/stm32f1xx_it.c **** void USB_LP_CAN1_RX0_IRQHandler(void)
 181:Core/Src/stm32f1xx_it.c **** {
 192              		.loc 1 181 1 is_stmt 1 view -0
 193              		.cfi_startproc
 194              		@ args = 0, pretend = 0, frame = 0
 195              		@ frame_needed = 0, uses_anonymous_args = 0
 196              		@ link register save eliminated.
 182:Core/Src/stm32f1xx_it.c ****   /* USER CODE BEGIN USB_LP_CAN1_RX0_IRQn 0 */
 183:Core/Src/stm32f1xx_it.c **** 
 184:Core/Src/stm32f1xx_it.c ****   /* USER CODE END USB_LP_CAN1_RX0_IRQn 0 */
 185:Core/Src/stm32f1xx_it.c ****   /* USB communication removed: keep empty handler to satisfy vector table. */
 186:Core/Src/stm32f1xx_it.c ****   /* USER CODE BEGIN USB_LP_CAN1_RX0_IRQn 1 */
 187:Core/Src/stm32f1xx_it.c **** 
 188:Core/Src/stm32f1xx_it.c ****   /* USER CODE END USB_LP_CAN1_RX0_IRQn 1 */
 189:Core/Src/stm32f1xx_it.c **** }
 197              		.loc 1 189 1 view .LVU26
 198 0000 7047     		bx	lr
 199              		.cfi_endproc
 200              	.LFE86:
 202              		.section	.text.TIM6_IRQHandler,"ax",%progbits
 203              		.align	1
 204              		.global	TIM6_IRQHandler
 205              		.syntax unified
 206              		.thumb
 207              		.thumb_func
 209              	TIM6_IRQHandler:
 210              	.LFB87:
 190:Core/Src/stm32f1xx_it.c **** 
 191:Core/Src/stm32f1xx_it.c **** /**
 192:Core/Src/stm32f1xx_it.c ****   * @brief This function handles TIM6 global interrupt.
 193:Core/Src/stm32f1xx_it.c ****   */
 194:Core/Src/stm32f1xx_it.c **** void TIM6_IRQHandler(void)
 195:Core/Src/stm32f1xx_it.c **** {
 211              		.loc 1 195 1 view -0
 212              		.cfi_startproc
 213              		@ args = 0, pretend = 0, frame = 0
 214              		@ frame_needed = 0, uses_anonymous_args = 0
 215 0000 08B5     		push	{r3, lr}
 216              	.LCFI1:
ARM GAS  C:\Users\Administrator\AppData\Local\Temp\ccADFwdi.s 			page 8


 217              		.cfi_def_cfa_offset 8
 218              		.cfi_offset 3, -8
 219              		.cfi_offset 14, -4
 196:Core/Src/stm32f1xx_it.c ****   /* USER CODE BEGIN TIM6_IRQn 0 */
 197:Core/Src/stm32f1xx_it.c **** 
 198:Core/Src/stm32f1xx_it.c ****   /* USER CODE END TIM6_IRQn 0 */
 199:Core/Src/stm32f1xx_it.c ****   HAL_TIM_IRQHandler(&htim6);
 220              		.loc 1 199 3 view .LVU28
 221 0002 0248     		ldr	r0, .L19
 222 0004 FFF7FEFF 		bl	HAL_TIM_IRQHandler
 223              	.LVL1:
 200:Core/Src/stm32f1xx_it.c ****   /* USER CODE BEGIN TIM6_IRQn 1 */
 201:Core/Src/stm32f1xx_it.c **** 
 202:Core/Src/stm32f1xx_it.c ****   /* USER CODE END TIM6_IRQn 1 */
 203:Core/Src/stm32f1xx_it.c **** }
 224              		.loc 1 203 1 is_stmt 0 view .LVU29
 225 0008 08BD     		pop	{r3, pc}
 226              	.L20:
 227 000a 00BF     		.align	2
 228              	.L19:
 229 000c 00000000 		.word	htim6
 230              		.cfi_endproc
 231              	.LFE87:
 233              		.section	.text.USART1_IRQHandler,"ax",%progbits
 234              		.align	1
 235              		.global	USART1_IRQHandler
 236              		.syntax unified
 237              		.thumb
 238              		.thumb_func
 240              	USART1_IRQHandler:
 241              	.LFB88:
 204:Core/Src/stm32f1xx_it.c **** 
 205:Core/Src/stm32f1xx_it.c **** /* USER CODE BEGIN 1 */
 206:Core/Src/stm32f1xx_it.c **** /**
 207:Core/Src/stm32f1xx_it.c ****   * @brief This function handles USART1 global interrupt.
 208:Core/Src/stm32f1xx_it.c ****   */
 209:Core/Src/stm32f1xx_it.c **** void USART1_IRQHandler(void)
 210:Core/Src/stm32f1xx_it.c **** {
 242              		.loc 1 210 1 is_stmt 1 view -0
 243              		.cfi_startproc
 244              		@ args = 0, pretend = 0, frame = 8
 245              		@ frame_needed = 0, uses_anonymous_args = 0
 246 0000 70B5     		push	{r4, r5, r6, lr}
 247              	.LCFI2:
 248              		.cfi_def_cfa_offset 16
 249              		.cfi_offset 4, -16
 250              		.cfi_offset 5, -12
 251              		.cfi_offset 6, -8
 252              		.cfi_offset 14, -4
 253 0002 82B0     		sub	sp, sp, #8
 254              	.LCFI3:
 255              		.cfi_def_cfa_offset 24
 211:Core/Src/stm32f1xx_it.c ****   static uint8_t rxBuffer[256];
 256              		.loc 1 211 3 view .LVU31
 212:Core/Src/stm32f1xx_it.c ****   static uint32_t rxIndex = 0;
 257              		.loc 1 212 3 view .LVU32
 213:Core/Src/stm32f1xx_it.c ****   uint32_t sr = USART1->SR;
ARM GAS  C:\Users\Administrator\AppData\Local\Temp\ccADFwdi.s 			page 9


 258              		.loc 1 213 3 view .LVU33
 259              		.loc 1 213 12 is_stmt 0 view .LVU34
 260 0004 184B     		ldr	r3, .L27
 261 0006 1C68     		ldr	r4, [r3]
 262              	.LVL2:
 214:Core/Src/stm32f1xx_it.c **** 
 215:Core/Src/stm32f1xx_it.c ****   if (sr & USART_SR_RXNE)
 263              		.loc 1 215 3 is_stmt 1 view .LVU35
 264              		.loc 1 215 6 is_stmt 0 view .LVU36
 265 0008 14F0200F 		tst	r4, #32
 266 000c 0AD0     		beq	.L22
 267              	.LBB2:
 216:Core/Src/stm32f1xx_it.c ****   {
 217:Core/Src/stm32f1xx_it.c ****       uint8_t byte = (uint8_t)(USART1->DR & 0xFF);
 268              		.loc 1 217 7 is_stmt 1 view .LVU37
 269              		.loc 1 217 38 is_stmt 0 view .LVU38
 270 000e 5D68     		ldr	r5, [r3, #4]
 271              		.loc 1 217 15 view .LVU39
 272 0010 EDB2     		uxtb	r5, r5
 273              	.LVL3:
 218:Core/Src/stm32f1xx_it.c ****       if (rxIndex < sizeof(rxBuffer))
 274              		.loc 1 218 7 is_stmt 1 view .LVU40
 275              		.loc 1 218 19 is_stmt 0 view .LVU41
 276 0012 164B     		ldr	r3, .L27+4
 277 0014 1B68     		ldr	r3, [r3]
 278              		.loc 1 218 10 view .LVU42
 279 0016 FF2B     		cmp	r3, #255
 280 0018 10D8     		bhi	.L23
 219:Core/Src/stm32f1xx_it.c ****       {
 220:Core/Src/stm32f1xx_it.c ****           rxBuffer[rxIndex++] = byte;
 281              		.loc 1 220 11 is_stmt 1 view .LVU43
 282              		.loc 1 220 27 is_stmt 0 view .LVU44
 283 001a 591C     		adds	r1, r3, #1
 284 001c 134A     		ldr	r2, .L27+4
 285 001e 1160     		str	r1, [r2]
 286              		.loc 1 220 31 view .LVU45
 287 0020 134A     		ldr	r2, .L27+8
 288 0022 D554     		strb	r5, [r2, r3]
 289              	.LVL4:
 290              	.L22:
 291              		.loc 1 220 31 view .LVU46
 292              	.LBE2:
 221:Core/Src/stm32f1xx_it.c ****       }
 222:Core/Src/stm32f1xx_it.c ****       else
 223:Core/Src/stm32f1xx_it.c ****       {
 224:Core/Src/stm32f1xx_it.c ****         uint32_t flushLen = rxIndex;
 225:Core/Src/stm32f1xx_it.c ****         vReceiveDataQueueSendISRTask(rxBuffer, &flushLen);
 226:Core/Src/stm32f1xx_it.c ****         rxIndex = 0;
 227:Core/Src/stm32f1xx_it.c ****           rxBuffer[rxIndex++] = byte;
 228:Core/Src/stm32f1xx_it.c ****       }
 229:Core/Src/stm32f1xx_it.c ****   }
 230:Core/Src/stm32f1xx_it.c **** 
 231:Core/Src/stm32f1xx_it.c ****   if (sr & USART_SR_IDLE)
 293              		.loc 1 231 3 is_stmt 1 view .LVU47
 294              		.loc 1 231 6 is_stmt 0 view .LVU48
 295 0024 14F0100F 		tst	r4, #16
 296 0028 06D0     		beq	.L21
ARM GAS  C:\Users\Administrator\AppData\Local\Temp\ccADFwdi.s 			page 10


 297              	.LBB4:
 232:Core/Src/stm32f1xx_it.c ****   {
 233:Core/Src/stm32f1xx_it.c ****       volatile uint32_t tmp = USART1->DR;
 298              		.loc 1 233 7 is_stmt 1 view .LVU49
 299              		.loc 1 233 37 is_stmt 0 view .LVU50
 300 002a 0F4B     		ldr	r3, .L27
 301 002c 5B68     		ldr	r3, [r3, #4]
 302              		.loc 1 233 25 view .LVU51
 303 002e 0193     		str	r3, [sp, #4]
 234:Core/Src/stm32f1xx_it.c ****       (void)tmp;
 304              		.loc 1 234 7 is_stmt 1 view .LVU52
 305 0030 019B     		ldr	r3, [sp, #4]
 235:Core/Src/stm32f1xx_it.c **** 
 236:Core/Src/stm32f1xx_it.c ****       if (rxIndex > 0)
 306              		.loc 1 236 7 view .LVU53
 307              		.loc 1 236 19 is_stmt 0 view .LVU54
 308 0032 0E4B     		ldr	r3, .L27+4
 309 0034 1B68     		ldr	r3, [r3]
 310              		.loc 1 236 10 view .LVU55
 311 0036 73B9     		cbnz	r3, .L26
 312              	.LVL5:
 313              	.L21:
 314              		.loc 1 236 10 view .LVU56
 315              	.LBE4:
 237:Core/Src/stm32f1xx_it.c ****       {
 238:Core/Src/stm32f1xx_it.c ****           vReceiveDataQueueSendISRTask(rxBuffer, &rxIndex);
 239:Core/Src/stm32f1xx_it.c ****           rxIndex = 0;
 240:Core/Src/stm32f1xx_it.c ****       }
 241:Core/Src/stm32f1xx_it.c ****   }
 242:Core/Src/stm32f1xx_it.c **** }
 316              		.loc 1 242 1 view .LVU57
 317 0038 02B0     		add	sp, sp, #8
 318              	.LCFI4:
 319              		.cfi_remember_state
 320              		.cfi_def_cfa_offset 16
 321              		@ sp needed
 322 003a 70BD     		pop	{r4, r5, r6, pc}
 323              	.LVL6:
 324              	.L23:
 325              	.LCFI5:
 326              		.cfi_restore_state
 327              	.LBB5:
 328              	.LBB3:
 224:Core/Src/stm32f1xx_it.c ****         vReceiveDataQueueSendISRTask(rxBuffer, &flushLen);
 329              		.loc 1 224 9 is_stmt 1 view .LVU58
 224:Core/Src/stm32f1xx_it.c ****         vReceiveDataQueueSendISRTask(rxBuffer, &flushLen);
 330              		.loc 1 224 18 is_stmt 0 view .LVU59
 331 003c 0193     		str	r3, [sp, #4]
 225:Core/Src/stm32f1xx_it.c ****         rxIndex = 0;
 332              		.loc 1 225 9 is_stmt 1 view .LVU60
 333 003e 0C4E     		ldr	r6, .L27+8
 334 0040 01A9     		add	r1, sp, #4
 335 0042 3046     		mov	r0, r6
 336 0044 FFF7FEFF 		bl	vReceiveDataQueueSendISRTask
 337              	.LVL7:
 226:Core/Src/stm32f1xx_it.c ****           rxBuffer[rxIndex++] = byte;
 338              		.loc 1 226 9 view .LVU61
ARM GAS  C:\Users\Administrator\AppData\Local\Temp\ccADFwdi.s 			page 11


 226:Core/Src/stm32f1xx_it.c ****           rxBuffer[rxIndex++] = byte;
 339              		.loc 1 226 17 is_stmt 0 view .LVU62
 340 0048 084B     		ldr	r3, .L27+4
 341 004a 0022     		movs	r2, #0
 342 004c 1A60     		str	r2, [r3]
 227:Core/Src/stm32f1xx_it.c ****       }
 343              		.loc 1 227 11 is_stmt 1 view .LVU63
 227:Core/Src/stm32f1xx_it.c ****       }
 344              		.loc 1 227 27 is_stmt 0 view .LVU64
 345 004e 0122     		movs	r2, #1
 346 0050 1A60     		str	r2, [r3]
 227:Core/Src/stm32f1xx_it.c ****       }
 347              		.loc 1 227 31 view .LVU65
 348 0052 3570     		strb	r5, [r6]
 349 0054 E6E7     		b	.L22
 350              	.LVL8:
 351              	.L26:
 227:Core/Src/stm32f1xx_it.c ****       }
 352              		.loc 1 227 31 view .LVU66
 353              	.LBE3:
 354              	.LBE5:
 355              	.LBB6:
 238:Core/Src/stm32f1xx_it.c ****           rxIndex = 0;
 356              		.loc 1 238 11 is_stmt 1 view .LVU67
 357 0056 054C     		ldr	r4, .L27+4
 358              	.LVL9:
 238:Core/Src/stm32f1xx_it.c ****           rxIndex = 0;
 359              		.loc 1 238 11 is_stmt 0 view .LVU68
 360 0058 2146     		mov	r1, r4
 361 005a 0548     		ldr	r0, .L27+8
 362 005c FFF7FEFF 		bl	vReceiveDataQueueSendISRTask
 363              	.LVL10:
 239:Core/Src/stm32f1xx_it.c ****       }
 364              		.loc 1 239 11 is_stmt 1 view .LVU69
 239:Core/Src/stm32f1xx_it.c ****       }
 365              		.loc 1 239 19 is_stmt 0 view .LVU70
 366 0060 0023     		movs	r3, #0
 367 0062 2360     		str	r3, [r4]
 368              	.LBE6:
 369              		.loc 1 242 1 view .LVU71
 370 0064 E8E7     		b	.L21
 371              	.L28:
 372 0066 00BF     		.align	2
 373              	.L27:
 374 0068 00380140 		.word	1073821696
 375 006c 00000000 		.word	rxIndex.1
 376 0070 00000000 		.word	rxBuffer.0
 377              		.cfi_endproc
 378              	.LFE88:
 380              		.section	.bss.rxBuffer.0,"aw",%nobits
 381              		.align	2
 384              	rxBuffer.0:
 385 0000 00000000 		.space	256
 385      00000000 
 385      00000000 
 385      00000000 
 385      00000000 
ARM GAS  C:\Users\Administrator\AppData\Local\Temp\ccADFwdi.s 			page 12


 386              		.section	.bss.rxIndex.1,"aw",%nobits
 387              		.align	2
 390              	rxIndex.1:
 391 0000 00000000 		.space	4
 392              		.text
 393              	.Letext0:
 394              		.file 2 "D:/gcc-arm/14.3 rel1/arm-none-eabi/include/machine/_default_types.h"
 395              		.file 3 "D:/gcc-arm/14.3 rel1/arm-none-eabi/include/sys/_stdint.h"
 396              		.file 4 "Drivers/CMSIS/Device/ST/STM32F1xx/Include/stm32f103xg.h"
 397              		.file 5 "Drivers/STM32F1xx_HAL_Driver/Inc/stm32f1xx_hal_def.h"
 398              		.file 6 "Drivers/STM32F1xx_HAL_Driver/Inc/stm32f1xx_hal_dma.h"
 399              		.file 7 "Drivers/STM32F1xx_HAL_Driver/Inc/stm32f1xx_hal_tim.h"
 400              		.file 8 "UserAPP/Include/ReceiveDataProcess.h"
ARM GAS  C:\Users\Administrator\AppData\Local\Temp\ccADFwdi.s 			page 13


DEFINED SYMBOLS
                            *ABS*:00000000 stm32f1xx_it.c
C:\Users\Administrator\AppData\Local\Temp\ccADFwdi.s:19     .text.NMI_Handler:00000000 $t
C:\Users\Administrator\AppData\Local\Temp\ccADFwdi.s:25     .text.NMI_Handler:00000000 NMI_Handler
C:\Users\Administrator\AppData\Local\Temp\ccADFwdi.s:42     .text.HardFault_Handler:00000000 $t
C:\Users\Administrator\AppData\Local\Temp\ccADFwdi.s:48     .text.HardFault_Handler:00000000 HardFault_Handler
C:\Users\Administrator\AppData\Local\Temp\ccADFwdi.s:65     .text.MemManage_Handler:00000000 $t
C:\Users\Administrator\AppData\Local\Temp\ccADFwdi.s:71     .text.MemManage_Handler:00000000 MemManage_Handler
C:\Users\Administrator\AppData\Local\Temp\ccADFwdi.s:88     .text.BusFault_Handler:00000000 $t
C:\Users\Administrator\AppData\Local\Temp\ccADFwdi.s:94     .text.BusFault_Handler:00000000 BusFault_Handler
C:\Users\Administrator\AppData\Local\Temp\ccADFwdi.s:111    .text.UsageFault_Handler:00000000 $t
C:\Users\Administrator\AppData\Local\Temp\ccADFwdi.s:117    .text.UsageFault_Handler:00000000 UsageFault_Handler
C:\Users\Administrator\AppData\Local\Temp\ccADFwdi.s:134    .text.DebugMon_Handler:00000000 $t
C:\Users\Administrator\AppData\Local\Temp\ccADFwdi.s:140    .text.DebugMon_Handler:00000000 DebugMon_Handler
C:\Users\Administrator\AppData\Local\Temp\ccADFwdi.s:153    .text.DMA1_Channel1_IRQHandler:00000000 $t
C:\Users\Administrator\AppData\Local\Temp\ccADFwdi.s:159    .text.DMA1_Channel1_IRQHandler:00000000 DMA1_Channel1_IRQHandler
C:\Users\Administrator\AppData\Local\Temp\ccADFwdi.s:179    .text.DMA1_Channel1_IRQHandler:0000000c $d
C:\Users\Administrator\AppData\Local\Temp\ccADFwdi.s:184    .text.USB_LP_CAN1_RX0_IRQHandler:00000000 $t
C:\Users\Administrator\AppData\Local\Temp\ccADFwdi.s:190    .text.USB_LP_CAN1_RX0_IRQHandler:00000000 USB_LP_CAN1_RX0_IRQHandler
C:\Users\Administrator\AppData\Local\Temp\ccADFwdi.s:203    .text.TIM6_IRQHandler:00000000 $t
C:\Users\Administrator\AppData\Local\Temp\ccADFwdi.s:209    .text.TIM6_IRQHandler:00000000 TIM6_IRQHandler
C:\Users\Administrator\AppData\Local\Temp\ccADFwdi.s:229    .text.TIM6_IRQHandler:0000000c $d
C:\Users\Administrator\AppData\Local\Temp\ccADFwdi.s:234    .text.USART1_IRQHandler:00000000 $t
C:\Users\Administrator\AppData\Local\Temp\ccADFwdi.s:240    .text.USART1_IRQHandler:00000000 USART1_IRQHandler
C:\Users\Administrator\AppData\Local\Temp\ccADFwdi.s:374    .text.USART1_IRQHandler:00000068 $d
C:\Users\Administrator\AppData\Local\Temp\ccADFwdi.s:390    .bss.rxIndex.1:00000000 rxIndex.1
C:\Users\Administrator\AppData\Local\Temp\ccADFwdi.s:384    .bss.rxBuffer.0:00000000 rxBuffer.0
C:\Users\Administrator\AppData\Local\Temp\ccADFwdi.s:381    .bss.rxBuffer.0:00000000 $d
C:\Users\Administrator\AppData\Local\Temp\ccADFwdi.s:387    .bss.rxIndex.1:00000000 $d

UNDEFINED SYMBOLS
HAL_DMA_IRQHandler
hdma_adc1
HAL_TIM_IRQHandler
htim6
vReceiveDataQueueSendISRTask
